Archive member included to satisfy reference by file (symbol)

/usr/lib/gcc/arm-none-eabi/12.2.1/thumb/v6-m/nofp/libgcc.a(_dvmd_tls.o)
                              CMakeFiles/main.dir/home/michael/northwesternCourses/mech433/pico/pico-sdk/src/rp2_common/pico_divider/divider.S.obj (__aeabi_idiv0)
/usr/lib/gcc/arm-none-eabi/12.2.1/../../../arm-none-eabi/lib/thumb/v6-m/nofp/libc.a(lib_a-atexit.o)
                              /usr/lib/gcc/arm-none-eabi/12.2.1/../../../arm-none-eabi/lib/thumb/v6-m/nofp/crt0.o (atexit)
/usr/lib/gcc/arm-none-eabi/12.2.1/../../../arm-none-eabi/lib/thumb/v6-m/nofp/libc.a(lib_a-calloc.o)
                              CMakeFiles/main.dir/home/michael/northwesternCourses/mech433/pico/pico-sdk/src/rp2_common/pico_malloc/pico_malloc.c.obj (calloc)
/usr/lib/gcc/arm-none-eabi/12.2.1/../../../arm-none-eabi/lib/thumb/v6-m/nofp/libc.a(lib_a-callocr.o)
                              /usr/lib/gcc/arm-none-eabi/12.2.1/../../../arm-none-eabi/lib/thumb/v6-m/nofp/libc.a(lib_a-calloc.o) (_calloc_r)
/usr/lib/gcc/arm-none-eabi/12.2.1/../../../arm-none-eabi/lib/thumb/v6-m/nofp/libc.a(lib_a-fini.o)
                              /usr/lib/gcc/arm-none-eabi/12.2.1/../../../arm-none-eabi/lib/thumb/v6-m/nofp/crt0.o (__libc_fini_array)
/usr/lib/gcc/arm-none-eabi/12.2.1/../../../arm-none-eabi/lib/thumb/v6-m/nofp/libc.a(lib_a-impure.o)
                              /usr/lib/gcc/arm-none-eabi/12.2.1/../../../arm-none-eabi/lib/thumb/v6-m/nofp/libc.a(lib_a-calloc.o) (_impure_ptr)
/usr/lib/gcc/arm-none-eabi/12.2.1/../../../arm-none-eabi/lib/thumb/v6-m/nofp/libc.a(lib_a-init.o)
                              /usr/lib/gcc/arm-none-eabi/12.2.1/../../../arm-none-eabi/lib/thumb/v6-m/nofp/crt0.o (__libc_init_array)
/usr/lib/gcc/arm-none-eabi/12.2.1/../../../arm-none-eabi/lib/thumb/v6-m/nofp/libc.a(lib_a-malloc.o)
                              CMakeFiles/main.dir/home/michael/northwesternCourses/mech433/pico/pico-sdk/src/rp2_common/pico_malloc/pico_malloc.c.obj (malloc)
/usr/lib/gcc/arm-none-eabi/12.2.1/../../../arm-none-eabi/lib/thumb/v6-m/nofp/libc.a(lib_a-mallocr.o)
                              /usr/lib/gcc/arm-none-eabi/12.2.1/../../../arm-none-eabi/lib/thumb/v6-m/nofp/libc.a(lib_a-callocr.o) (_malloc_r)
/usr/lib/gcc/arm-none-eabi/12.2.1/../../../arm-none-eabi/lib/thumb/v6-m/nofp/libc.a(lib_a-mlock.o)
                              /usr/lib/gcc/arm-none-eabi/12.2.1/../../../arm-none-eabi/lib/thumb/v6-m/nofp/libc.a(lib_a-mallocr.o) (__malloc_lock)
/usr/lib/gcc/arm-none-eabi/12.2.1/../../../arm-none-eabi/lib/thumb/v6-m/nofp/libc.a(lib_a-realloc.o)
                              CMakeFiles/main.dir/home/michael/northwesternCourses/mech433/pico/pico-sdk/src/rp2_common/pico_malloc/pico_malloc.c.obj (realloc)
/usr/lib/gcc/arm-none-eabi/12.2.1/../../../arm-none-eabi/lib/thumb/v6-m/nofp/libc.a(lib_a-reallocr.o)
                              /usr/lib/gcc/arm-none-eabi/12.2.1/../../../arm-none-eabi/lib/thumb/v6-m/nofp/libc.a(lib_a-realloc.o) (_realloc_r)
/usr/lib/gcc/arm-none-eabi/12.2.1/../../../arm-none-eabi/lib/thumb/v6-m/nofp/libc.a(lib_a-sbrkr.o)
                              /usr/lib/gcc/arm-none-eabi/12.2.1/../../../arm-none-eabi/lib/thumb/v6-m/nofp/libc.a(lib_a-mallocr.o) (_sbrk_r)
/usr/lib/gcc/arm-none-eabi/12.2.1/../../../arm-none-eabi/lib/thumb/v6-m/nofp/libc.a(lib_a-scanf.o)
                              CMakeFiles/main.dir/main.c.obj (scanf)
/usr/lib/gcc/arm-none-eabi/12.2.1/../../../arm-none-eabi/lib/thumb/v6-m/nofp/libc.a(lib_a-strlen-stub.o)
                              CMakeFiles/main.dir/home/michael/northwesternCourses/mech433/pico/pico-sdk/src/rp2_common/pico_stdio/stdio.c.obj (strlen)
/usr/lib/gcc/arm-none-eabi/12.2.1/../../../arm-none-eabi/lib/thumb/v6-m/nofp/libc.a(lib_a-vfscanf.o)
                              /usr/lib/gcc/arm-none-eabi/12.2.1/../../../arm-none-eabi/lib/thumb/v6-m/nofp/libc.a(lib_a-scanf.o) (_vfscanf_r)
/usr/lib/gcc/arm-none-eabi/12.2.1/../../../arm-none-eabi/lib/thumb/v6-m/nofp/libc.a(lib_a-__atexit.o)
                              /usr/lib/gcc/arm-none-eabi/12.2.1/../../../arm-none-eabi/lib/thumb/v6-m/nofp/libc.a(lib_a-atexit.o) (__register_exitproc)
/usr/lib/gcc/arm-none-eabi/12.2.1/../../../arm-none-eabi/lib/thumb/v6-m/nofp/libc.a(lib_a-ctype_.o)
                              /usr/lib/gcc/arm-none-eabi/12.2.1/../../../arm-none-eabi/lib/thumb/v6-m/nofp/libc.a(lib_a-vfscanf.o) (_ctype_)
/usr/lib/gcc/arm-none-eabi/12.2.1/../../../arm-none-eabi/lib/thumb/v6-m/nofp/libc.a(lib_a-findfp.o)
                              /usr/lib/gcc/arm-none-eabi/12.2.1/../../../arm-none-eabi/lib/thumb/v6-m/nofp/libc.a(lib_a-vfscanf.o) (__sinit)
/usr/lib/gcc/arm-none-eabi/12.2.1/../../../arm-none-eabi/lib/thumb/v6-m/nofp/libc.a(lib_a-fread.o)
                              /usr/lib/gcc/arm-none-eabi/12.2.1/../../../arm-none-eabi/lib/thumb/v6-m/nofp/libc.a(lib_a-vfscanf.o) (_fread_r)
/usr/lib/gcc/arm-none-eabi/12.2.1/../../../arm-none-eabi/lib/thumb/v6-m/nofp/libc.a(lib_a-freer.o)
[...]
Memory Configuration

Name             Origin             Length             Attributes
FLASH            0x0000000010000000 0x0000000000200000 xr
RAM              0x0000000020000000 0x0000000000040000 xrw
SCRATCH_X        0x0000000020040000 0x0000000000001000 xrw
SCRATCH_Y        0x0000000020041000 0x0000000000001000 xrw
*default*        0x0000000000000000 0xffffffffffffffff

Linker script and memory map

LOAD /usr/lib/gcc/arm-none-eabi/12.2.1/thumb/v6-m/nofp/crti.o
LOAD /usr/lib/gcc/arm-none-eabi/12.2.1/thumb/v6-m/nofp/crtbegin.o
LOAD /usr/lib/gcc/arm-none-eabi/12.2.1/../../../arm-none-eabi/lib/thumb/v6-m/nofp/crt0.o

.flash_begin    0x0000000010000000        0x0
                0x0000000010000000                __flash_binary_start = .

.boot2          0x0000000010000000      0x100
                0x0000000010000000                __boot2_start__ = .
 *(.boot2)
 .boot2         0x0000000010000000      0x100 /tmp/cc6IgAGx.o
                0x0000000010000100                __boot2_end__ = .
                0x0000000000000001                ASSERT (((__boot2_end__ - __boot2_start__) == 0x100), ERROR: Pico second stage bootloader must be 256 bytes in size)

.text           0x0000000010000100     0xca00
                0x0000000010000100                __logical_binary_start = .
 *(.vectors)
 .vectors       0x0000000010000100       0xd4 CMakeFiles/main.dir/home/michael/northwesternCourses/mech433/pico/pico-sdk/src/rp2_common/pico_standard_link/crt0.S.obj
                0x0000000010000100                __vectors
                0x0000000010000100                __VECTOR_TABLE
                0x00000000100001c0                isr_invalid
                0x00000000100001c0                __default_isrs_start
                0x00000000100001c2                isr_nmi
                0x00000000100001c4                isr_hardfault
                0x00000000100001c6                isr_svcall
                0x00000000100001c8                isr_pendsv
                0x00000000100001ca                isr_systick
                0x00000000100001cc                isr_irq30
                0x00000000100001cc                __unhandled_user_irq
                0x00000000100001cc                isr_irq13
                0x00000000100001cc                isr_irq27
                0x00000000100001cc                isr_irq31
                0x00000000100001cc                isr_irq5
                0x00000000100001cc                isr_irq11
                0x00000000100001cc                isr_irq23
                0x00000000100001cc                isr_irq18
                0x00000000100001cc                isr_irq28
                0x00000000100001cc                isr_irq19
                0x00000000100001cc                isr_irq0
                0x00000000100001cc                isr_irq6
                0x00000000100001cc                isr_irq22
                0x00000000100001cc                isr_irq17
                0x00000000100001cc                isr_irq14
                0x00000000100001cc                isr_irq2
                0x00000000100001cc                isr_irq10
                0x00000000100001cc                isr_irq8
                0x00000000100001cc                isr_irq24
                0x00000000100001cc                isr_irq1
                0x00000000100001cc                isr_irq7
                0x00000000100001cc                isr_irq21
                0x00000000100001cc                isr_irq20
                0x00000000100001cc                isr_irq15
                0x00000000100001cc                isr_irq25
                0x00000000100001cc                isr_irq4
                0x00000000100001cc                isr_irq16
                0x00000000100001cc                isr_irq29
                0x00000000100001cc                isr_irq26
                0x00000000100001cc                __default_isrs_end
                0x00000000100001cc                isr_irq3
                0x00000000100001cc                isr_irq12
                0x00000000100001cc                isr_irq9
                0x00000000100001d2                unhandled_user_irq_num_in_r0
 *(.binary_info_header)
 .binary_info_header
                0x00000000100001d4       0x14 CMakeFiles/main.dir/home/michael/northwesternCourses/mech433/pico/pico-sdk/src/rp2_common/pico_standard_link/crt0.S.obj
                0x00000000100001e8                __binary_info_header_end = .
 *(.reset)
 .reset         0x00000000100001e8       0xa0 CMakeFiles/main.dir/home/michael/northwesternCourses/mech433/pico/pico-sdk/src/rp2_common/pico_standard_link/crt0.S.obj
                0x00000000100001e8                _entry_point
 .reset         0x0000000010000288       0x30 CMakeFiles/main.dir/home/michael/northwesternCourses/mech433/pico/pico-sdk/src/rp2_common/pico_standard_link/binary_info.c.obj
 *(.init)
 .init          0x00000000100002b8        0x4 /usr/lib/gcc/arm-none-eabi/12.2.1/thumb/v6-m/nofp/crti.o
                0x00000000100002b8                _init
 *(EXCLUDE_FILE(*libm.a: *libc.a:*lib_a-mem*.o *libgcc.a:) .text*)
 .text          0x00000000100002bc       0x98 /usr/lib/gcc/arm-none-eabi/12.2.1/thumb/v6-m/nofp/crtbegin.o
 .text.on_uart_rx
                0x0000000010000354       0x6c CMakeFiles/main.dir/main.c.obj
                0x0000000010000354                on_uart_rx
 .text.uart_setup
                0x00000000100003c0       0xcc CMakeFiles/main.dir/main.c.obj
                0x00000000100003c0                uart_setup
 .text.startup.main
                0x000000001000048c       0xe8 CMakeFiles/main.dir/main.c.obj
                0x000000001000048c                main
 .text.gpio_set_function
                0x0000000010000574       0x30 CMakeFiles/main.dir/home/michael/northwesternCourses/mech433/pico/pico-sdk/src/rp2_common/hardware_gpio/gpio.c.obj
                0x0000000010000574                gpio_set_function
 .text.running_on_fpga
                0x00000000100005a4       0x10 CMakeFiles/main.dir/home/michael/northwesternCourses/mech433/pico/pico-sdk/src/rp2_common/pico_platform/platform.c.obj
                0x00000000100005a4                running_on_fpga
 .text.hw_claim_or_assert
                0x00000000100005b4       0x44 CMakeFiles/main.dir/home/michael/northwesternCourses/mech433/pico/pico-sdk/src/rp2_common/hardware_claim/claim.c.obj
                0x00000000100005b4                hw_claim_or_assert
 .text.hw_claim_unused_from_range
                0x00000000100005f8       0x9c CMakeFiles/main.dir/home/michael/northwesternCourses/mech433/pico/pico-sdk/src/rp2_common/hardware_claim/claim.c.obj
                0x00000000100005f8                hw_claim_unused_from_range
 .text.spin_locks_reset
                0x0000000010000694       0x1c CMakeFiles/main.dir/home/michael/northwesternCourses/mech433/pico/pico-sdk/src/rp2_common/hardware_sync/sync.c.obj
                0x0000000010000694                spin_locks_reset
 .text.next_striped_spin_lock_num
                0x00000000100006b0       0x18 CMakeFiles/main.dir/home/michael/northwesternCourses/mech433/pico/pico-sdk/src/rp2_common/hardware_sync/sync.c.obj
                0x00000000100006b0                next_striped_spin_lock_num
 .text.spin_lock_claim_unused
                0x00000000100006c8       0x24 CMakeFiles/main.dir/home/michael/northwesternCourses/mech433/pico/pico-sdk/src/rp2_common/hardware_sync/sync.c.obj
                0x00000000100006c8                spin_lock_claim_unused
 .text.irq_set_enabled
                0x00000000100006ec       0x24 CMakeFiles/main.dir/home/michael/northwesternCourses/mech433/pico/pico-sdk/src/rp2_common/hardware_irq/irq.c.obj
                0x00000000100006ec                irq_set_enabled
 .text.irq_set_pending
                0x0000000010000710       0x10 CMakeFiles/main.dir/home/michael/northwesternCourses/mech433/pico/pico-sdk/src/rp2_common/hardware_irq/irq.c.obj
                0x0000000010000710                irq_set_pending
 .text.irq_has_shared_handler
                0x0000000010000720       0x2c CMakeFiles/main.dir/home/michael/northwesternCourses/mech433/pico/pico-sdk/src/rp2_common/hardware_irq/irq.c.obj
                0x0000000010000720                irq_has_shared_handler
 .text.irq_get_vtable_handler
                0x000000001000074c       0x10 CMakeFiles/main.dir/home/michael/northwesternCourses/mech433/pico/pico-sdk/src/rp2_common/hardware_irq/irq.c.obj
                0x000000001000074c                irq_get_vtable_handler
 .text.irq_set_exclusive_handler
                0x000000001000075c       0x54 CMakeFiles/main.dir/home/michael/northwesternCourses/mech433/pico/pico-sdk/src/rp2_common/hardware_irq/irq.c.obj
                0x000000001000075c                irq_set_exclusive_handler
 .text.irq_add_shared_handler
                0x00000000100007b0      0x1f4 CMakeFiles/main.dir/home/michael/northwesternCourses/mech433/pico/pico-sdk/src/rp2_common/hardware_irq/irq.c.obj
                0x00000000100007b0                irq_add_shared_handler
 .text.irq_remove_handler
                0x00000000100009a4      0x1c4 CMakeFiles/main.dir/home/michael/northwesternCourses/mech433/pico/pico-sdk/src/rp2_common/hardware_irq/irq.c.obj
                0x00000000100009a4                irq_remove_handler
 .text.irq_add_tail_to_free_list
                0x0000000010000b68       0xb4 CMakeFiles/main.dir/home/michael/northwesternCourses/mech433/pico/pico-sdk/src/rp2_common/hardware_irq/irq.c.obj
                0x0000000010000b68                irq_add_tail_to_free_list
 .text.irq_init_priorities
                0x0000000010000c1c       0x24 CMakeFiles/main.dir/home/michael/northwesternCourses/mech433/pico/pico-sdk/src/rp2_common/hardware_irq/irq.c.obj
                0x0000000010000c1c                irq_init_priorities
 .text.user_irq_claim_unused
                0x0000000010000c40       0x2c CMakeFiles/main.dir/home/michael/northwesternCourses/mech433/pico/pico-sdk/src/rp2_common/hardware_irq/irq.c.obj
                0x0000000010000c40                user_irq_claim_unused
 .text.lock_init
                0x0000000010000c6c       0x10 CMakeFiles/main.dir/home/michael/northwesternCourses/mech433/pico/pico-sdk/src/common/pico_sync/lock_core.c.obj
                0x0000000010000c6c                lock_init
 .text.mutex_init
                0x0000000010000c7c       0x1c CMakeFiles/main.dir/home/michael/northwesternCourses/mech433/pico/pico-sdk/src/common/pico_sync/mutex.c.obj
                0x0000000010000c7c                mutex_init
 .text.recursive_mutex_init
                0x0000000010000c98       0x1c CMakeFiles/main.dir/home/michael/northwesternCourses/mech433/pico/pico-sdk/src/common/pico_sync/mutex.c.obj
                0x0000000010000c98                recursive_mutex_init
 .text.critical_section_init
                0x0000000010000cb4       0x1c CMakeFiles/main.dir/home/michael/northwesternCourses/mech433/pico/pico-sdk/src/common/pico_sync/critical_section.c.obj
                0x0000000010000cb4                critical_section_init
 .text.critical_section_init_with_lock_num
                0x0000000010000cd0       0x14 CMakeFiles/main.dir/home/michael/northwesternCourses/mech433/pico/pico-sdk/src/common/pico_sync/critical_section.c.obj
                0x0000000010000cd0                critical_section_init_with_lock_num
 .text.timer_pool_entry_comparator
                0x0000000010000ce4       0x34 CMakeFiles/main.dir/home/michael/northwesternCourses/mech433/pico/pico-sdk/src/common/pico_time/time.c.obj
                0x0000000010000ce4                timer_pool_entry_comparator
 .text.sleep_until_callback
                0x0000000010000d18       0x30 CMakeFiles/main.dir/home/michael/northwesternCourses/mech433/pico/pico-sdk/src/common/pico_time/time.c.obj
 .text.add_alarm_under_lock.isra.0
                0x0000000010000d48      0x100 CMakeFiles/main.dir/home/michael/northwesternCourses/mech433/pico/pico-sdk/src/common/pico_time/time.c.obj
 .text.alarm_pool_alarm_callback
                0x0000000010000e48      0x1c0 CMakeFiles/main.dir/home/michael/northwesternCourses/mech433/pico/pico-sdk/src/common/pico_time/time.c.obj
 .text.alarm_pool_init_default
                0x0000000010001008       0x6c CMakeFiles/main.dir/home/michael/northwesternCourses/mech433/pico/pico-sdk/src/common/pico_time/time.c.obj
                0x0000000010001008                alarm_pool_init_default
 .text.alarm_pool_get_default
                0x0000000010001074        0x8 CMakeFiles/main.dir/home/michael/northwesternCourses/mech433/pico/pico-sdk/src/common/pico_time/time.c.obj
                0x0000000010001074                alarm_pool_get_default
 .text.alarm_pool_add_alarm_at
                0x000000001000107c      0x188 CMakeFiles/main.dir/home/michael/northwesternCourses/mech433/pico/pico-sdk/src/common/pico_time/time.c.obj
                0x000000001000107c                alarm_pool_add_alarm_at
 .text.alarm_pool_core_num
                0x0000000010001204        0x4 CMakeFiles/main.dir/home/michael/northwesternCourses/mech433/pico/pico-sdk/src/common/pico_time/time.c.obj
                0x0000000010001204                alarm_pool_core_num
 .text.best_effort_wfe_or_timeout
                0x0000000010001208       0xec CMakeFiles/main.dir/home/michael/northwesternCourses/mech433/pico/pico-sdk/src/common/pico_time/time.c.obj
                0x0000000010001208                best_effort_wfe_or_timeout
 .text.hardware_alarm_irq_handler
                0x00000000100012f4       0xbc CMakeFiles/main.dir/home/michael/northwesternCourses/mech433/pico/pico-sdk/src/rp2_common/hardware_timer/timer.c.obj
 .text.hardware_alarm_claim
                0x00000000100013b0       0x18 CMakeFiles/main.dir/home/michael/northwesternCourses/mech433/pico/pico-sdk/src/rp2_common/hardware_timer/timer.c.obj
                0x00000000100013b0                hardware_alarm_claim
 .text.time_us_64
                0x00000000100013c8       0x14 CMakeFiles/main.dir/home/michael/northwesternCourses/mech433/pico/pico-sdk/src/rp2_common/hardware_timer/timer.c.obj
                0x00000000100013c8                time_us_64
 .text.busy_wait_us
                0x00000000100013dc       0x68 CMakeFiles/main.dir/home/michael/northwesternCourses/mech433/pico/pico-sdk/src/rp2_common/hardware_timer/timer.c.obj
                0x00000000100013dc                busy_wait_us
 .text.hardware_alarm_set_callback
                0x0000000010001444       0x8c CMakeFiles/main.dir/home/michael/northwesternCourses/mech433/pico/pico-sdk/src/rp2_common/hardware_timer/timer.c.obj
                0x0000000010001444                hardware_alarm_set_callback
 .text.hardware_alarm_set_target
                0x00000000100014d0       0xd0 CMakeFiles/main.dir/home/michael/northwesternCourses/mech433/pico/pico-sdk/src/rp2_common/hardware_timer/timer.c.obj
                0x00000000100014d0                hardware_alarm_set_target
 .text.hardware_alarm_cancel
                0x00000000100015a0       0x3c CMakeFiles/main.dir/home/michael/northwesternCourses/mech433/pico/pico-sdk/src/rp2_common/hardware_timer/timer.c.obj
                0x00000000100015a0                hardware_alarm_cancel
 .text.ph_merge_nodes
                0x00000000100015dc       0x64 CMakeFiles/main.dir/home/michael/northwesternCourses/mech433/pico/pico-sdk/src/common/pico_util/pheap.c.obj
 .text.ph_post_alloc_init
                0x0000000010001640       0x3c CMakeFiles/main.dir/home/michael/northwesternCourses/mech433/pico/pico-sdk/src/common/pico_util/pheap.c.obj
                0x0000000010001640                ph_post_alloc_init
 .text.ph_merge_two_pass
                0x000000001000167c       0x98 CMakeFiles/main.dir/home/michael/northwesternCourses/mech433/pico/pico-sdk/src/common/pico_util/pheap.c.obj
                0x000000001000167c                ph_merge_two_pass
 .text.ph_remove_any_head
                0x0000000010001714      0x100 CMakeFiles/main.dir/home/michael/northwesternCourses/mech433/pico/pico-sdk/src/common/pico_util/pheap.c.obj
 .text.ph_remove_head
                0x0000000010001814      0x104 CMakeFiles/main.dir/home/michael/northwesternCourses/mech433/pico/pico-sdk/src/common/pico_util/pheap.c.obj
                0x0000000010001814                ph_remove_head
 .text.ph_remove_and_free_node
                0x0000000010001918       0x78 CMakeFiles/main.dir/home/michael/northwesternCourses/mech433/pico/pico-sdk/src/common/pico_util/pheap.c.obj
                0x0000000010001918                ph_remove_and_free_node
 .text.uart_init
                0x0000000010001990      0x188 CMakeFiles/main.dir/home/michael/northwesternCourses/mech433/pico/pico-sdk/src/rp2_common/hardware_uart/uart.c.obj
                0x0000000010001990                uart_init
 .text.uart_set_baudrate
                0x0000000010001b18       0xb8 CMakeFiles/main.dir/home/michael/northwesternCourses/mech433/pico/pico-sdk/src/rp2_common/hardware_uart/uart.c.obj
                0x0000000010001b18                uart_set_baudrate
 .text.uart_set_format
                0x0000000010001bd0       0x7c CMakeFiles/main.dir/home/michael/northwesternCourses/mech433/pico/pico-sdk/src/rp2_common/hardware_uart/uart.c.obj
                0x0000000010001bd0                uart_set_format
 .text.uart_set_fifo_enabled
                0x0000000010001c4c       0x60 CMakeFiles/main.dir/home/michael/northwesternCourses/mech433/pico/pico-sdk/src/rp2_common/hardware_uart/uart.c.obj
                0x0000000010001c4c                uart_set_fifo_enabled
 .text.clocks_init
                0x0000000010001cac      0x2c8 CMakeFiles/main.dir/home/michael/northwesternCourses/mech433/pico/pico-sdk/src/rp2_common/hardware_clocks/clocks.c.obj
                0x0000000010001cac                clocks_init
 .text.clock_get_hz
                0x0000000010001f74        0xc CMakeFiles/main.dir/home/michael/northwesternCourses/mech433/pico/pico-sdk/src/rp2_common/hardware_clocks/clocks.c.obj
                0x0000000010001f74                clock_get_hz
 .text.pll_init
                0x0000000010001f80       0xa0 CMakeFiles/main.dir/home/michael/northwesternCourses/mech433/pico/pico-sdk/src/rp2_common/hardware_pll/pll.c.obj
                0x0000000010001f80                pll_init
 .text.watchdog_start_tick
                0x0000000010002020       0x10 CMakeFiles/main.dir/home/michael/northwesternCourses/mech433/pico/pico-sdk/src/rp2_common/hardware_watchdog/watchdog.c.obj
                0x0000000010002020                watchdog_start_tick
 .text.watchdog_reboot
                0x0000000010002030       0x9c CMakeFiles/main.dir/home/michael/northwesternCourses/mech433/pico/pico-sdk/src/rp2_common/hardware_watchdog/watchdog.c.obj
                0x0000000010002030                watchdog_reboot
 .text.xosc_init
                0x00000000100020cc       0x28 CMakeFiles/main.dir/home/michael/northwesternCourses/mech433/pico/pico-sdk/src/rp2_common/hardware_xosc/xosc.c.obj
                0x00000000100020cc                xosc_init
 .text.runtime_init
                0x00000000100020f4       0xf0 CMakeFiles/main.dir/home/michael/northwesternCourses/mech433/pico/pico-sdk/src/rp2_common/pico_runtime/runtime.c.obj
                0x00000000100020f4                runtime_init
 .text._exit    0x00000000100021e4        0x4 CMakeFiles/main.dir/home/michael/northwesternCourses/mech433/pico/pico-sdk/src/rp2_common/pico_runtime/runtime.c.obj
                0x00000000100021e4                _exit
 .text._sbrk    0x00000000100021e8       0x34 CMakeFiles/main.dir/home/michael/northwesternCourses/mech433/pico/pico-sdk/src/rp2_common/pico_runtime/runtime.c.obj
                0x00000000100021e8                _sbrk
 .text.exit     0x000000001000221c        0x8 CMakeFiles/main.dir/home/michael/northwesternCourses/mech433/pico/pico-sdk/src/rp2_common/pico_runtime/runtime.c.obj
                0x000000001000221c                exit
 .text.__assert_func
                0x0000000010002224       0x38 CMakeFiles/main.dir/home/michael/northwesternCourses/mech433/pico/pico-sdk/src/rp2_common/pico_runtime/runtime.c.obj
                0x0000000010002224                __assert_func
 .text.panic    0x000000001000225c       0x30 CMakeFiles/main.dir/home/michael/northwesternCourses/mech433/pico/pico-sdk/src/rp2_common/pico_runtime/runtime.c.obj
                0x000000001000225c                panic
 .text.hard_assertion_failure
                0x000000001000228c        0xc CMakeFiles/main.dir/home/michael/northwesternCourses/mech433/pico/pico-sdk/src/rp2_common/pico_runtime/runtime.c.obj
                0x000000001000228c                hard_assertion_failure
 .text._out_buffer
                0x0000000010002298        0x8 CMakeFiles/main.dir/home/michael/northwesternCourses/mech433/pico/pico-sdk/src/rp2_common/pico_printf/printf.c.obj
 .text._out_null
                0x00000000100022a0        0x4 CMakeFiles/main.dir/home/michael/northwesternCourses/mech433/pico/pico-sdk/src/rp2_common/pico_printf/printf.c.obj
 .text._out_rev
                0x00000000100022a4       0x90 CMakeFiles/main.dir/home/michael/northwesternCourses/mech433/pico/pico-sdk/src/rp2_common/pico_printf/printf.c.obj
 .text._ntoa_format
                0x0000000010002334      0x1f4 CMakeFiles/main.dir/home/michael/northwesternCourses/mech433/pico/pico-sdk/src/rp2_common/pico_printf/printf.c.obj
 .text._out_char
                0x0000000010002528       0x10 CMakeFiles/main.dir/home/michael/northwesternCourses/mech433/pico/pico-sdk/src/rp2_common/pico_printf/printf.c.obj
 .text._out_fct
                0x0000000010002538       0x10 CMakeFiles/main.dir/home/michael/northwesternCourses/mech433/pico/pico-sdk/src/rp2_common/pico_printf/printf.c.obj
 .text._etoa    0x0000000010002548      0x454 CMakeFiles/main.dir/home/michael/northwesternCourses/mech433/pico/pico-sdk/src/rp2_common/pico_printf/printf.c.obj
 .text._ftoa    0x000000001000299c      0x3c4 CMakeFiles/main.dir/home/michael/northwesternCourses/mech433/pico/pico-sdk/src/rp2_common/pico_printf/printf.c.obj
 .text._vsnprintf
                0x0000000010002d60      0xb24 CMakeFiles/main.dir/home/michael/northwesternCourses/mech433/pico/pico-sdk/src/rp2_common/pico_printf/printf.c.obj
 .text.__wrap_sprintf
                0x0000000010003884       0x2c CMakeFiles/main.dir/home/michael/northwesternCourses/mech433/pico/pico-sdk/src/rp2_common/pico_printf/printf.c.obj
                0x0000000010003884                __wrap_sprintf
 .text.vfctprintf
                0x00000000100038b0       0x20 CMakeFiles/main.dir/home/michael/northwesternCourses/mech433/pico/pico-sdk/src/rp2_common/pico_printf/printf.c.obj
                0x00000000100038b0                vfctprintf
 .text.weak_raw_printf
                0x00000000100038d0       0x40 CMakeFiles/main.dir/home/michael/northwesternCourses/mech433/pico/pico-sdk/src/rp2_common/pico_printf/printf.c.obj
                0x00000000100038d0                weak_raw_printf
 .text.weak_raw_vprintf
                0x0000000010003910       0x30 CMakeFiles/main.dir/home/michael/northwesternCourses/mech433/pico/pico-sdk/src/rp2_common/pico_printf/printf.c.obj
                0x0000000010003910                weak_raw_vprintf
 .text          0x0000000010003940       0x10 CMakeFiles/main.dir/home/michael/northwesternCourses/mech433/pico/pico-sdk/src/rp2_common/pico_bit_ops/bit_ops_aeabi.S.obj
 .text.rom_func_lookup
                0x0000000010003950       0x10 CMakeFiles/main.dir/home/michael/northwesternCourses/mech433/pico/pico-sdk/src/rp2_common/pico_bootrom/bootrom.c.obj
                0x0000000010003950                rom_func_lookup
 .text.rom_data_lookup
                0x0000000010003960       0x10 CMakeFiles/main.dir/home/michael/northwesternCourses/mech433/pico/pico-sdk/src/rp2_common/pico_bootrom/bootrom.c.obj
                0x0000000010003960                rom_data_lookup
 .text.rom_funcs_lookup
                0x0000000010003970       0x44 CMakeFiles/main.dir/home/michael/northwesternCourses/mech433/pico/pico-sdk/src/rp2_common/pico_bootrom/bootrom.c.obj
                0x0000000010003970                rom_funcs_lookup
 .text.__wrap___aeabi_idiv
                0x00000000100039b4       0x50 CMakeFiles/main.dir/home/michael/northwesternCourses/mech433/pico/pico-sdk/src/rp2_common/pico_divider/divider.S.obj
                0x00000000100039b4                __wrap___aeabi_idivmod
                0x00000000100039b4                divmod_s32s32
                0x00000000100039b4                div_s32s32
                0x00000000100039b4                __wrap___aeabi_idiv
                0x00000000100039bc                divmod_s32s32_unsafe
                0x00000000100039e8                divmod_s32s32_savestate
 .text.__wrap___aeabi_uidiv
                0x0000000010003a04       0x4c CMakeFiles/main.dir/home/michael/northwesternCourses/mech433/pico/pico-sdk/src/rp2_common/pico_divider/divider.S.obj
                0x0000000010003a04                __wrap___aeabi_uidiv
                0x0000000010003a04                __wrap___aeabi_uidivmod
                0x0000000010003a04                div_u32u32
                0x0000000010003a04                divmod_u32u32
                0x0000000010003a0c                divmod_u32u32_unsafe
                0x0000000010003a34                divmod_u32u32_savestate
 .text.__wrap___aeabi_ldiv
                0x0000000010003a50      0x424 CMakeFiles/main.dir/home/michael/northwesternCourses/mech433/pico/pico-sdk/src/rp2_common/pico_divider/divider.S.obj
                0x0000000010003a50                div_s64s64
                0x0000000010003a50                divmod_s64s64
                0x0000000010003a50                __wrap___aeabi_ldivmod
                0x0000000010003a80                div_u64u64
                0x0000000010003a80                divmod_u64u64
                0x0000000010003a80                __wrap___aeabi_uldivmod
                0x0000000010003a90                divmod_u64u64_savestate
                0x0000000010003ab0                divmod_s64s64_unsafe
                0x0000000010003b38                divmod_u64u64_unsafe
 .text.__wrap___aeabi_darithmetic
                0x0000000010003e74       0x80 CMakeFiles/main.dir/home/michael/northwesternCourses/mech433/pico/pico-sdk/src/rp2_common/pico_double/double_aeabi.S.obj
                0x0000000010003e74                __wrap___aeabi_drsub
                0x0000000010003e7a                __wrap___aeabi_dsub
                0x0000000010003e8c                __wrap___aeabi_dadd
                0x0000000010003e9e                __wrap___aeabi_ddiv
                0x0000000010003eda                __wrap___aeabi_dmul
 .text.__wrap___aeabi_cdcmple
                0x0000000010003ef4       0x6c CMakeFiles/main.dir/home/michael/northwesternCourses/mech433/pico/pico-sdk/src/rp2_common/pico_double/double_aeabi.S.obj
                0x0000000010003ef4                __wrap___aeabi_cdrcmple
                0x0000000010003f04                __wrap___aeabi_cdcmple
                0x0000000010003f04                __wrap___aeabi_cdcmpeq
 .text.__wrap___aeabi_dcmpeq
                0x0000000010003f60       0x10 CMakeFiles/main.dir/home/michael/northwesternCourses/mech433/pico/pico-sdk/src/rp2_common/pico_double/double_aeabi.S.obj
                0x0000000010003f60                __wrap___aeabi_dcmpeq
 .text.__wrap___aeabi_dcmplt
                0x0000000010003f70        0xc CMakeFiles/main.dir/home/michael/northwesternCourses/mech433/pico/pico-sdk/src/rp2_common/pico_double/double_aeabi.S.obj
                0x0000000010003f70                __wrap___aeabi_dcmplt
 .text.__wrap___aeabi_dcmple
                0x0000000010003f7c       0x10 CMakeFiles/main.dir/home/michael/northwesternCourses/mech433/pico/pico-sdk/src/rp2_common/pico_double/double_aeabi.S.obj
                0x0000000010003f7c                __wrap___aeabi_dcmple
 .text.__wrap___aeabi_dcmpge
                0x0000000010003f8c       0x10 CMakeFiles/main.dir/home/michael/northwesternCourses/mech433/pico/pico-sdk/src/rp2_common/pico_double/double_aeabi.S.obj
                0x0000000010003f8c                __wrap___aeabi_dcmpge
 .text.__wrap___aeabi_dcmpgt
                0x0000000010003f9c        0xa CMakeFiles/main.dir/home/michael/northwesternCourses/mech433/pico/pico-sdk/src/rp2_common/pico_double/double_aeabi.S.obj
                0x0000000010003f9c                __wrap___aeabi_dcmpgt
 .text.__wrap___aeabi_dcmpun
                0x0000000010003fa6       0x1c CMakeFiles/main.dir/home/michael/northwesternCourses/mech433/pico/pico-sdk/src/rp2_common/pico_double/double_aeabi.S.obj
                0x0000000010003fa6                __wrap___aeabi_dcmpun
 *fill*         0x0000000010003fc2        0x2 
 .text.__wrap___aeabi_i2d
                0x0000000010003fc4       0x38 CMakeFiles/main.dir/home/michael/northwesternCourses/mech433/pico/pico-sdk/src/rp2_common/pico_double/double_aeabi.S.obj
                0x0000000010003fc4                __wrap___aeabi_ui2d
                0x0000000010003fcc                __wrap___aeabi_i2d
 .text.__wrap___aeabi_d2iz
                0x0000000010003ffc       0x48 CMakeFiles/main.dir/home/michael/northwesternCourses/mech433/pico/pico-sdk/src/rp2_common/pico_double/double_aeabi.S.obj
                0x0000000010003ffc                __wrap___aeabi_d2iz
                0x0000000010003ffc                double2int_z
 .text.__wrap___aeabi_d2uiz
                0x0000000010004044       0x18 CMakeFiles/main.dir/home/michael/northwesternCourses/mech433/pico/pico-sdk/src/rp2_common/pico_double/double_aeabi.S.obj
                0x0000000010004044                double2uint
                0x0000000010004044                __wrap___aeabi_d2uiz
 .text.__wrap___aeabi_l2d
                0x000000001000405c       0x18 CMakeFiles/main.dir/home/michael/northwesternCourses/mech433/pico/pico-sdk/src/rp2_common/pico_double/double_aeabi.S.obj
                0x000000001000405c                __wrap___aeabi_l2d
 .text.__wrap___aeabi_d2lz
                0x0000000010004074       0x26 CMakeFiles/main.dir/home/michael/northwesternCourses/mech433/pico/pico-sdk/src/rp2_common/pico_double/double_aeabi.S.obj
                0x0000000010004074                __wrap___aeabi_d2lz
                0x0000000010004074                double2int64_z
 *fill*         0x000000001000409a        0x2 
 .text.double2int64
                0x000000001000409c       0x18 CMakeFiles/main.dir/home/michael/northwesternCourses/mech433/pico/pico-sdk/src/rp2_common/pico_double/double_aeabi.S.obj
                0x000000001000409c                double2int64
 .text.double2ufix64
                0x00000000100040b4       0x18 CMakeFiles/main.dir/home/michael/northwesternCourses/mech433/pico/pico-sdk/src/rp2_common/pico_double/double_aeabi.S.obj
                0x00000000100040b4                double2ufix64
 .text.__wrap___aeabi_d2f
                0x00000000100040cc       0x18 CMakeFiles/main.dir/home/michael/northwesternCourses/mech433/pico/pico-sdk/src/rp2_common/pico_double/double_aeabi.S.obj
                0x00000000100040cc                __wrap___aeabi_d2f
 .text.__aeabi_double_init
                0x00000000100040e4       0x98 CMakeFiles/main.dir/home/michael/northwesternCourses/mech433/pico/pico-sdk/src/rp2_common/pico_double/double_init_rom.c.obj
                0x00000000100040e4                __aeabi_double_init
 .text.double_table_shim_on_use_helper
                0x000000001000417c       0x2c CMakeFiles/main.dir/home/michael/northwesternCourses/mech433/pico/pico-sdk/src/rp2_common/pico_double/double_v1_rom_shim.S.obj
                0x000000001000417c                double_table_shim_on_use_helper
 .text.__wrap___aeabi_dsub
                0x00000000100041a8       0x10 CMakeFiles/main.dir/home/michael/northwesternCourses/mech433/pico/pico-sdk/src/rp2_common/pico_double/double_v1_rom_shim.S.obj
                0x00000000100041a8                drsub_shim
                0x00000000100041ae                dsub_shim
 .text.dadd_shim
                0x00000000100041b8      0x15c CMakeFiles/main.dir/home/michael/northwesternCourses/mech433/pico/pico-sdk/src/rp2_common/pico_double/double_v1_rom_shim.S.obj
                0x00000000100041b8                dadd_shim
 .text.dmul_shim
                0x0000000010004314      0x15c CMakeFiles/main.dir/home/michael/northwesternCourses/mech433/pico/pico-sdk/src/rp2_common/pico_double/double_v1_rom_shim.S.obj
                0x0000000010004314                dmul_shim
 .text.ddiv_shim
                0x0000000010004470      0x1b0 CMakeFiles/main.dir/home/michael/northwesternCourses/mech433/pico/pico-sdk/src/rp2_common/pico_double/double_v1_rom_shim.S.obj
                0x0000000010004470                ddiv_shim
 .text.double2uint_shim
                0x0000000010004620        0xe CMakeFiles/main.dir/home/michael/northwesternCourses/mech433/pico/pico-sdk/src/rp2_common/pico_double/double_v1_rom_shim.S.obj
                0x0000000010004620                double2uint_shim
                0x0000000010004622                double2ufix_shim
 .text.double2int64_shim
                0x000000001000462e       0x1a CMakeFiles/main.dir/home/michael/northwesternCourses/mech433/pico/pico-sdk/src/rp2_common/pico_double/double_v1_rom_shim.S.obj
                0x000000001000462e                double2int64_shim
                0x0000000010004630                double2fix64_shim
 .text.double2uint64_shim
                0x0000000010004648       0x70 CMakeFiles/main.dir/home/michael/northwesternCourses/mech433/pico/pico-sdk/src/rp2_common/pico_double/double_v1_rom_shim.S.obj
                0x0000000010004648                double2uint64_shim
                0x000000001000464a                double2ufix64_shim
                0x000000001000466a                d2fix_a
 .text.double2float_shim
                0x00000000100046b8       0x5c CMakeFiles/main.dir/home/michael/northwesternCourses/mech433/pico/pico-sdk/src/rp2_common/pico_double/double_v1_rom_shim.S.obj
                0x00000000100046b8                double2float_shim
 .text.x2double_shims
                0x0000000010004714       0x90 CMakeFiles/main.dir/home/michael/northwesternCourses/mech433/pico/pico-sdk/src/rp2_common/pico_double/double_v1_rom_shim.S.obj
                0x0000000010004714                uint2double_shim
                0x0000000010004716                ufix2double_shim
                0x000000001000471c                int2double_shim
                0x000000001000471e                fix2double_shim
                0x0000000010004724                uint642double_shim
                0x0000000010004726                ufix642double_shim
                0x000000001000472c                int642double_shim
                0x000000001000472e                fix642double_shim
 .text.dunpacks
                0x00000000100047a4       0x3c CMakeFiles/main.dir/home/michael/northwesternCourses/mech433/pico/pico-sdk/src/rp2_common/pico_double/double_v1_rom_shim.S.obj
                0x00000000100047a4                dunpacks
 .text.__aeabi_lmul
                0x00000000100047e0       0x32 CMakeFiles/main.dir/home/michael/northwesternCourses/mech433/pico/pico-sdk/src/rp2_common/pico_int64_ops/pico_int64_ops_aeabi.S.obj
                0x00000000100047e0                __wrap___aeabi_lmul
 *fill*         0x0000000010004812        0x2 
 .text.__wrap___aeabi_farithmetic
                0x0000000010004814       0x48 CMakeFiles/main.dir/home/michael/northwesternCourses/mech433/pico/pico-sdk/src/rp2_common/pico_float/float_aeabi.S.obj
                0x0000000010004814                __wrap___aeabi_frsub
                0x000000001000481a                __wrap___aeabi_fsub
                0x0000000010004820                __wrap___aeabi_fadd
                0x0000000010004826                __wrap___aeabi_fdiv
                0x000000001000484e                __wrap___aeabi_fmul
 .text.__wrap___aeabi_cfcmple
                0x000000001000485c       0x50 CMakeFiles/main.dir/home/michael/northwesternCourses/mech433/pico/pico-sdk/src/rp2_common/pico_float/float_aeabi.S.obj
                0x000000001000485c                __wrap___aeabi_cfrcmple
                0x0000000010004868                __wrap___aeabi_cfcmpeq
                0x0000000010004868                __wrap___aeabi_cfcmple
 .text.__wrap___aeabi_fcmple
                0x00000000100048ac       0x10 CMakeFiles/main.dir/home/michael/northwesternCourses/mech433/pico/pico-sdk/src/rp2_common/pico_float/float_aeabi.S.obj
                0x00000000100048ac                __wrap___aeabi_fcmple
 .text.__wrap___aeabi_fcmpun
                0x00000000100048bc       0x18 CMakeFiles/main.dir/home/michael/northwesternCourses/mech433/pico/pico-sdk/src/rp2_common/pico_float/float_aeabi.S.obj
                0x00000000100048bc                __wrap___aeabi_fcmpun
 .text.__wrap___aeabi_i2f
                0x00000000100048d4       0x44 CMakeFiles/main.dir/home/michael/northwesternCourses/mech433/pico/pico-sdk/src/rp2_common/pico_float/float_aeabi.S.obj
                0x00000000100048d4                __wrap___aeabi_i2f
 .text.__wrap___aeabi_f2iz
                0x0000000010004918       0x4e CMakeFiles/main.dir/home/michael/northwesternCourses/mech433/pico/pico-sdk/src/rp2_common/pico_float/float_aeabi.S.obj
                0x0000000010004918                __wrap___aeabi_f2iz
                0x0000000010004918                float2int_z
 *fill*         0x0000000010004966        0x2 
 .text.float2int
                0x0000000010004968       0x14 CMakeFiles/main.dir/home/michael/northwesternCourses/mech433/pico/pico-sdk/src/rp2_common/pico_float/float_aeabi.S.obj
                0x0000000010004968                float2int
 .text.__wrap___aeabi_f2uiz
                0x000000001000497c        0xc CMakeFiles/main.dir/home/michael/northwesternCourses/mech433/pico/pico-sdk/src/rp2_common/pico_float/float_aeabi.S.obj
                0x000000001000497c                __wrap___aeabi_f2uiz
 .text.__aeabi_float_init
                0x0000000010004988       0x64 CMakeFiles/main.dir/home/michael/northwesternCourses/mech433/pico/pico-sdk/src/rp2_common/pico_float/float_init_rom.c.obj
                0x0000000010004988                __aeabi_float_init
 .text.float_table_shim_on_use_helper
                0x00000000100049ec       0x2c CMakeFiles/main.dir/home/michael/northwesternCourses/mech433/pico/pico-sdk/src/rp2_common/pico_float/float_v1_rom_shim.S.obj
                0x00000000100049ec                float_table_shim_on_use_helper
 .text.float232_shims
                0x0000000010004a18       0x18 CMakeFiles/main.dir/home/michael/northwesternCourses/mech433/pico/pico-sdk/src/rp2_common/pico_float/float_v1_rom_shim.S.obj
                0x0000000010004a18                float2int_shim
                0x0000000010004a1a                float2fix_shim
 .text          0x0000000010004a30       0x10 CMakeFiles/main.dir/home/michael/northwesternCourses/mech433/pico/pico-sdk/src/rp2_common/pico_mem_ops/mem_ops_aeabi.S.obj
                0x0000000010004a30                __aeabi_mem_init
 .text.memset   0x0000000010004a40        0xc CMakeFiles/main.dir/home/michael/northwesternCourses/mech433/pico/pico-sdk/src/rp2_common/pico_mem_ops/mem_ops_aeabi.S.obj
                0x0000000010004a40                __wrap_memset
 .text.memcpy   0x0000000010004a4c        0xc CMakeFiles/main.dir/home/michael/northwesternCourses/mech433/pico/pico-sdk/src/rp2_common/pico_mem_ops/mem_ops_aeabi.S.obj
                0x0000000010004a4c                __wrap___aeabi_memcpy
                0x0000000010004a4c                __wrap_memcpy
 .text.stdio_out_chars_crlf
                0x0000000010004a58       0xbc CMakeFiles/main.dir/home/michael/northwesternCourses/mech433/pico/pico-sdk/src/rp2_common/pico_stdio/stdio.c.obj
 .text.stdio_buffered_printer
                0x0000000010004b14       0x64 CMakeFiles/main.dir/home/michael/northwesternCourses/mech433/pico/pico-sdk/src/rp2_common/pico_stdio/stdio.c.obj
 .text.__wrap_putchar
                0x0000000010004b78       0x98 CMakeFiles/main.dir/home/michael/northwesternCourses/mech433/pico/pico-sdk/src/rp2_common/pico_stdio/stdio.c.obj
                0x0000000010004b78                __wrap_putchar
 .text.__wrap_puts
                0x0000000010004c10       0xe0 CMakeFiles/main.dir/home/michael/northwesternCourses/mech433/pico/pico-sdk/src/rp2_common/pico_stdio/stdio.c.obj
                0x0000000010004c10                __wrap_puts
 .text._read    0x0000000010004cf0       0x94 CMakeFiles/main.dir/home/michael/northwesternCourses/mech433/pico/pico-sdk/src/rp2_common/pico_stdio/stdio.c.obj
                0x0000000010004cf0                _read
 .text._write   0x0000000010004d84       0xb4 CMakeFiles/main.dir/home/michael/northwesternCourses/mech433/pico/pico-sdk/src/rp2_common/pico_stdio/stdio.c.obj
                0x0000000010004d84                _write
 .text._close   0x0000000010004e38        0x8 CMakeFiles/main.dir/home/michael/northwesternCourses/mech433/pico/pico-sdk/src/rp2_common/pico_stdio/stdio.c.obj
                0x0000000010004e38                _close
 .text._lseek   0x0000000010004e40        0x8 CMakeFiles/main.dir/home/michael/northwesternCourses/mech433/pico/pico-sdk/src/rp2_common/pico_stdio/stdio.c.obj
                0x0000000010004e40                _lseek
 .text._fstat   0x0000000010004e48        0x8 CMakeFiles/main.dir/home/michael/northwesternCourses/mech433/pico/pico-sdk/src/rp2_common/pico_stdio/stdio.c.obj
                0x0000000010004e48                _fstat
 .text._isatty  0x0000000010004e50        0xc CMakeFiles/main.dir/home/michael/northwesternCourses/mech433/pico/pico-sdk/src/rp2_common/pico_stdio/stdio.c.obj
                0x0000000010004e50                _isatty
 .text.stdio_set_driver_enabled
                0x0000000010004e5c       0x30 CMakeFiles/main.dir/home/michael/northwesternCourses/mech433/pico/pico-sdk/src/rp2_common/pico_stdio/stdio.c.obj
                0x0000000010004e5c                stdio_set_driver_enabled
 .text.__wrap_vprintf
                0x0000000010004e8c       0xd4 CMakeFiles/main.dir/home/michael/northwesternCourses/mech433/pico/pico-sdk/src/rp2_common/pico_stdio/stdio.c.obj
                0x0000000010004e8c                __wrap_vprintf
 .text.__wrap_printf
                0x0000000010004f60       0x18 CMakeFiles/main.dir/home/michael/northwesternCourses/mech433/pico/pico-sdk/src/rp2_common/pico_stdio/stdio.c.obj
                0x0000000010004f60                __wrap_printf
 .text.stdio_init_all
                0x0000000010004f78        0x8 CMakeFiles/main.dir/home/michael/northwesternCourses/mech433/pico/pico-sdk/src/rp2_common/pico_stdio/stdio.c.obj
                0x0000000010004f78                stdio_init_all
 .text.resetd_init
                0x0000000010004f80        0x4 CMakeFiles/main.dir/home/michael/northwesternCourses/mech433/pico/pico-sdk/src/rp2_common/pico_stdio_usb/reset_interface.c.obj
 .text.resetd_reset
                0x0000000010004f84        0xc CMakeFiles/main.dir/home/michael/northwesternCourses/mech433/pico/pico-sdk/src/rp2_common/pico_stdio_usb/reset_interface.c.obj
 .text.resetd_open
                0x0000000010004f90       0x28 CMakeFiles/main.dir/home/michael/northwesternCourses/mech433/pico/pico-sdk/src/rp2_common/pico_stdio_usb/reset_interface.c.obj
 .text.resetd_xfer_cb
                0x0000000010004fb8        0x4 CMakeFiles/main.dir/home/michael/northwesternCourses/mech433/pico/pico-sdk/src/rp2_common/pico_stdio_usb/reset_interface.c.obj
 .text.resetd_control_xfer_cb
                0x0000000010004fbc       0x60 CMakeFiles/main.dir/home/michael/northwesternCourses/mech433/pico/pico-sdk/src/rp2_common/pico_stdio_usb/reset_interface.c.obj
 .text.usbd_app_driver_get_cb
                0x000000001000501c        0xc CMakeFiles/main.dir/home/michael/northwesternCourses/mech433/pico/pico-sdk/src/rp2_common/pico_stdio_usb/reset_interface.c.obj
                0x000000001000501c                usbd_app_driver_get_cb
 .text.tud_cdc_line_coding_cb
                0x0000000010005028       0x34 CMakeFiles/main.dir/home/michael/northwesternCourses/mech433/pico/pico-sdk/src/rp2_common/pico_stdio_usb/reset_interface.c.obj
                0x0000000010005028                tud_cdc_line_coding_cb
 .text.stdio_usb_set_chars_available_callback
                0x000000001000505c       0x14 CMakeFiles/main.dir/home/michael/northwesternCourses/mech433/pico/pico-sdk/src/rp2_common/pico_stdio_usb/stdio_usb.c.obj
                0x000000001000505c                stdio_usb_set_chars_available_callback
 .text.usb_irq  0x0000000010005070       0x10 CMakeFiles/main.dir/home/michael/northwesternCourses/mech433/pico/pico-sdk/src/rp2_common/pico_stdio_usb/stdio_usb.c.obj
 .text.timer_task
                0x0000000010005080       0x54 CMakeFiles/main.dir/home/michael/northwesternCourses/mech433/pico/pico-sdk/src/rp2_common/pico_stdio_usb/stdio_usb.c.obj
 .text.stdio_usb_in_chars
                0x00000000100050d4       0x90 CMakeFiles/main.dir/home/michael/northwesternCourses/mech433/pico/pico-sdk/src/rp2_common/pico_stdio_usb/stdio_usb.c.obj
                0x00000000100050d4                stdio_usb_in_chars
 .text.stdio_usb_out_chars
                0x0000000010005164      0x104 CMakeFiles/main.dir/home/michael/northwesternCourses/mech433/pico/pico-sdk/src/rp2_common/pico_stdio_usb/stdio_usb.c.obj
 .text.low_priority_worker_irq
                0x0000000010005268       0xa8 CMakeFiles/main.dir/home/michael/northwesternCourses/mech433/pico/pico-sdk/src/rp2_common/pico_stdio_usb/stdio_usb.c.obj
 .text.tud_cdc_rx_cb
                0x0000000010005310       0x20 CMakeFiles/main.dir/home/michael/northwesternCourses/mech433/pico/pico-sdk/src/rp2_common/pico_stdio_usb/stdio_usb.c.obj
                0x0000000010005310                tud_cdc_rx_cb
 .text.stdio_usb_init
                0x0000000010005330       0xe0 CMakeFiles/main.dir/home/michael/northwesternCourses/mech433/pico/pico-sdk/src/rp2_common/pico_stdio_usb/stdio_usb.c.obj
                0x0000000010005330                stdio_usb_init
 .text.tud_descriptor_device_cb
                0x0000000010005410        0x8 CMakeFiles/main.dir/home/michael/northwesternCourses/mech433/pico/pico-sdk/src/rp2_common/pico_stdio_usb/stdio_usb_descriptors.c.obj
                0x0000000010005410                tud_descriptor_device_cb
 .text.tud_descriptor_configuration_cb
                0x0000000010005418        0x8 CMakeFiles/main.dir/home/michael/northwesternCourses/mech433/pico/pico-sdk/src/rp2_common/pico_stdio_usb/stdio_usb_descriptors.c.obj
                0x0000000010005418                tud_descriptor_configuration_cb
 .text.tud_descriptor_string_cb
                0x0000000010005420       0x78 CMakeFiles/main.dir/home/michael/northwesternCourses/mech433/pico/pico-sdk/src/rp2_common/pico_stdio_usb/stdio_usb_descriptors.c.obj
                0x0000000010005420                tud_descriptor_string_cb
 .text.startup._retrieve_unique_id_on_boot
                0x0000000010005498       0x10 CMakeFiles/main.dir/home/michael/northwesternCourses/mech433/pico/pico-sdk/src/rp2_common/pico_unique_id/unique_id.c.obj
 .text.pico_get_unique_board_id_string
                0x00000000100054a8      0x1a8 CMakeFiles/main.dir/home/michael/northwesternCourses/mech433/pico/pico-sdk/src/rp2_common/pico_unique_id/unique_id.c.obj
                0x00000000100054a8                pico_get_unique_board_id_string
 .text.flash_get_unique_id
                0x0000000010005650       0x40 CMakeFiles/main.dir/home/michael/northwesternCourses/mech433/pico/pico-sdk/src/rp2_common/hardware_flash/flash.c.obj
                0x0000000010005650                flash_get_unique_id
 .text.dcd_int_enable
                0x0000000010005690        0xc CMakeFiles/main.dir/home/michael/northwesternCourses/mech433/pico/pico-sdk/lib/tinyusb/src/portable/raspberrypi/rp2040/dcd_rp2040.c.obj
                0x0000000010005690                dcd_int_enable
 .text.dcd_set_address
                0x000000001000569c       0x14 CMakeFiles/main.dir/home/michael/northwesternCourses/mech433/pico/pico-sdk/lib/tinyusb/src/portable/raspberrypi/rp2040/dcd_rp2040.c.obj
                0x000000001000569c                dcd_set_address
 .text.dcd_connect
                0x00000000100056b0       0x10 CMakeFiles/main.dir/home/michael/northwesternCourses/mech433/pico/pico-sdk/lib/tinyusb/src/portable/raspberrypi/rp2040/dcd_rp2040.c.obj
                0x00000000100056b0                dcd_connect
 .text.dcd_init
                0x00000000100056c0       0x98 CMakeFiles/main.dir/home/michael/northwesternCourses/mech433/pico/pico-sdk/lib/tinyusb/src/portable/raspberrypi/rp2040/dcd_rp2040.c.obj
                0x00000000100056c0                dcd_init
 .text.dcd_edpt0_status_complete
                0x0000000010005758       0x1c CMakeFiles/main.dir/home/michael/northwesternCourses/mech433/pico/pico-sdk/lib/tinyusb/src/portable/raspberrypi/rp2040/dcd_rp2040.c.obj
                0x0000000010005758                dcd_edpt0_status_complete
 .text.dcd_edpt_open
                0x0000000010005774      0x108 CMakeFiles/main.dir/home/michael/northwesternCourses/mech433/pico/pico-sdk/lib/tinyusb/src/portable/raspberrypi/rp2040/dcd_rp2040.c.obj
                0x0000000010005774                dcd_edpt_open
 .text.dcd_edpt_close_all
                0x000000001000587c        0x8 CMakeFiles/main.dir/home/michael/northwesternCourses/mech433/pico/pico-sdk/lib/tinyusb/src/portable/raspberrypi/rp2040/dcd_rp2040.c.obj
                0x000000001000587c                dcd_edpt_close_all
 .text.dcd_edpt_xfer
                0x0000000010005884       0x24 CMakeFiles/main.dir/home/michael/northwesternCourses/mech433/pico/pico-sdk/lib/tinyusb/src/portable/raspberrypi/rp2040/dcd_rp2040.c.obj
                0x0000000010005884                dcd_edpt_xfer
 .text.dcd_edpt_stall
                0x00000000100058a8       0x38 CMakeFiles/main.dir/home/michael/northwesternCourses/mech433/pico/pico-sdk/lib/tinyusb/src/portable/raspberrypi/rp2040/dcd_rp2040.c.obj
                0x00000000100058a8                dcd_edpt_stall
 .text.dcd_edpt_clear_stall
                0x00000000100058e0       0x30 CMakeFiles/main.dir/home/michael/northwesternCourses/mech433/pico/pico-sdk/lib/tinyusb/src/portable/raspberrypi/rp2040/dcd_rp2040.c.obj
                0x00000000100058e0                dcd_edpt_clear_stall
 .text.rp2040_usb_init
                0x0000000010005910       0x4c CMakeFiles/main.dir/home/michael/northwesternCourses/mech433/pico/pico-sdk/lib/tinyusb/src/portable/raspberrypi/rp2040/rp2040_usb.c.obj
                0x0000000010005910                rp2040_usb_init
 .text.hw_endpoint_xfer_start
                0x000000001000595c       0x40 CMakeFiles/main.dir/home/michael/northwesternCourses/mech433/pico/pico-sdk/lib/tinyusb/src/portable/raspberrypi/rp2040/rp2040_usb.c.obj
                0x000000001000595c                hw_endpoint_xfer_start
 .text.tud_mounted
                0x000000001000599c       0x10 CMakeFiles/main.dir/home/michael/northwesternCourses/mech433/pico/pico-sdk/lib/tinyusb/src/device/usbd.c.obj
                0x000000001000599c                tud_mounted
 .text.tud_suspended
                0x00000000100059ac       0x10 CMakeFiles/main.dir/home/michael/northwesternCourses/mech433/pico/pico-sdk/lib/tinyusb/src/device/usbd.c.obj
                0x00000000100059ac                tud_suspended
 .text.tud_inited
                0x00000000100059bc       0x14 CMakeFiles/main.dir/home/michael/northwesternCourses/mech433/pico/pico-sdk/lib/tinyusb/src/device/usbd.c.obj
                0x00000000100059bc                tud_inited
 .text.tud_init
                0x00000000100059d0       0xd8 CMakeFiles/main.dir/home/michael/northwesternCourses/mech433/pico/pico-sdk/lib/tinyusb/src/device/usbd.c.obj
                0x00000000100059d0                tud_init
 .text.tud_task_ext
                0x0000000010005aa8      0x8a8 CMakeFiles/main.dir/home/michael/northwesternCourses/mech433/pico/pico-sdk/lib/tinyusb/src/device/usbd.c.obj
                0x0000000010005aa8                tud_task_ext
 .text.usbd_open_edpt_pair
                0x0000000010006350       0x9c CMakeFiles/main.dir/home/michael/northwesternCourses/mech433/pico/pico-sdk/lib/tinyusb/src/device/usbd.c.obj
                0x0000000010006350                usbd_open_edpt_pair
 .text.usbd_defer_func
                0x00000000100063ec       0x48 CMakeFiles/main.dir/home/michael/northwesternCourses/mech433/pico/pico-sdk/lib/tinyusb/src/device/usbd.c.obj
                0x00000000100063ec                usbd_defer_func
 .text.usbd_edpt_open
                0x0000000010006434       0x34 CMakeFiles/main.dir/home/michael/northwesternCourses/mech433/pico/pico-sdk/lib/tinyusb/src/device/usbd.c.obj
                0x0000000010006434                usbd_edpt_open
 .text.usbd_edpt_claim
                0x0000000010006468       0x28 CMakeFiles/main.dir/home/michael/northwesternCourses/mech433/pico/pico-sdk/lib/tinyusb/src/device/usbd.c.obj
                0x0000000010006468                usbd_edpt_claim
 .text.usbd_edpt_release
                0x0000000010006490       0x28 CMakeFiles/main.dir/home/michael/northwesternCourses/mech433/pico/pico-sdk/lib/tinyusb/src/device/usbd.c.obj
                0x0000000010006490                usbd_edpt_release
 .text.usbd_edpt_xfer
                0x00000000100064b8       0x4c CMakeFiles/main.dir/home/michael/northwesternCourses/mech433/pico/pico-sdk/lib/tinyusb/src/device/usbd.c.obj
                0x00000000100064b8                usbd_edpt_xfer
 .text.tud_control_status
                0x0000000010006504       0x2c CMakeFiles/main.dir/home/michael/northwesternCourses/mech433/pico/pico-sdk/lib/tinyusb/src/device/usbd_control.c.obj
                0x0000000010006504                tud_control_status
 .text.tud_control_xfer
                0x0000000010006530       0xac CMakeFiles/main.dir/home/michael/northwesternCourses/mech433/pico/pico-sdk/lib/tinyusb/src/device/usbd_control.c.obj
                0x0000000010006530                tud_control_xfer
 .text.usbd_control_reset
                0x00000000100065dc       0x14 CMakeFiles/main.dir/home/michael/northwesternCourses/mech433/pico/pico-sdk/lib/tinyusb/src/device/usbd_control.c.obj
                0x00000000100065dc                usbd_control_reset
 .text.usbd_control_set_complete_callback
                0x00000000100065f0        0xc CMakeFiles/main.dir/home/michael/northwesternCourses/mech433/pico/pico-sdk/lib/tinyusb/src/device/usbd_control.c.obj
                0x00000000100065f0                usbd_control_set_complete_callback
 .text.usbd_control_set_request
                0x00000000100065fc       0x1c CMakeFiles/main.dir/home/michael/northwesternCourses/mech433/pico/pico-sdk/lib/tinyusb/src/device/usbd_control.c.obj
                0x00000000100065fc                usbd_control_set_request
 .text.usbd_control_xfer_cb
                0x0000000010006618       0xf4 CMakeFiles/main.dir/home/michael/northwesternCourses/mech433/pico/pico-sdk/lib/tinyusb/src/device/usbd_control.c.obj
                0x0000000010006618                usbd_control_xfer_cb
 .text.tud_cdc_n_connected
                0x000000001000670c       0x30 CMakeFiles/main.dir/home/michael/northwesternCourses/mech433/pico/pico-sdk/lib/tinyusb/src/class/cdc/cdc_device.c.obj
                0x000000001000670c                tud_cdc_n_connected
 .text.tud_cdc_n_available
                0x000000001000673c       0x18 CMakeFiles/main.dir/home/michael/northwesternCourses/mech433/pico/pico-sdk/lib/tinyusb/src/class/cdc/cdc_device.c.obj
                0x000000001000673c                tud_cdc_n_available
 .text.tud_cdc_n_read
                0x0000000010006754       0x70 CMakeFiles/main.dir/home/michael/northwesternCourses/mech433/pico/pico-sdk/lib/tinyusb/src/class/cdc/cdc_device.c.obj
                0x0000000010006754                tud_cdc_n_read
 .text.tud_cdc_n_write_flush
                0x00000000100067c4       0x78 CMakeFiles/main.dir/home/michael/northwesternCourses/mech433/pico/pico-sdk/lib/tinyusb/src/class/cdc/cdc_device.c.obj
                0x00000000100067c4                tud_cdc_n_write_flush
 .text.tud_cdc_n_write
                0x000000001000683c       0x34 CMakeFiles/main.dir/home/michael/northwesternCourses/mech433/pico/pico-sdk/lib/tinyusb/src/class/cdc/cdc_device.c.obj
                0x000000001000683c                tud_cdc_n_write
 .text.tud_cdc_n_write_available
                0x0000000010006870       0x18 CMakeFiles/main.dir/home/michael/northwesternCourses/mech433/pico/pico-sdk/lib/tinyusb/src/class/cdc/cdc_device.c.obj
                0x0000000010006870                tud_cdc_n_write_available
 .text.cdcd_init
                0x0000000010006888       0x7c CMakeFiles/main.dir/home/michael/northwesternCourses/mech433/pico/pico-sdk/lib/tinyusb/src/class/cdc/cdc_device.c.obj
                0x0000000010006888                cdcd_init
 .text.cdcd_reset
                0x0000000010006904       0x2c CMakeFiles/main.dir/home/michael/northwesternCourses/mech433/pico/pico-sdk/lib/tinyusb/src/class/cdc/cdc_device.c.obj
                0x0000000010006904                cdcd_reset
 .text.cdcd_open
                0x0000000010006930       0xe4 CMakeFiles/main.dir/home/michael/northwesternCourses/mech433/pico/pico-sdk/lib/tinyusb/src/class/cdc/cdc_device.c.obj
                0x0000000010006930                cdcd_open
 .text.cdcd_control_xfer_cb
                0x0000000010006a14       0xe4 CMakeFiles/main.dir/home/michael/northwesternCourses/mech433/pico/pico-sdk/lib/tinyusb/src/class/cdc/cdc_device.c.obj
                0x0000000010006a14                cdcd_control_xfer_cb
 .text.cdcd_xfer_cb
                0x0000000010006af8      0x13c CMakeFiles/main.dir/home/michael/northwesternCourses/mech433/pico/pico-sdk/lib/tinyusb/src/class/cdc/cdc_device.c.obj
                0x0000000010006af8                cdcd_xfer_cb
 .text.tusb_init
                0x0000000010006c34        0xc CMakeFiles/main.dir/home/michael/northwesternCourses/mech433/pico/pico-sdk/lib/tinyusb/src/tusb.c.obj
                0x0000000010006c34                tusb_init
 .text.tusb_inited
                0x0000000010006c40        0x8 CMakeFiles/main.dir/home/michael/northwesternCourses/mech433/pico/pico-sdk/lib/tinyusb/src/tusb.c.obj
                0x0000000010006c40                tusb_inited
 .text.tu_edpt_claim
                0x0000000010006c48       0x50 CMakeFiles/main.dir/home/michael/northwesternCourses/mech433/pico/pico-sdk/lib/tinyusb/src/tusb.c.obj
                0x0000000010006c48                tu_edpt_claim
 .text.tu_edpt_release
                0x0000000010006c98       0x38 CMakeFiles/main.dir/home/michael/northwesternCourses/mech433/pico/pico-sdk/lib/tinyusb/src/tusb.c.obj
                0x0000000010006c98                tu_edpt_release
 .text.tu_edpt_validate
                0x0000000010006cd0       0x7c CMakeFiles/main.dir/home/michael/northwesternCourses/mech433/pico/pico-sdk/lib/tinyusb/src/tusb.c.obj
                0x0000000010006cd0                tu_edpt_validate
 .text.tu_edpt_bind_driver
                0x0000000010006d4c       0x34 CMakeFiles/main.dir/home/michael/northwesternCourses/mech433/pico/pico-sdk/lib/tinyusb/src/tusb.c.obj
                0x0000000010006d4c                tu_edpt_bind_driver
 .text.tu_fifo_config
                0x0000000010006d80       0x6c CMakeFiles/main.dir/home/michael/northwesternCourses/mech433/pico/pico-sdk/lib/tinyusb/src/common/tusb_fifo.c.obj
                0x0000000010006d80                tu_fifo_config
 .text.tu_fifo_count
                0x0000000010006dec       0x2c CMakeFiles/main.dir/home/michael/northwesternCourses/mech433/pico/pico-sdk/lib/tinyusb/src/common/tusb_fifo.c.obj
                0x0000000010006dec                tu_fifo_count
 .text.tu_fifo_empty
                0x0000000010006e18       0x10 CMakeFiles/main.dir/home/michael/northwesternCourses/mech433/pico/pico-sdk/lib/tinyusb/src/common/tusb_fifo.c.obj
                0x0000000010006e18                tu_fifo_empty
 .text.tu_fifo_remaining
                0x0000000010006e28       0x2c CMakeFiles/main.dir/home/michael/northwesternCourses/mech433/pico/pico-sdk/lib/tinyusb/src/common/tusb_fifo.c.obj
                0x0000000010006e28                tu_fifo_remaining
 .text.tu_fifo_read
                0x0000000010006e54       0x9c CMakeFiles/main.dir/home/michael/northwesternCourses/mech433/pico/pico-sdk/lib/tinyusb/src/common/tusb_fifo.c.obj
                0x0000000010006e54                tu_fifo_read
 .text.tu_fifo_read_n
                0x0000000010006ef0       0xe8 CMakeFiles/main.dir/home/michael/northwesternCourses/mech433/pico/pico-sdk/lib/tinyusb/src/common/tusb_fifo.c.obj
                0x0000000010006ef0                tu_fifo_read_n
 .text.tu_fifo_write
                0x0000000010006fd8       0x88 CMakeFiles/main.dir/home/michael/northwesternCourses/mech433/pico/pico-sdk/lib/tinyusb/src/common/tusb_fifo.c.obj
                0x0000000010006fd8                tu_fifo_write
 .text.tu_fifo_write_n
                0x0000000010007060      0x170 CMakeFiles/main.dir/home/michael/northwesternCourses/mech433/pico/pico-sdk/lib/tinyusb/src/common/tusb_fifo.c.obj
                0x0000000010007060                tu_fifo_write_n
 .text.tu_fifo_clear
                0x00000000100071d0       0x40 CMakeFiles/main.dir/home/michael/northwesternCourses/mech433/pico/pico-sdk/lib/tinyusb/src/common/tusb_fifo.c.obj
                0x00000000100071d0                tu_fifo_clear
 .text.tu_fifo_set_overwritable
                0x0000000010007210       0x48 CMakeFiles/main.dir/home/michael/northwesternCourses/mech433/pico/pico-sdk/lib/tinyusb/src/common/tusb_fifo.c.obj
                0x0000000010007210                tu_fifo_set_overwritable
 .text          0x0000000010007258       0x5c /usr/lib/gcc/arm-none-eabi/12.2.1/../../../arm-none-eabi/lib/thumb/v6-m/nofp/libc.a(lib_a-callocr.o)
                0x0000000010007258                _calloc_r
 .text          0x00000000100072b4      0x574 /usr/lib/gcc/arm-none-eabi/12.2.1/../../../arm-none-eabi/lib/thumb/v6-m/nofp/libc.a(lib_a-mallocr.o)
                0x00000000100072b4                _malloc_r
 .text          0x0000000010007828        0x8 /usr/lib/gcc/arm-none-eabi/12.2.1/../../../arm-none-eabi/lib/thumb/v6-m/nofp/libc.a(lib_a-mlock.o)
                0x0000000010007828                __malloc_lock
                0x000000001000782c                __malloc_unlock
 .text          0x0000000010007830      0x354 /usr/lib/gcc/arm-none-eabi/12.2.1/../../../arm-none-eabi/lib/thumb/v6-m/nofp/libc.a(lib_a-reallocr.o)
                0x0000000010007830                _realloc_r
 .text          0x0000000010007b84       0x24 /usr/lib/gcc/arm-none-eabi/12.2.1/../../../arm-none-eabi/lib/thumb/v6-m/nofp/libc.a(lib_a-sbrkr.o)
                0x0000000010007b84                _sbrk_r
 .text          0x0000000010007ba8       0x40 /usr/lib/gcc/arm-none-eabi/12.2.1/../../../arm-none-eabi/lib/thumb/v6-m/nofp/libc.a(lib_a-scanf.o)
                0x0000000010007ba8                scanf
                0x0000000010007bcc                _scanf_r
 .text          0x0000000010007be8       0x5c /usr/lib/gcc/arm-none-eabi/12.2.1/../../../arm-none-eabi/lib/thumb/v6-m/nofp/libc.a(lib_a-strlen-stub.o)
                0x0000000010007be8                strlen
 .text          0x0000000010007c44      0xfe0 /usr/lib/gcc/arm-none-eabi/12.2.1/../../../arm-none-eabi/lib/thumb/v6-m/nofp/libc.a(lib_a-vfscanf.o)
                0x0000000010007c44                __svfscanf_r
                0x0000000010008bb4                vfscanf
                0x0000000010008be4                __svfscanf
                0x0000000010008bfc                _vfscanf_r
 .text          0x0000000010008c24      0x248 /usr/lib/gcc/arm-none-eabi/12.2.1/../../../arm-none-eabi/lib/thumb/v6-m/nofp/libc.a(lib_a-findfp.o)
                0x0000000010008c28                _cleanup_r
                0x0000000010008d24                __sfmoreglue
                0x0000000010008d54                __sfp
                0x0000000010008e04                _cleanup
                0x0000000010008e1c                __sinit
                0x0000000010008e2c                __sfp_lock_acquire
                0x0000000010008e30                __sfp_lock_release
                0x0000000010008e34                __sinit_lock_acquire
                0x0000000010008e38                __sinit_lock_release
                0x0000000010008e3c                __fp_lock_all
                0x0000000010008e54                __fp_unlock_all
 .text          0x0000000010008e6c      0x190 /usr/lib/gcc/arm-none-eabi/12.2.1/../../../arm-none-eabi/lib/thumb/v6-m/nofp/libc.a(lib_a-fread.o)
                0x0000000010008e6c                _fread_r
                0x0000000010008fdc                fread
 .text          0x0000000010008ffc      0x260 /usr/lib/gcc/arm-none-eabi/12.2.1/../../../arm-none-eabi/lib/thumb/v6-m/nofp/libc.a(lib_a-freer.o)
                0x0000000010008ffc                _malloc_trim_r
                0x0000000010009098                _free_r
 .text          0x000000001000925c       0x88 /usr/lib/gcc/arm-none-eabi/12.2.1/../../../arm-none-eabi/lib/thumb/v6-m/nofp/libc.a(lib_a-fwalk.o)
                0x000000001000925c                _fwalk
                0x000000001000929c                _fwalk_reent
 .text          0x00000000100092e4        0xc /usr/lib/gcc/arm-none-eabi/12.2.1/../../../arm-none-eabi/lib/thumb/v6-m/nofp/libc.a(lib_a-iswspace.o)
                0x00000000100092e4                iswspace
 .text          0x00000000100092f0       0x18 /usr/lib/gcc/arm-none-eabi/12.2.1/../../../arm-none-eabi/lib/thumb/v6-m/nofp/libc.a(lib_a-iswspace_l.o)
                0x00000000100092f0                iswspace_l
 .text          0x0000000010009308       0x98 /usr/lib/gcc/arm-none-eabi/12.2.1/../../../arm-none-eabi/lib/thumb/v6-m/nofp/libc.a(lib_a-locale.o)
                0x0000000010009308                _setlocale_r
                0x000000001000934c                __locale_mb_cur_max
                0x000000001000935c                setlocale
 .text          0x00000000100093a0       0x14 /usr/lib/gcc/arm-none-eabi/12.2.1/../../../arm-none-eabi/lib/thumb/v6-m/nofp/libc.a(lib_a-localeconv.o)
                0x00000000100093a0                __localeconv_l
                0x00000000100093a4                _localeconv_r
                0x00000000100093ac                localeconv
 .text          0x00000000100093b4       0x9c /usr/lib/gcc/arm-none-eabi/12.2.1/../../../arm-none-eabi/lib/thumb/v6-m/nofp/libc.a(lib_a-mbrtowc.o)
                0x00000000100093b4                _mbrtowc_r
                0x0000000010009400                mbrtowc
 .text          0x0000000010009450       0x44 /usr/lib/gcc/arm-none-eabi/12.2.1/../../../arm-none-eabi/lib/thumb/v6-m/nofp/libc.a(lib_a-mbtowc_r.o)
                0x0000000010009450                _mbtowc_r
                0x0000000010009468                __ascii_mbtowc
 .text          0x0000000010009494      0x140 /usr/lib/gcc/arm-none-eabi/12.2.1/../../../arm-none-eabi/lib/thumb/v6-m/nofp/libc.a(lib_a-refill.o)
                0x00000000100094b0                __srefill_r
 .text          0x00000000100095d4       0x80 /usr/lib/gcc/arm-none-eabi/12.2.1/../../../arm-none-eabi/lib/thumb/v6-m/nofp/libc.a(lib_a-sccl.o)
                0x00000000100095d4                __sccl
 .text          0x0000000010009654        0x8 /usr/lib/gcc/arm-none-eabi/12.2.1/../../../arm-none-eabi/lib/thumb/v6-m/nofp/libc.a(lib_a-sf_nan.o)
                0x0000000010009654                nanf
 .text          0x000000001000965c       0xa4 /usr/lib/gcc/arm-none-eabi/12.2.1/../../../arm-none-eabi/lib/thumb/v6-m/nofp/libc.a(lib_a-stdio.o)
                0x000000001000965c                __sread
                0x0000000010009684                __seofread
                0x0000000010009688                __swrite
                0x00000000100096c8                __sseek
                0x00000000100096f4                __sclose
 .text          0x0000000010009700       0x88 /usr/lib/gcc/arm-none-eabi/12.2.1/../../../arm-none-eabi/lib/thumb/v6-m/nofp/libc.a(lib_a-strcmp.o)
                0x0000000010009700                strcmp
 .text          0x0000000010009788     0x1128 /usr/lib/gcc/arm-none-eabi/12.2.1/../../../arm-none-eabi/lib/thumb/v6-m/nofp/libc.a(lib_a-strtod.o)
                0x0000000010009788                _strtod_l
                0x000000001000a708                _strtod_r
                0x000000001000a718                strtod_l
                0x000000001000a730                strtod
                0x000000001000a74c                strtof_l
                0x000000001000a7fc                strtof
 .text          0x000000001000a8b0      0x1b8 /usr/lib/gcc/arm-none-eabi/12.2.1/../../../arm-none-eabi/lib/thumb/v6-m/nofp/libc.a(lib_a-strtol.o)
                0x000000001000a9f4                _strtol_r
                0x000000001000aa10                strtol_l
                0x000000001000aa3c                strtol
 .text          0x000000001000aa68      0x1d0 /usr/lib/gcc/arm-none-eabi/12.2.1/../../../arm-none-eabi/lib/thumb/v6-m/nofp/libc.a(lib_a-strtoll.o)
                0x000000001000ac00                _strtoll_r
                0x000000001000ac08                strtoll_l
                0x000000001000ac20                strtoll
 .text          0x000000001000ac38      0x180 /usr/lib/gcc/arm-none-eabi/12.2.1/../../../arm-none-eabi/lib/thumb/v6-m/nofp/libc.a(lib_a-strtoul.o)
                0x000000001000ad80                _strtoul_r
                0x000000001000ad88                strtoul_l
                0x000000001000ada0                strtoul
 .text          0x000000001000adb8      0x1f4 /usr/lib/gcc/arm-none-eabi/12.2.1/../../../arm-none-eabi/lib/thumb/v6-m/nofp/libc.a(lib_a-strtoull.o)
                0x000000001000af74                _strtoull_r
                0x000000001000af7c                strtoull_l
                0x000000001000af94                strtoull
 .text          0x000000001000afac      0x188 /usr/lib/gcc/arm-none-eabi/12.2.1/../../../arm-none-eabi/lib/thumb/v6-m/nofp/libc.a(lib_a-ungetc.o)
                0x000000001000afac                __submore
                0x000000001000b030                _ungetc_r
                0x000000001000b11c                ungetc
 .text          0x000000001000b134       0x2c /usr/lib/gcc/arm-none-eabi/12.2.1/../../../arm-none-eabi/lib/thumb/v6-m/nofp/libc.a(lib_a-wctomb_r.o)
                0x000000001000b134                _wctomb_r
                0x000000001000b144                __ascii_wctomb
 .text          0x000000001000b160       0x28 /usr/lib/gcc/arm-none-eabi/12.2.1/../../../arm-none-eabi/lib/thumb/v6-m/nofp/libc.a(lib_a-writer.o)
                0x000000001000b160                _write_r
 .text          0x000000001000b188       0x24 /usr/lib/gcc/arm-none-eabi/12.2.1/../../../arm-none-eabi/lib/thumb/v6-m/nofp/libc.a(lib_a-closer.o)
                0x000000001000b188                _close_r
 .text          0x000000001000b1ac        0xc /usr/lib/gcc/arm-none-eabi/12.2.1/../../../arm-none-eabi/lib/thumb/v6-m/nofp/libc.a(lib_a-errno.o)
                0x000000001000b1ac                __errno
 .text          0x000000001000b1b8       0xe8 /usr/lib/gcc/arm-none-eabi/12.2.1/../../../arm-none-eabi/lib/thumb/v6-m/nofp/libc.a(lib_a-fclose.o)
                0x000000001000b228                _fclose_r
                0x000000001000b260                fclose
 .text          0x000000001000b2a0      0x1c0 /usr/lib/gcc/arm-none-eabi/12.2.1/../../../arm-none-eabi/lib/thumb/v6-m/nofp/libc.a(lib_a-fflush.o)
                0x000000001000b2a0                __sflush_r
                0x000000001000b3e0                _fflush_r
                0x000000001000b40c                fflush
 .text          0x000000001000b460      0x670 /usr/lib/gcc/arm-none-eabi/12.2.1/../../../arm-none-eabi/lib/thumb/v6-m/nofp/libc.a(lib_a-gdtoa-gethex.o)
                0x000000001000b504                __gethex
 .text          0x000000001000bad0      0x1fc /usr/lib/gcc/arm-none-eabi/12.2.1/../../../arm-none-eabi/lib/thumb/v6-m/nofp/libc.a(lib_a-gdtoa-hexnan.o)
                0x000000001000bad0                __match
                0x000000001000bafc                __hexnan
 .text          0x000000001000bccc       0x28 /usr/lib/gcc/arm-none-eabi/12.2.1/../../../arm-none-eabi/lib/thumb/v6-m/nofp/libc.a(lib_a-lseekr.o)
                0x000000001000bccc                _lseek_r
 .text          0x000000001000bcf4      0x144 /usr/lib/gcc/arm-none-eabi/12.2.1/../../../arm-none-eabi/lib/thumb/v6-m/nofp/libc.a(lib_a-makebuf.o)
                0x000000001000bcf4                __smakebuf_r
                0x000000001000bdd8                __swhatbuf_r
 .text          0x000000001000be38      0xafc /usr/lib/gcc/arm-none-eabi/12.2.1/../../../arm-none-eabi/lib/thumb/v6-m/nofp/libc.a(lib_a-mprec.o)
                0x000000001000be38                _Balloc
                0x000000001000be88                _Bfree
                0x000000001000be9c                __multadd
                0x000000001000bf44                __s2b
                0x000000001000bff4                __hi0bits
                0x000000001000c02c                __lo0bits
                0x000000001000c088                __i2b
                0x000000001000c0e8                __multiply
                0x000000001000c28c                __pow5mult
                0x000000001000c364                __lshift
                0x000000001000c460                __mcmp
                0x000000001000c494                __mdiff
                0x000000001000c620                __ulp
                0x000000001000c668                __b2d
                0x000000001000c730                __d2b
                0x000000001000c808                __ratio
                0x000000001000c870                _mprec_log10
                0x000000001000c8a4                __copybits
                0x000000001000c8e4                __any_on
 .text          0x000000001000c934       0x28 /usr/lib/gcc/arm-none-eabi/12.2.1/../../../arm-none-eabi/lib/thumb/v6-m/nofp/libc.a(lib_a-readr.o)
                0x000000001000c934                _read_r
 .text          0x000000001000c95c        0xc /usr/lib/gcc/arm-none-eabi/12.2.1/../../../arm-none-eabi/lib/thumb/v6-m/nofp/libc.a(lib_a-s_nan.o)
                0x000000001000c95c                nan
 .text          0x000000001000c968       0x74 /usr/lib/gcc/arm-none-eabi/12.2.1/../../../arm-none-eabi/lib/thumb/v6-m/nofp/libc.a(lib_a-strncmp.o)
                0x000000001000c968                strncmp
 .text          0x000000001000c9dc       0x28 /usr/lib/gcc/arm-none-eabi/12.2.1/../../../arm-none-eabi/lib/thumb/v6-m/nofp/libc.a(lib_a-fstatr.o)
                0x000000001000c9dc                _fstat_r
 .text          0x000000001000ca04       0x24 /usr/lib/gcc/arm-none-eabi/12.2.1/../../../arm-none-eabi/lib/thumb/v6-m/nofp/libc.a(lib_a-isattyr.o)
                0x000000001000ca04                _isatty_r
 *(.fini)
 .fini          0x000000001000ca28        0x4 /usr/lib/gcc/arm-none-eabi/12.2.1/thumb/v6-m/nofp/crti.o
                0x000000001000ca28                _fini
 *fill*         0x000000001000ca2c        0x4 
 .fini.__stub   0x000000001000ca30       0xd0 linker stubs
 *crtbegin.o(.ctors)
 *crtbegin?.o(.ctors)
 *(EXCLUDE_FILE(*crtend.o *crtend?.o) .ctors)
 *(SORT_BY_NAME(.ctors.*))
 *(.ctors)
 *crtbegin.o(.dtors)
 *crtbegin?.o(.dtors)
 *(EXCLUDE_FILE(*crtend.o *crtend?.o) .dtors)
 *(SORT_BY_NAME(.dtors.*))
 *(.dtors)
 *(.eh_frame*)
 .eh_frame      0x000000001000cb00        0x0 /usr/lib/gcc/arm-none-eabi/12.2.1/thumb/v6-m/nofp/crtbegin.o
                0x000000001000cb00                . = ALIGN (0x4)

.glue_7         0x000000001000cb00        0x0
 .glue_7        0x000000001000cb00        0x0 linker stubs

.glue_7t        0x000000001000cb00        0x0
 .glue_7t       0x000000001000cb00        0x0 linker stubs

.vfp11_veneer   0x000000001000cb00        0x0
 .vfp11_veneer  0x000000001000cb00        0x0 linker stubs

.v4_bx          0x000000001000cb00        0x0
 .v4_bx         0x000000001000cb00        0x0 linker stubs

.iplt           0x000000001000cb00        0x0
 .iplt          0x000000001000cb00        0x0 /usr/lib/gcc/arm-none-eabi/12.2.1/thumb/v6-m/nofp/crtbegin.o

.rodata         0x000000001000cb00      0xea0
 *(EXCLUDE_FILE(*libm.a: *libc.a:*lib_a-mem*.o *libgcc.a:) .rodata*)
 .rodata.uart_setup.str1.4
                0x000000001000cb00       0x19 CMakeFiles/main.dir/main.c.obj
 *fill*         0x000000001000cb19        0x3 
 .rodata.main.str1.4
                0x000000001000cb1c       0x11 CMakeFiles/main.dir/main.c.obj
 *fill*         0x000000001000cb2d        0x3 
 .rodata.spin_lock_claim_unused.str1.4
                0x000000001000cb30       0x1b CMakeFiles/main.dir/home/michael/northwesternCourses/mech433/pico/pico-sdk/src/rp2_common/hardware_sync/sync.c.obj
 *fill*         0x000000001000cb4b        0x1 
 .rodata.user_irq_claim_unused.str1.4
                0x000000001000cb4c       0x1b CMakeFiles/main.dir/home/michael/northwesternCourses/mech433/pico/pico-sdk/src/rp2_common/hardware_irq/irq.c.obj
 *fill*         0x000000001000cb67        0x1 
 .rodata.at_the_end_of_time
                0x000000001000cb68        0x8 CMakeFiles/main.dir/home/michael/northwesternCourses/mech433/pico/pico-sdk/src/common/pico_time/time.c.obj
                0x000000001000cb68                at_the_end_of_time
 .rodata.hardware_alarm_claim.str1.4
                0x000000001000cb70       0x22 CMakeFiles/main.dir/home/michael/northwesternCourses/mech433/pico/pico-sdk/src/rp2_common/hardware_timer/timer.c.obj
 *fill*         0x000000001000cb92        0x2 
 .rodata.__assert_func.str1.4
                0x000000001000cb94       0x3f CMakeFiles/main.dir/home/michael/northwesternCourses/mech433/pico/pico-sdk/src/rp2_common/pico_runtime/runtime.c.obj
                                         0x43 (size before relaxing)
 *fill*         0x000000001000cbd3        0x1 
 .rodata.panic.str1.4
                0x000000001000cbd4       0x12 CMakeFiles/main.dir/home/michael/northwesternCourses/mech433/pico/pico-sdk/src/rp2_common/pico_runtime/runtime.c.obj
 *fill*         0x000000001000cbe6        0x2 
 .rodata.hard_assertion_failure.str1.4
                0x000000001000cbe8        0xc CMakeFiles/main.dir/home/michael/northwesternCourses/mech433/pico/pico-sdk/src/rp2_common/pico_runtime/runtime.c.obj
 .rodata._ftoa.str1.4
                0x000000001000cbf4       0x15 CMakeFiles/main.dir/home/michael/northwesternCourses/mech433/pico/pico-sdk/src/rp2_common/pico_printf/printf.c.obj
 *fill*         0x000000001000cc09        0x3 
 .rodata._vsnprintf
                0x000000001000cc0c      0x19c CMakeFiles/main.dir/home/michael/northwesternCourses/mech433/pico/pico-sdk/src/rp2_common/pico_printf/printf.c.obj
 .rodata.pow10.0
                0x000000001000cda8       0x50 CMakeFiles/main.dir/home/michael/northwesternCourses/mech433/pico/pico-sdk/src/rp2_common/pico_printf/printf.c.obj
 .rodata.str1.4
                0x000000001000cdf8       0x94 CMakeFiles/main.dir/home/michael/northwesternCourses/mech433/pico/pico-sdk/src/rp2_common/pico_standard_link/binary_info.c.obj
 .rodata.__bi_81
                0x000000001000ce8c        0xc CMakeFiles/main.dir/home/michael/northwesternCourses/mech433/pico/pico-sdk/src/rp2_common/pico_standard_link/binary_info.c.obj
 .rodata.__bi_75
                0x000000001000ce98        0xc CMakeFiles/main.dir/home/michael/northwesternCourses/mech433/pico/pico-sdk/src/rp2_common/pico_standard_link/binary_info.c.obj
 .rodata.__bi_69
                0x000000001000cea4        0xc CMakeFiles/main.dir/home/michael/northwesternCourses/mech433/pico/pico-sdk/src/rp2_common/pico_standard_link/binary_info.c.obj
 .rodata.__bi_44
                0x000000001000ceb0        0xc CMakeFiles/main.dir/home/michael/northwesternCourses/mech433/pico/pico-sdk/src/rp2_common/pico_standard_link/binary_info.c.obj
 .rodata.crlf_str.0
                0x000000001000cebc        0x2 CMakeFiles/main.dir/home/michael/northwesternCourses/mech433/pico/pico-sdk/src/rp2_common/pico_stdio/stdio.c.obj
 *fill*         0x000000001000cebe        0x2 
 .rodata._resetd_driver
                0x000000001000cec0       0x18 CMakeFiles/main.dir/home/michael/northwesternCourses/mech433/pico/pico-sdk/src/rp2_common/pico_stdio_usb/reset_interface.c.obj
 .rodata.str1.4
                0x000000001000ced8       0x13 CMakeFiles/main.dir/home/michael/northwesternCourses/mech433/pico/pico-sdk/src/rp2_common/pico_stdio_usb/stdio_usb.c.obj
 *fill*         0x000000001000ceeb        0x1 
 .rodata.__bi_182.0
                0x000000001000ceec        0xc CMakeFiles/main.dir/home/michael/northwesternCourses/mech433/pico/pico-sdk/src/rp2_common/pico_stdio_usb/stdio_usb.c.obj
 .rodata.str1.4
                0x000000001000cef8       0x2a CMakeFiles/main.dir/home/michael/northwesternCourses/mech433/pico/pico-sdk/src/rp2_common/pico_stdio_usb/stdio_usb_descriptors.c.obj
 *fill*         0x000000001000cf22        0x2 
 .rodata.usbd_desc_str
                0x000000001000cf24       0x18 CMakeFiles/main.dir/home/michael/northwesternCourses/mech433/pico/pico-sdk/src/rp2_common/pico_stdio_usb/stdio_usb_descriptors.c.obj
 .rodata.usbd_desc_cfg
                0x000000001000cf3c       0x54 CMakeFiles/main.dir/home/michael/northwesternCourses/mech433/pico/pico-sdk/src/rp2_common/pico_stdio_usb/stdio_usb_descriptors.c.obj
 .rodata.usbd_desc_device
                0x000000001000cf90       0x12 CMakeFiles/main.dir/home/michael/northwesternCourses/mech433/pico/pico-sdk/src/rp2_common/pico_stdio_usb/stdio_usb_descriptors.c.obj
 *fill*         0x000000001000cfa2        0x2 
 .rodata.str1.4
                0x000000001000cfa4       0x14 CMakeFiles/main.dir/home/michael/northwesternCourses/mech433/pico/pico-sdk/lib/tinyusb/src/portable/raspberrypi/rp2040/dcd_rp2040.c.obj
 .rodata.str1.4
                0x000000001000cfb8       0x53 CMakeFiles/main.dir/home/michael/northwesternCourses/mech433/pico/pico-sdk/lib/tinyusb/src/portable/raspberrypi/rp2040/rp2040_usb.c.obj
 *fill*         0x000000001000d00b        0x1 
 .rodata.tud_task_ext
                0x000000001000d00c       0x8c CMakeFiles/main.dir/home/michael/northwesternCourses/mech433/pico/pico-sdk/lib/tinyusb/src/device/usbd.c.obj
 .rodata._usbd_driver
                0x000000001000d098       0x18 CMakeFiles/main.dir/home/michael/northwesternCourses/mech433/pico/pico-sdk/lib/tinyusb/src/device/usbd.c.obj
 .rodata        0x000000001000d0b0        0x4 /usr/lib/gcc/arm-none-eabi/12.2.1/../../../arm-none-eabi/lib/thumb/v6-m/nofp/libc.a(lib_a-impure.o)
                0x000000001000d0b0                _global_impure_ptr
 .rodata.str1.4
                0x000000001000d0b4        0x5 /usr/lib/gcc/arm-none-eabi/12.2.1/../../../arm-none-eabi/lib/thumb/v6-m/nofp/libc.a(lib_a-vfscanf.o)
                                          0x9 (size before relaxing)
 *fill*         0x000000001000d0b9        0x3 
 .rodata        0x000000001000d0bc      0x3e6 /usr/lib/gcc/arm-none-eabi/12.2.1/../../../arm-none-eabi/lib/thumb/v6-m/nofp/libc.a(lib_a-vfscanf.o)
 *fill*         0x000000001000d4a2        0x2 
 .rodata        0x000000001000d4a4      0x101 /usr/lib/gcc/arm-none-eabi/12.2.1/../../../arm-none-eabi/lib/thumb/v6-m/nofp/libc.a(lib_a-ctype_.o)
                0x000000001000d4a4                _ctype_
 *fill*         0x000000001000d5a5        0x3 
 .rodata.str1.4
                0x000000001000d5a8        0xa /usr/lib/gcc/arm-none-eabi/12.2.1/../../../arm-none-eabi/lib/thumb/v6-m/nofp/libc.a(lib_a-locale.o)
                                         0x12 (size before relaxing)
 .rodata.str1.4
                0x000000001000d5b2        0x1 /usr/lib/gcc/arm-none-eabi/12.2.1/../../../arm-none-eabi/lib/thumb/v6-m/nofp/libc.a(lib_a-mbrtowc.o)
 *fill*         0x000000001000d5b2        0x2 
 .rodata.str1.4
                0x000000001000d5b4        0xf /usr/lib/gcc/arm-none-eabi/12.2.1/../../../arm-none-eabi/lib/thumb/v6-m/nofp/libc.a(lib_a-strtod.o)
                                         0x11 (size before relaxing)
 *fill*         0x000000001000d5c3        0x5 
 .rodata        0x000000001000d5c8      0x120 /usr/lib/gcc/arm-none-eabi/12.2.1/../../../arm-none-eabi/lib/thumb/v6-m/nofp/libc.a(lib_a-strtod.o)
 .rodata.str1.4
                0x000000001000d6e8       0x4e /usr/lib/gcc/arm-none-eabi/12.2.1/../../../arm-none-eabi/lib/thumb/v6-m/nofp/libc.a(lib_a-gdtoa-gethex.o)
 *fill*         0x000000001000d736        0x2 
 .rodata        0x000000001000d738      0x100 /usr/lib/gcc/arm-none-eabi/12.2.1/../../../arm-none-eabi/lib/thumb/v6-m/nofp/libc.a(lib_a-gdtoa-gethex.o)
                0x000000001000d738                __hexdig
 .rodata.str1.4
                0x000000001000d838        0x5 /usr/lib/gcc/arm-none-eabi/12.2.1/../../../arm-none-eabi/lib/thumb/v6-m/nofp/libc.a(lib_a-lnumeric.o)
 .rodata        0x000000001000d838        0xc /usr/lib/gcc/arm-none-eabi/12.2.1/../../../arm-none-eabi/lib/thumb/v6-m/nofp/libc.a(lib_a-lnumeric.o)
                0x000000001000d838                _C_numeric_locale
 .rodata.str1.4
                0x000000001000d844       0x33 /usr/lib/gcc/arm-none-eabi/12.2.1/../../../arm-none-eabi/lib/thumb/v6-m/nofp/libc.a(lib_a-mprec.o)
                                         0x47 (size before relaxing)
 *fill*         0x000000001000d877        0x1 
 .rodata        0x000000001000d878      0x128 /usr/lib/gcc/arm-none-eabi/12.2.1/../../../arm-none-eabi/lib/thumb/v6-m/nofp/libc.a(lib_a-mprec.o)
                0x000000001000d888                __mprec_tinytens
                0x000000001000d8b0                __mprec_bigtens
                0x000000001000d8d8                __mprec_tens
                0x000000001000d9a0                . = ALIGN (0x4)
 *(SORT_BY_ALIGNMENT(SORT_BY_NAME(.flashdata*)))
                0x000000001000d9a0                . = ALIGN (0x4)

.ARM.extab
 *(.ARM.extab* .gnu.linkonce.armextab.*)
                0x000000001000d9a0                __exidx_start = .

.ARM.exidx
 *(.ARM.exidx* .gnu.linkonce.armexidx.*)
                0x000000001000d9a0                __exidx_end = .
                0x000000001000d9a0                . = ALIGN (0x4)
                0x000000001000d9a0                __binary_info_start = .

.binary_info    0x000000001000d9a0       0x24
 *(.binary_info.keep.*)
 .binary_info.keep.__bi_ptr81
                0x000000001000d9a0        0x4 CMakeFiles/main.dir/home/michael/northwesternCourses/mech433/pico/pico-sdk/src/rp2_common/pico_standard_link/binary_info.c.obj
 .binary_info.keep.__bi_ptr75
                0x000000001000d9a4        0x4 CMakeFiles/main.dir/home/michael/northwesternCourses/mech433/pico/pico-sdk/src/rp2_common/pico_standard_link/binary_info.c.obj
 .binary_info.keep.__bi_ptr69
                0x000000001000d9a8        0x4 CMakeFiles/main.dir/home/michael/northwesternCourses/mech433/pico/pico-sdk/src/rp2_common/pico_standard_link/binary_info.c.obj
 .binary_info.keep.__bi_ptr50
                0x000000001000d9ac        0x4 CMakeFiles/main.dir/home/michael/northwesternCourses/mech433/pico/pico-sdk/src/rp2_common/pico_standard_link/binary_info.c.obj
 .binary_info.keep.__bi_ptr44
                0x000000001000d9b0        0x4 CMakeFiles/main.dir/home/michael/northwesternCourses/mech433/pico/pico-sdk/src/rp2_common/pico_standard_link/binary_info.c.obj
 .binary_info.keep.__bi_ptr38
                0x000000001000d9b4        0x4 CMakeFiles/main.dir/home/michael/northwesternCourses/mech433/pico/pico-sdk/src/rp2_common/pico_standard_link/binary_info.c.obj
 .binary_info.keep.__bi_ptr30
                0x000000001000d9b8        0x4 CMakeFiles/main.dir/home/michael/northwesternCourses/mech433/pico/pico-sdk/src/rp2_common/pico_standard_link/binary_info.c.obj
 .binary_info.keep.__bi_ptr22
                0x000000001000d9bc        0x4 CMakeFiles/main.dir/home/michael/northwesternCourses/mech433/pico/pico-sdk/src/rp2_common/pico_standard_link/binary_info.c.obj
 *(.binary_info.*)
 .binary_info.__bi_ptr182
                0x000000001000d9c0        0x4 CMakeFiles/main.dir/home/michael/northwesternCourses/mech433/pico/pico-sdk/src/rp2_common/pico_stdio_usb/stdio_usb.c.obj
                0x000000001000d9c4                __binary_info_end = .

.rel.dyn        0x000000001000d9c4        0x0
 .rel.iplt      0x000000001000d9c4        0x0 /usr/lib/gcc/arm-none-eabi/12.2.1/thumb/v6-m/nofp/crtbegin.o
                0x000000001000d9c4                . = ALIGN (0x4)

.ram_vector_table
                0x0000000020000000       0xc0
 *(.ram_vector_table)
 .ram_vector_table
                0x0000000020000000       0xc0 CMakeFiles/main.dir/home/michael/northwesternCourses/mech433/pico/pico-sdk/src/rp2_common/pico_runtime/runtime.c.obj
                0x0000000020000000                ram_vector_table

.data           0x00000000200000c0     0x1880 load address 0x000000001000d9c4
                0x00000000200000c0                __data_start__ = .
 *(vtable)
 *(.time_critical*)
 .time_critical.mutex_try_enter
                0x00000000200000c0       0x40 CMakeFiles/main.dir/home/michael/northwesternCourses/mech433/pico/pico-sdk/src/common/pico_sync/mutex.c.obj
                0x00000000200000c0                mutex_try_enter
 .time_critical.mutex_try_enter_block_until
                0x0000000020000100       0x9c CMakeFiles/main.dir/home/michael/northwesternCourses/mech433/pico/pico-sdk/src/common/pico_sync/mutex.c.obj
                0x0000000020000100                mutex_try_enter_block_until
 .time_critical.mutex_enter_timeout_ms
                0x000000002000019c       0x90 CMakeFiles/main.dir/home/michael/northwesternCourses/mech433/pico/pico-sdk/src/common/pico_sync/mutex.c.obj
                0x000000002000019c                mutex_enter_timeout_ms
 .time_critical.mutex_exit
                0x000000002000022c       0x28 CMakeFiles/main.dir/home/michael/northwesternCourses/mech433/pico/pico-sdk/src/common/pico_sync/mutex.c.obj
                0x000000002000022c                mutex_exit
 .time_critical.flash_init_boot2_copyout
                0x0000000020000254       0x30 CMakeFiles/main.dir/home/michael/northwesternCourses/mech433/pico/pico-sdk/src/rp2_common/hardware_flash/flash.c.obj
 .time_critical.flash_enable_xip_via_boot2
                0x0000000020000284        0xc CMakeFiles/main.dir/home/michael/northwesternCourses/mech433/pico/pico-sdk/src/rp2_common/hardware_flash/flash.c.obj
 .time_critical.flash_cs_force
                0x0000000020000290       0x38 CMakeFiles/main.dir/home/michael/northwesternCourses/mech433/pico/pico-sdk/src/rp2_common/hardware_flash/flash.c.obj
 .time_critical.flash_do_cmd
                0x00000000200002c8       0xc0 CMakeFiles/main.dir/home/michael/northwesternCourses/mech433/pico/pico-sdk/src/rp2_common/hardware_flash/flash.c.obj
                0x00000000200002c8                flash_do_cmd
 .time_critical.reset_non_control_endpoints
                0x0000000020000388       0x68 CMakeFiles/main.dir/home/michael/northwesternCourses/mech433/pico/pico-sdk/lib/tinyusb/src/portable/raspberrypi/rp2040/dcd_rp2040.c.obj
 .time_critical.hw_handle_buff_status
                0x00000000200003f0       0xac CMakeFiles/main.dir/home/michael/northwesternCourses/mech433/pico/pico-sdk/lib/tinyusb/src/portable/raspberrypi/rp2040/dcd_rp2040.c.obj
 .time_critical.dcd_rp2040_irq
                0x000000002000049c      0x510 CMakeFiles/main.dir/home/michael/northwesternCourses/mech433/pico/pico-sdk/lib/tinyusb/src/portable/raspberrypi/rp2040/dcd_rp2040.c.obj
 .time_critical.e15_is_bulkin_ep
                0x00000000200009ac       0x28 CMakeFiles/main.dir/home/michael/northwesternCourses/mech433/pico/pico-sdk/lib/tinyusb/src/portable/raspberrypi/rp2040/rp2040_usb.c.obj
 .time_critical.e15_is_critical_frame_period
                0x00000000200009d4       0x34 CMakeFiles/main.dir/home/michael/northwesternCourses/mech433/pico/pico-sdk/lib/tinyusb/src/portable/raspberrypi/rp2040/rp2040_usb.c.obj
 .time_critical.prepare_ep_buffer
                0x0000000020000a08       0x6c CMakeFiles/main.dir/home/michael/northwesternCourses/mech433/pico/pico-sdk/lib/tinyusb/src/portable/raspberrypi/rp2040/rp2040_usb.c.obj
 .time_critical.sync_ep_buffer
                0x0000000020000a74       0x48 CMakeFiles/main.dir/home/michael/northwesternCourses/mech433/pico/pico-sdk/lib/tinyusb/src/portable/raspberrypi/rp2040/rp2040_usb.c.obj
 .time_critical._hw_endpoint_xfer_sync
                0x0000000020000abc       0x28 CMakeFiles/main.dir/home/michael/northwesternCourses/mech433/pico/pico-sdk/lib/tinyusb/src/portable/raspberrypi/rp2040/rp2040_usb.c.obj
 .time_critical.hw_endpoint_reset_transfer
                0x0000000020000ae4        0xc CMakeFiles/main.dir/home/michael/northwesternCourses/mech433/pico/pico-sdk/lib/tinyusb/src/portable/raspberrypi/rp2040/rp2040_usb.c.obj
                0x0000000020000ae4                hw_endpoint_reset_transfer
 .time_critical._hw_endpoint_buffer_control_update32
                0x0000000020000af0       0x58 CMakeFiles/main.dir/home/michael/northwesternCourses/mech433/pico/pico-sdk/lib/tinyusb/src/portable/raspberrypi/rp2040/rp2040_usb.c.obj
                0x0000000020000af0                _hw_endpoint_buffer_control_update32
 .time_critical.hw_endpoint_start_next_buffer
                0x0000000020000b48       0x6c CMakeFiles/main.dir/home/michael/northwesternCourses/mech433/pico/pico-sdk/lib/tinyusb/src/portable/raspberrypi/rp2040/rp2040_usb.c.obj
                0x0000000020000b48                hw_endpoint_start_next_buffer
 .time_critical.hw_endpoint_xfer_continue
                0x0000000020000bb4       0x50 CMakeFiles/main.dir/home/michael/northwesternCourses/mech433/pico/pico-sdk/lib/tinyusb/src/portable/raspberrypi/rp2040/rp2040_usb.c.obj
                0x0000000020000bb4                hw_endpoint_xfer_continue
 .time_critical.tinyusb
                0x0000000020000c04      0x170 CMakeFiles/main.dir/home/michael/northwesternCourses/mech433/pico/pico-sdk/lib/tinyusb/src/device/usbd.c.obj
                0x0000000020000c04                dcd_event_handler
 *(.text*)
 .text          0x0000000020000d74        0x4 /usr/lib/gcc/arm-none-eabi/12.2.1/thumb/v6-m/nofp/libgcc.a(_dvmd_tls.o)
                0x0000000020000d74                __aeabi_ldiv0
                0x0000000020000d74                __aeabi_idiv0
 .text          0x0000000020000d78       0xac /usr/lib/gcc/arm-none-eabi/12.2.1/../../../arm-none-eabi/lib/thumb/v6-m/nofp/libc.a(lib_a-memmove.o)