Archive member included to satisfy reference by file (symbol)

/usr/lib/gcc/arm-none-eabi/12.2.1/thumb/v6-m/nofp/libgcc.a(_dvmd_tls.o)
                              CMakeFiles/main.dir/home/michael/northwesternCourses/mech433/pico/pico-sdk/src/rp2_common/pico_divider/divider.S.obj (__aeabi_idiv0)
/usr/lib/gcc/arm-none-eabi/12.2.1/../../../arm-none-eabi/lib/thumb/v6-m/nofp/libc.a(lib_a-atexit.o)
                              /usr/lib/gcc/arm-none-eabi/12.2.1/../../../arm-none-eabi/lib/thumb/v6-m/nofp/crt0.o (atexit)
/usr/lib/gcc/arm-none-eabi/12.2.1/../../../arm-none-eabi/lib/thumb/v6-m/nofp/libc.a(lib_a-calloc.o)
                              CMakeFiles/main.dir/home/michael/northwesternCourses/mech433/pico/pico-sdk/src/rp2_common/pico_malloc/pico_malloc.c.obj (calloc)
/usr/lib/gcc/arm-none-eabi/12.2.1/../../../arm-none-eabi/lib/thumb/v6-m/nofp/libc.a(lib_a-callocr.o)
                              /usr/lib/gcc/arm-none-eabi/12.2.1/../../../arm-none-eabi/lib/thumb/v6-m/nofp/libc.a(lib_a-calloc.o) (_calloc_r)
/usr/lib/gcc/arm-none-eabi/12.2.1/../../../arm-none-eabi/lib/thumb/v6-m/nofp/libc.a(lib_a-fini.o)
                              /usr/lib/gcc/arm-none-eabi/12.2.1/../../../arm-none-eabi/lib/thumb/v6-m/nofp/crt0.o (__libc_fini_array)
/usr/lib/gcc/arm-none-eabi/12.2.1/../../../arm-none-eabi/lib/thumb/v6-m/nofp/libc.a(lib_a-impure.o)
                              /usr/lib/gcc/arm-none-eabi/12.2.1/../../../arm-none-eabi/lib/thumb/v6-m/nofp/libc.a(lib_a-calloc.o) (_impure_ptr)
/usr/lib/gcc/arm-none-eabi/12.2.1/../../../arm-none-eabi/lib/thumb/v6-m/nofp/libc.a(lib_a-init.o)
                              /usr/lib/gcc/arm-none-eabi/12.2.1/../../../arm-none-eabi/lib/thumb/v6-m/nofp/crt0.o (__libc_init_array)
/usr/lib/gcc/arm-none-eabi/12.2.1/../../../arm-none-eabi/lib/thumb/v6-m/nofp/libc.a(lib_a-malloc.o)
                              CMakeFiles/main.dir/home/michael/northwesternCourses/mech433/pico/pico-sdk/src/rp2_common/pico_malloc/pico_malloc.c.obj (malloc)
/usr/lib/gcc/arm-none-eabi/12.2.1/../../../arm-none-eabi/lib/thumb/v6-m/nofp/libc.a(lib_a-mallocr.o)
                              /usr/lib/gcc/arm-none-eabi/12.2.1/../../../arm-none-eabi/lib/thumb/v6-m/nofp/libc.a(lib_a-callocr.o) (_malloc_r)
/usr/lib/gcc/arm-none-eabi/12.2.1/../../../arm-none-eabi/lib/thumb/v6-m/nofp/libc.a(lib_a-mlock.o)
                              /usr/lib/gcc/arm-none-eabi/12.2.1/../../../arm-none-eabi/lib/thumb/v6-m/nofp/libc.a(lib_a-mallocr.o) (__malloc_lock)
/usr/lib/gcc/arm-none-eabi/12.2.1/../../../arm-none-eabi/lib/thumb/v6-m/nofp/libc.a(lib_a-realloc.o)
                              CMakeFiles/main.dir/home/michael/northwesternCourses/mech433/pico/pico-sdk/src/rp2_common/pico_malloc/pico_malloc.c.obj (realloc)
/usr/lib/gcc/arm-none-eabi/12.2.1/../../../arm-none-eabi/lib/thumb/v6-m/nofp/libc.a(lib_a-reallocr.o)
                              /usr/lib/gcc/arm-none-eabi/12.2.1/../../../arm-none-eabi/lib/thumb/v6-m/nofp/libc.a(lib_a-realloc.o) (_realloc_r)
/usr/lib/gcc/arm-none-eabi/12.2.1/../../../arm-none-eabi/lib/thumb/v6-m/nofp/libc.a(lib_a-sbrkr.o)
                              /usr/lib/gcc/arm-none-eabi/12.2.1/../../../arm-none-eabi/lib/thumb/v6-m/nofp/libc.a(lib_a-mallocr.o) (_sbrk_r)
/usr/lib/gcc/arm-none-eabi/12.2.1/../../../arm-none-eabi/lib/thumb/v6-m/nofp/libc.a(lib_a-strlen-stub.o)
                              CMakeFiles/main.dir/usb_descriptors.c.obj (strlen)
/usr/lib/gcc/arm-none-eabi/12.2.1/../../../arm-none-eabi/lib/thumb/v6-m/nofp/libc.a(lib_a-__atexit.o)
                              /usr/lib/gcc/arm-none-eabi/12.2.1/../../../arm-none-eabi/lib/thumb/v6-m/nofp/libc.a(lib_a-atexit.o) (__register_exitproc)
/usr/lib/gcc/arm-none-eabi/12.2.1/../../../arm-none-eabi/lib/thumb/v6-m/nofp/libc.a(lib_a-freer.o)
                              /usr/lib/gcc/arm-none-eabi/12.2.1/../../../arm-none-eabi/lib/thumb/v6-m/nofp/libc.a(lib_a-malloc.o) (_free_r)
/usr/lib/gcc/arm-none-eabi/12.2.1/../../../arm-none-eabi/lib/thumb/v6-m/nofp/libc.a(lib_a-memmove.o)
                              /usr/lib/gcc/arm-none-eabi/12.2.1/../../../arm-none-eabi/lib/thumb/v6-m/nofp/libc.a(lib_a-reallocr.o) (memmove)
/usr/lib/gcc/arm-none-eabi/12.2.1/../../../arm-none-eabi/lib/thumb/v6-m/nofp/libc.a(lib_a-reent.o)
                              /usr/lib/gcc/arm-none-eabi/12.2.1/../../../arm-none-eabi/lib/thumb/v6-m/nofp/libc.a(lib_a-sbrkr.o) (errno)

Discarded input sections

 .text          0x0000000000000000        0x0 /usr/lib/gcc/arm-none-eabi/12.2.1/thumb/v6-m/nofp/crti.o
 .data          0x0000000000000000        0x0 /usr/lib/gcc/arm-none-eabi/12.2.1/thumb/v6-m/nofp/crti.o
 .bss           0x0000000000000000        0x0 /usr/lib/gcc/arm-none-eabi/12.2.1/thumb/v6-m/nofp/crti.o
 .data          0x0000000000000000        0x4 /usr/lib/gcc/arm-none-eabi/12.2.1/thumb/v6-m/nofp/crtbegin.o
 .rodata        0x0000000000000000       0x24 /usr/lib/gcc/arm-none-eabi/12.2.1/thumb/v6-m/nofp/crtbegin.o
[...]
Memory Configuration

Name             Origin             Length             Attributes
FLASH            0x0000000010000000 0x0000000000200000 xr
RAM              0x0000000020000000 0x0000000000040000 xrw
SCRATCH_X        0x0000000020040000 0x0000000000001000 xrw
SCRATCH_Y        0x0000000020041000 0x0000000000001000 xrw
*default*        0x0000000000000000 0xffffffffffffffff

Linker script and memory map

LOAD /usr/lib/gcc/arm-none-eabi/12.2.1/thumb/v6-m/nofp/crti.o
LOAD /usr/lib/gcc/arm-none-eabi/12.2.1/thumb/v6-m/nofp/crtbegin.o
LOAD /usr/lib/gcc/arm-none-eabi/12.2.1/../../../arm-none-eabi/lib/thumb/v6-m/nofp/crt0.o

.flash_begin    0x0000000010000000        0x0
                0x0000000010000000                __flash_binary_start = .

.boot2          0x0000000010000000      0x100
                0x0000000010000000                __boot2_start__ = .
 *(.boot2)
 .boot2         0x0000000010000000      0x100 /tmp/cc4Xft8X.o
                0x0000000010000100                __boot2_end__ = .
                0x0000000000000001                ASSERT (((__boot2_end__ - __boot2_start__) == 0x100), ERROR: Pico second stage bootloader must be 256 bytes in size)

.text           0x0000000010000100     0x4720
                0x0000000010000100                __logical_binary_start = .
 *(.vectors)
 .vectors       0x0000000010000100       0xd4 CMakeFiles/main.dir/home/michael/northwesternCourses/mech433/pico/pico-sdk/src/rp2_common/pico_standard_link/crt0.S.obj
                0x0000000010000100                __vectors
                0x0000000010000100                __VECTOR_TABLE
                0x00000000100001c0                isr_invalid
                0x00000000100001c0                __default_isrs_start
                0x00000000100001c2                isr_nmi
                0x00000000100001c4                isr_hardfault
                0x00000000100001c6                isr_svcall
                0x00000000100001c8                isr_pendsv
                0x00000000100001ca                isr_systick
                0x00000000100001cc                isr_irq30
                0x00000000100001cc                __unhandled_user_irq
                0x00000000100001cc                isr_irq13
                0x00000000100001cc                isr_irq27
                0x00000000100001cc                isr_irq31
                0x00000000100001cc                isr_irq5
                0x00000000100001cc                isr_irq11
                0x00000000100001cc                isr_irq23
                0x00000000100001cc                isr_irq18
                0x00000000100001cc                isr_irq28
                0x00000000100001cc                isr_irq19
                0x00000000100001cc                isr_irq0
                0x00000000100001cc                isr_irq6
                0x00000000100001cc                isr_irq22
                0x00000000100001cc                isr_irq17
                0x00000000100001cc                isr_irq14
                0x00000000100001cc                isr_irq2
                0x00000000100001cc                isr_irq10
                0x00000000100001cc                isr_irq8
                0x00000000100001cc                isr_irq24
                0x00000000100001cc                isr_irq1
                0x00000000100001cc                isr_irq7
                0x00000000100001cc                isr_irq21
                0x00000000100001cc                isr_irq20
                0x00000000100001cc                isr_irq15
                0x00000000100001cc                isr_irq25
                0x00000000100001cc                isr_irq4
                0x00000000100001cc                isr_irq16
                0x00000000100001cc                isr_irq29
                0x00000000100001cc                isr_irq26
                0x00000000100001cc                __default_isrs_end
                0x00000000100001cc                isr_irq3
                0x00000000100001cc                isr_irq12
                0x00000000100001cc                isr_irq9
                0x00000000100001d2                unhandled_user_irq_num_in_r0
 *(.binary_info_header)
 .binary_info_header
                0x00000000100001d4       0x14 CMakeFiles/main.dir/home/michael/northwesternCourses/mech433/pico/pico-sdk/src/rp2_common/pico_standard_link/crt0.S.obj
                0x00000000100001e8                __binary_info_header_end = .
 *(.reset)
 .reset         0x00000000100001e8       0xa0 CMakeFiles/main.dir/home/michael/northwesternCourses/mech433/pico/pico-sdk/src/rp2_common/pico_standard_link/crt0.S.obj
                0x00000000100001e8                _entry_point
 .reset         0x0000000010000288       0x30 CMakeFiles/main.dir/home/michael/northwesternCourses/mech433/pico/pico-sdk/src/rp2_common/pico_standard_link/binary_info.c.obj
 *(.init)
 .init          0x00000000100002b8        0x4 /usr/lib/gcc/arm-none-eabi/12.2.1/thumb/v6-m/nofp/crti.o
                0x00000000100002b8                _init
 *(EXCLUDE_FILE(*libm.a: *libc.a:*lib_a-mem*.o *libgcc.a:) .text*)
 .text          0x00000000100002bc       0x98 /usr/lib/gcc/arm-none-eabi/12.2.1/thumb/v6-m/nofp/crtbegin.o
 .text.tud_mount_cb
                0x0000000010000354       0x10 CMakeFiles/main.dir/main.c.obj
                0x0000000010000354                tud_mount_cb
 .text.tud_umount_cb
                0x0000000010000364        0xc CMakeFiles/main.dir/main.c.obj
                0x0000000010000364                tud_umount_cb
 .text.tud_suspend_cb
                0x0000000010000370       0x10 CMakeFiles/main.dir/main.c.obj
                0x0000000010000370                tud_suspend_cb
 .text.tud_resume_cb
                0x0000000010000380       0x10 CMakeFiles/main.dir/main.c.obj
                0x0000000010000380                tud_resume_cb
 .text.hid_task
                0x0000000010000390       0x7c CMakeFiles/main.dir/main.c.obj
                0x0000000010000390                hid_task
 .text.tud_hid_get_report_cb
                0x000000001000040c        0x4 CMakeFiles/main.dir/main.c.obj
                0x000000001000040c                tud_hid_get_report_cb
 .text.tud_hid_set_report_cb
                0x0000000010000410       0x3c CMakeFiles/main.dir/main.c.obj
                0x0000000010000410                tud_hid_set_report_cb
 .text.get_data
                0x000000001000044c       0x60 CMakeFiles/main.dir/main.c.obj
                0x000000001000044c                get_data
 .text.startup.main
                0x00000000100004ac      0x118 CMakeFiles/main.dir/main.c.obj
                0x00000000100004ac                main
 .text.tud_descriptor_device_cb
                0x00000000100005c4        0x8 CMakeFiles/main.dir/usb_descriptors.c.obj
                0x00000000100005c4                tud_descriptor_device_cb
 .text.tud_hid_descriptor_report_cb
                0x00000000100005cc        0x8 CMakeFiles/main.dir/usb_descriptors.c.obj
                0x00000000100005cc                tud_hid_descriptor_report_cb
 .text.tud_descriptor_configuration_cb
                0x00000000100005d4        0x8 CMakeFiles/main.dir/usb_descriptors.c.obj
                0x00000000100005d4                tud_descriptor_configuration_cb
 .text.tud_descriptor_string_cb
                0x00000000100005dc       0x8c CMakeFiles/main.dir/usb_descriptors.c.obj
                0x00000000100005dc                tud_descriptor_string_cb
 .text.gpio_set_function
                0x0000000010000668       0x30 CMakeFiles/main.dir/home/michael/northwesternCourses/mech433/pico/pico-sdk/src/rp2_common/hardware_gpio/gpio.c.obj
                0x0000000010000668                gpio_set_function
 .text.gpio_init
                0x0000000010000698       0x3c CMakeFiles/main.dir/home/michael/northwesternCourses/mech433/pico/pico-sdk/src/rp2_common/hardware_gpio/gpio.c.obj
                0x0000000010000698                gpio_init
 .text.running_on_fpga
                0x00000000100006d4       0x10 CMakeFiles/main.dir/home/michael/northwesternCourses/mech433/pico/pico-sdk/src/rp2_common/pico_platform/platform.c.obj
                0x00000000100006d4                running_on_fpga
 .text.hw_claim_or_assert
                0x00000000100006e4       0x44 CMakeFiles/main.dir/home/michael/northwesternCourses/mech433/pico/pico-sdk/src/rp2_common/hardware_claim/claim.c.obj
                0x00000000100006e4                hw_claim_or_assert
 .text.hw_claim_unused_from_range
                0x0000000010000728       0x9c CMakeFiles/main.dir/home/michael/northwesternCourses/mech433/pico/pico-sdk/src/rp2_common/hardware_claim/claim.c.obj
                0x0000000010000728                hw_claim_unused_from_range
 .text.spin_locks_reset
                0x00000000100007c4       0x1c CMakeFiles/main.dir/home/michael/northwesternCourses/mech433/pico/pico-sdk/src/rp2_common/hardware_sync/sync.c.obj
                0x00000000100007c4                spin_locks_reset
 .text.next_striped_spin_lock_num
                0x00000000100007e0       0x18 CMakeFiles/main.dir/home/michael/northwesternCourses/mech433/pico/pico-sdk/src/rp2_common/hardware_sync/sync.c.obj
                0x00000000100007e0                next_striped_spin_lock_num
 .text.spin_lock_claim_unused
                0x00000000100007f8       0x24 CMakeFiles/main.dir/home/michael/northwesternCourses/mech433/pico/pico-sdk/src/rp2_common/hardware_sync/sync.c.obj
                0x00000000100007f8                spin_lock_claim_unused
 .text.irq_set_enabled
                0x000000001000081c       0x24 CMakeFiles/main.dir/home/michael/northwesternCourses/mech433/pico/pico-sdk/src/rp2_common/hardware_irq/irq.c.obj
                0x000000001000081c                irq_set_enabled
 .text.irq_get_vtable_handler
                0x0000000010000840       0x10 CMakeFiles/main.dir/home/michael/northwesternCourses/mech433/pico/pico-sdk/src/rp2_common/hardware_irq/irq.c.obj
                0x0000000010000840                irq_get_vtable_handler
 .text.irq_set_exclusive_handler
                0x0000000010000850       0x54 CMakeFiles/main.dir/home/michael/northwesternCourses/mech433/pico/pico-sdk/src/rp2_common/hardware_irq/irq.c.obj
                0x0000000010000850                irq_set_exclusive_handler
 .text.irq_add_shared_handler
                0x00000000100008a4      0x1f4 CMakeFiles/main.dir/home/michael/northwesternCourses/mech433/pico/pico-sdk/src/rp2_common/hardware_irq/irq.c.obj
                0x00000000100008a4                irq_add_shared_handler
 .text.irq_remove_handler
                0x0000000010000a98      0x1c4 CMakeFiles/main.dir/home/michael/northwesternCourses/mech433/pico/pico-sdk/src/rp2_common/hardware_irq/irq.c.obj
                0x0000000010000a98                irq_remove_handler
 .text.irq_add_tail_to_free_list
                0x0000000010000c5c       0xb4 CMakeFiles/main.dir/home/michael/northwesternCourses/mech433/pico/pico-sdk/src/rp2_common/hardware_irq/irq.c.obj
                0x0000000010000c5c                irq_add_tail_to_free_list
 .text.irq_init_priorities
                0x0000000010000d10       0x24 CMakeFiles/main.dir/home/michael/northwesternCourses/mech433/pico/pico-sdk/src/rp2_common/hardware_irq/irq.c.obj
                0x0000000010000d10                irq_init_priorities
 .text.lock_init
                0x0000000010000d34       0x10 CMakeFiles/main.dir/home/michael/northwesternCourses/mech433/pico/pico-sdk/src/common/pico_sync/lock_core.c.obj
                0x0000000010000d34                lock_init
 .text.mutex_init
                0x0000000010000d44       0x1c CMakeFiles/main.dir/home/michael/northwesternCourses/mech433/pico/pico-sdk/src/common/pico_sync/mutex.c.obj
                0x0000000010000d44                mutex_init
 .text.recursive_mutex_init
                0x0000000010000d60       0x1c CMakeFiles/main.dir/home/michael/northwesternCourses/mech433/pico/pico-sdk/src/common/pico_sync/mutex.c.obj
                0x0000000010000d60                recursive_mutex_init
 .text.critical_section_init
                0x0000000010000d7c       0x1c CMakeFiles/main.dir/home/michael/northwesternCourses/mech433/pico/pico-sdk/src/common/pico_sync/critical_section.c.obj
                0x0000000010000d7c                critical_section_init
 .text.timer_pool_entry_comparator
                0x0000000010000d98       0x34 CMakeFiles/main.dir/home/michael/northwesternCourses/mech433/pico/pico-sdk/src/common/pico_time/time.c.obj
                0x0000000010000d98                timer_pool_entry_comparator
 .text.sleep_until_callback
                0x0000000010000dcc       0x30 CMakeFiles/main.dir/home/michael/northwesternCourses/mech433/pico/pico-sdk/src/common/pico_time/time.c.obj
 .text.add_alarm_under_lock.isra.0
                0x0000000010000dfc      0x100 CMakeFiles/main.dir/home/michael/northwesternCourses/mech433/pico/pico-sdk/src/common/pico_time/time.c.obj
 .text.alarm_pool_alarm_callback
                0x0000000010000efc      0x1c0 CMakeFiles/main.dir/home/michael/northwesternCourses/mech433/pico/pico-sdk/src/common/pico_time/time.c.obj
 .text.alarm_pool_init_default
                0x00000000100010bc       0x6c CMakeFiles/main.dir/home/michael/northwesternCourses/mech433/pico/pico-sdk/src/common/pico_time/time.c.obj
                0x00000000100010bc                alarm_pool_init_default
 .text.alarm_pool_add_alarm_at
                0x0000000010001128      0x188 CMakeFiles/main.dir/home/michael/northwesternCourses/mech433/pico/pico-sdk/src/common/pico_time/time.c.obj
                0x0000000010001128                alarm_pool_add_alarm_at
 .text.best_effort_wfe_or_timeout
                0x00000000100012b0       0xec CMakeFiles/main.dir/home/michael/northwesternCourses/mech433/pico/pico-sdk/src/common/pico_time/time.c.obj
                0x00000000100012b0                best_effort_wfe_or_timeout
 .text.hardware_alarm_irq_handler
                0x000000001000139c       0xbc CMakeFiles/main.dir/home/michael/northwesternCourses/mech433/pico/pico-sdk/src/rp2_common/hardware_timer/timer.c.obj
 .text.hardware_alarm_claim
                0x0000000010001458       0x18 CMakeFiles/main.dir/home/michael/northwesternCourses/mech433/pico/pico-sdk/src/rp2_common/hardware_timer/timer.c.obj
                0x0000000010001458                hardware_alarm_claim
 .text.time_us_64
                0x0000000010001470       0x14 CMakeFiles/main.dir/home/michael/northwesternCourses/mech433/pico/pico-sdk/src/rp2_common/hardware_timer/timer.c.obj
                0x0000000010001470                time_us_64
 .text.busy_wait_us
                0x0000000010001484       0x68 CMakeFiles/main.dir/home/michael/northwesternCourses/mech433/pico/pico-sdk/src/rp2_common/hardware_timer/timer.c.obj
                0x0000000010001484                busy_wait_us
 .text.hardware_alarm_set_callback
                0x00000000100014ec       0x8c CMakeFiles/main.dir/home/michael/northwesternCourses/mech433/pico/pico-sdk/src/rp2_common/hardware_timer/timer.c.obj
                0x00000000100014ec                hardware_alarm_set_callback
 .text.hardware_alarm_set_target
                0x0000000010001578       0xd0 CMakeFiles/main.dir/home/michael/northwesternCourses/mech433/pico/pico-sdk/src/rp2_common/hardware_timer/timer.c.obj
                0x0000000010001578                hardware_alarm_set_target
 .text.hardware_alarm_cancel
                0x0000000010001648       0x3c CMakeFiles/main.dir/home/michael/northwesternCourses/mech433/pico/pico-sdk/src/rp2_common/hardware_timer/timer.c.obj
                0x0000000010001648                hardware_alarm_cancel
 .text.ph_merge_nodes
                0x0000000010001684       0x64 CMakeFiles/main.dir/home/michael/northwesternCourses/mech433/pico/pico-sdk/src/common/pico_util/pheap.c.obj
 .text.ph_post_alloc_init
                0x00000000100016e8       0x3c CMakeFiles/main.dir/home/michael/northwesternCourses/mech433/pico/pico-sdk/src/common/pico_util/pheap.c.obj
                0x00000000100016e8                ph_post_alloc_init
 .text.ph_merge_two_pass
                0x0000000010001724       0x98 CMakeFiles/main.dir/home/michael/northwesternCourses/mech433/pico/pico-sdk/src/common/pico_util/pheap.c.obj
                0x0000000010001724                ph_merge_two_pass
 .text.ph_remove_any_head
                0x00000000100017bc      0x100 CMakeFiles/main.dir/home/michael/northwesternCourses/mech433/pico/pico-sdk/src/common/pico_util/pheap.c.obj
 .text.ph_remove_head
                0x00000000100018bc      0x104 CMakeFiles/main.dir/home/michael/northwesternCourses/mech433/pico/pico-sdk/src/common/pico_util/pheap.c.obj
                0x00000000100018bc                ph_remove_head
 .text.ph_remove_and_free_node
                0x00000000100019c0       0x78 CMakeFiles/main.dir/home/michael/northwesternCourses/mech433/pico/pico-sdk/src/common/pico_util/pheap.c.obj
                0x00000000100019c0                ph_remove_and_free_node
 .text.uart_init
                0x0000000010001a38      0x188 CMakeFiles/main.dir/home/michael/northwesternCourses/mech433/pico/pico-sdk/src/rp2_common/hardware_uart/uart.c.obj
                0x0000000010001a38                uart_init
 .text.clocks_init
                0x0000000010001bc0      0x2c8 CMakeFiles/main.dir/home/michael/northwesternCourses/mech433/pico/pico-sdk/src/rp2_common/hardware_clocks/clocks.c.obj
                0x0000000010001bc0                clocks_init
 .text.clock_get_hz
                0x0000000010001e88        0xc CMakeFiles/main.dir/home/michael/northwesternCourses/mech433/pico/pico-sdk/src/rp2_common/hardware_clocks/clocks.c.obj
                0x0000000010001e88                clock_get_hz
 .text.pll_init
                0x0000000010001e94       0xa0 CMakeFiles/main.dir/home/michael/northwesternCourses/mech433/pico/pico-sdk/src/rp2_common/hardware_pll/pll.c.obj
                0x0000000010001e94                pll_init
 .text.watchdog_start_tick
                0x0000000010001f34       0x10 CMakeFiles/main.dir/home/michael/northwesternCourses/mech433/pico/pico-sdk/src/rp2_common/hardware_watchdog/watchdog.c.obj
                0x0000000010001f34                watchdog_start_tick
 .text.xosc_init
                0x0000000010001f44       0x28 CMakeFiles/main.dir/home/michael/northwesternCourses/mech433/pico/pico-sdk/src/rp2_common/hardware_xosc/xosc.c.obj
                0x0000000010001f44                xosc_init
 .text.runtime_init
                0x0000000010001f6c       0xf0 CMakeFiles/main.dir/home/michael/northwesternCourses/mech433/pico/pico-sdk/src/rp2_common/pico_runtime/runtime.c.obj
                0x0000000010001f6c                runtime_init
 .text._exit    0x000000001000205c        0x4 CMakeFiles/main.dir/home/michael/northwesternCourses/mech433/pico/pico-sdk/src/rp2_common/pico_runtime/runtime.c.obj
                0x000000001000205c                _exit
 .text.exit     0x0000000010002060        0x8 CMakeFiles/main.dir/home/michael/northwesternCourses/mech433/pico/pico-sdk/src/rp2_common/pico_runtime/runtime.c.obj
                0x0000000010002060                exit
 .text.panic    0x0000000010002068       0x30 CMakeFiles/main.dir/home/michael/northwesternCourses/mech433/pico/pico-sdk/src/rp2_common/pico_runtime/runtime.c.obj
                0x0000000010002068                panic
 .text.hard_assertion_failure
                0x0000000010002098        0xc CMakeFiles/main.dir/home/michael/northwesternCourses/mech433/pico/pico-sdk/src/rp2_common/pico_runtime/runtime.c.obj
                0x0000000010002098                hard_assertion_failure
 .text._out_char
                0x00000000100020a4       0x10 CMakeFiles/main.dir/home/michael/northwesternCourses/mech433/pico/pico-sdk/src/rp2_common/pico_printf/printf.c.obj
 .text.weak_raw_vprintf
                0x00000000100020b4       0x30 CMakeFiles/main.dir/home/michael/northwesternCourses/mech433/pico/pico-sdk/src/rp2_common/pico_printf/printf.c.obj
                0x00000000100020b4                weak_raw_vprintf
 .text          0x00000000100020e4       0x10 CMakeFiles/main.dir/home/michael/northwesternCourses/mech433/pico/pico-sdk/src/rp2_common/pico_bit_ops/bit_ops_aeabi.S.obj
 .text.rom_func_lookup
                0x00000000100020f4       0x10 CMakeFiles/main.dir/home/michael/northwesternCourses/mech433/pico/pico-sdk/src/rp2_common/pico_bootrom/bootrom.c.obj
                0x00000000100020f4                rom_func_lookup
 .text.rom_data_lookup
                0x0000000010002104       0x10 CMakeFiles/main.dir/home/michael/northwesternCourses/mech433/pico/pico-sdk/src/rp2_common/pico_bootrom/bootrom.c.obj
                0x0000000010002104                rom_data_lookup
 .text.rom_funcs_lookup
                0x0000000010002114       0x44 CMakeFiles/main.dir/home/michael/northwesternCourses/mech433/pico/pico-sdk/src/rp2_common/pico_bootrom/bootrom.c.obj
                0x0000000010002114                rom_funcs_lookup
 .text.__wrap___aeabi_uidiv
                0x0000000010002158       0x4c CMakeFiles/main.dir/home/michael/northwesternCourses/mech433/pico/pico-sdk/src/rp2_common/pico_divider/divider.S.obj
                0x0000000010002158                __wrap___aeabi_uidiv
                0x0000000010002158                __wrap___aeabi_uidivmod
                0x0000000010002158                div_u32u32
                0x0000000010002158                divmod_u32u32
                0x0000000010002160                divmod_u32u32_unsafe
                0x0000000010002188                divmod_u32u32_savestate
 .text.__wrap___aeabi_ldiv
                0x00000000100021a4      0x424 CMakeFiles/main.dir/home/michael/northwesternCourses/mech433/pico/pico-sdk/src/rp2_common/pico_divider/divider.S.obj
                0x00000000100021a4                div_s64s64
                0x00000000100021a4                divmod_s64s64
                0x00000000100021a4                __wrap___aeabi_ldivmod
                0x00000000100021d4                div_u64u64
                0x00000000100021d4                divmod_u64u64
                0x00000000100021d4                __wrap___aeabi_uldivmod
                0x00000000100021e4                divmod_u64u64_savestate
                0x0000000010002204                divmod_s64s64_unsafe
                0x000000001000228c                divmod_u64u64_unsafe
 .text.__aeabi_double_init
                0x00000000100025c8       0x98 CMakeFiles/main.dir/home/michael/northwesternCourses/mech433/pico/pico-sdk/src/rp2_common/pico_double/double_init_rom.c.obj
                0x00000000100025c8                __aeabi_double_init
 .text.double_table_shim_on_use_helper
                0x0000000010002660       0x2c CMakeFiles/main.dir/home/michael/northwesternCourses/mech433/pico/pico-sdk/src/rp2_common/pico_double/double_v1_rom_shim.S.obj
                0x0000000010002660                double_table_shim_on_use_helper
 .text.__aeabi_lmul
                0x000000001000268c       0x32 CMakeFiles/main.dir/home/michael/northwesternCourses/mech433/pico/pico-sdk/src/rp2_common/pico_int64_ops/pico_int64_ops_aeabi.S.obj
                0x000000001000268c                __wrap___aeabi_lmul
 *fill*         0x00000000100026be        0x2 
 .text.__aeabi_float_init
                0x00000000100026c0       0x64 CMakeFiles/main.dir/home/michael/northwesternCourses/mech433/pico/pico-sdk/src/rp2_common/pico_float/float_init_rom.c.obj
                0x00000000100026c0                __aeabi_float_init
 .text.float_table_shim_on_use_helper
                0x0000000010002724       0x2c CMakeFiles/main.dir/home/michael/northwesternCourses/mech433/pico/pico-sdk/src/rp2_common/pico_float/float_v1_rom_shim.S.obj
                0x0000000010002724                float_table_shim_on_use_helper
 .text          0x0000000010002750       0x10 CMakeFiles/main.dir/home/michael/northwesternCourses/mech433/pico/pico-sdk/src/rp2_common/pico_mem_ops/mem_ops_aeabi.S.obj
                0x0000000010002750                __aeabi_mem_init
 .text.memset   0x0000000010002760        0xc CMakeFiles/main.dir/home/michael/northwesternCourses/mech433/pico/pico-sdk/src/rp2_common/pico_mem_ops/mem_ops_aeabi.S.obj
                0x0000000010002760                __wrap_memset
 .text.memcpy   0x000000001000276c        0xc CMakeFiles/main.dir/home/michael/northwesternCourses/mech433/pico/pico-sdk/src/rp2_common/pico_mem_ops/mem_ops_aeabi.S.obj
                0x000000001000276c                __wrap___aeabi_memcpy
                0x000000001000276c                __wrap_memcpy
 .text.stdio_out_chars_crlf
                0x0000000010002778       0xbc CMakeFiles/main.dir/home/michael/northwesternCourses/mech433/pico/pico-sdk/src/rp2_common/pico_stdio/stdio.c.obj
 .text.__wrap_putchar
                0x0000000010002834       0x98 CMakeFiles/main.dir/home/michael/northwesternCourses/mech433/pico/pico-sdk/src/rp2_common/pico_stdio/stdio.c.obj
                0x0000000010002834                __wrap_putchar
 .text.__wrap_puts
                0x00000000100028cc       0xe0 CMakeFiles/main.dir/home/michael/northwesternCourses/mech433/pico/pico-sdk/src/rp2_common/pico_stdio/stdio.c.obj
                0x00000000100028cc                __wrap_puts
 .text.stdio_set_driver_enabled
                0x00000000100029ac       0x30 CMakeFiles/main.dir/home/michael/northwesternCourses/mech433/pico/pico-sdk/src/rp2_common/pico_stdio/stdio.c.obj
                0x00000000100029ac                stdio_set_driver_enabled
 .text.stdio_init_all
                0x00000000100029dc        0xc CMakeFiles/main.dir/home/michael/northwesternCourses/mech433/pico/pico-sdk/src/rp2_common/pico_stdio/stdio.c.obj
                0x00000000100029dc                stdio_init_all
 .text.stdio_uart_out_chars
                0x00000000100029e8       0x4c CMakeFiles/main.dir/home/michael/northwesternCourses/mech433/pico/pico-sdk/src/rp2_common/pico_stdio_uart/stdio_uart.c.obj
 .text.stdio_uart_in_chars
                0x0000000010002a34       0x98 CMakeFiles/main.dir/home/michael/northwesternCourses/mech433/pico/pico-sdk/src/rp2_common/pico_stdio_uart/stdio_uart.c.obj
                0x0000000010002a34                stdio_uart_in_chars
 .text.on_uart_rx
                0x0000000010002acc       0x28 CMakeFiles/main.dir/home/michael/northwesternCourses/mech433/pico/pico-sdk/src/rp2_common/pico_stdio_uart/stdio_uart.c.obj
 .text.stdio_uart_set_chars_available_callback
                0x0000000010002af4       0x8c CMakeFiles/main.dir/home/michael/northwesternCourses/mech433/pico/pico-sdk/src/rp2_common/pico_stdio_uart/stdio_uart.c.obj
 .text.stdio_uart_init
                0x0000000010002b80       0x48 CMakeFiles/main.dir/home/michael/northwesternCourses/mech433/pico/pico-sdk/src/rp2_common/pico_stdio_uart/stdio_uart.c.obj
                0x0000000010002b80                stdio_uart_init
 .text.stdio_uart_init_full
                0x0000000010002bc8       0x3c CMakeFiles/main.dir/home/michael/northwesternCourses/mech433/pico/pico-sdk/src/rp2_common/pico_stdio_uart/stdio_uart.c.obj
                0x0000000010002bc8                stdio_uart_init_full
 .text.i2c_set_baudrate
                0x0000000010002c04       0xc4 CMakeFiles/main.dir/home/michael/northwesternCourses/mech433/pico/pico-sdk/src/rp2_common/hardware_i2c/i2c.c.obj
                0x0000000010002c04                i2c_set_baudrate
 .text.i2c_init
                0x0000000010002cc8       0x54 CMakeFiles/main.dir/home/michael/northwesternCourses/mech433/pico/pico-sdk/src/rp2_common/hardware_i2c/i2c.c.obj
                0x0000000010002cc8                i2c_init
 .text.i2c_write_blocking
                0x0000000010002d1c       0xd0 CMakeFiles/main.dir/home/michael/northwesternCourses/mech433/pico/pico-sdk/src/rp2_common/hardware_i2c/i2c.c.obj
                0x0000000010002d1c                i2c_write_blocking
 .text.i2c_read_blocking
                0x0000000010002dec       0x90 CMakeFiles/main.dir/home/michael/northwesternCourses/mech433/pico/pico-sdk/src/rp2_common/hardware_i2c/i2c.c.obj
                0x0000000010002dec                i2c_read_blocking
 .text.startup._retrieve_unique_id_on_boot
                0x0000000010002e7c       0x10 CMakeFiles/main.dir/home/michael/northwesternCourses/mech433/pico/pico-sdk/src/rp2_common/pico_unique_id/unique_id.c.obj
 .text.pico_get_unique_board_id_string
                0x0000000010002e8c      0x1a8 CMakeFiles/main.dir/home/michael/northwesternCourses/mech433/pico/pico-sdk/src/rp2_common/pico_unique_id/unique_id.c.obj
                0x0000000010002e8c                pico_get_unique_board_id_string
 .text.flash_get_unique_id
                0x0000000010003034       0x40 CMakeFiles/main.dir/home/michael/northwesternCourses/mech433/pico/pico-sdk/src/rp2_common/hardware_flash/flash.c.obj
                0x0000000010003034                flash_get_unique_id
 .text.dcd_int_enable
                0x0000000010003074        0xc CMakeFiles/main.dir/home/michael/northwesternCourses/mech433/pico/pico-sdk/lib/tinyusb/src/portable/raspberrypi/rp2040/dcd_rp2040.c.obj
                0x0000000010003074                dcd_int_enable
 .text.dcd_set_address
                0x0000000010003080       0x14 CMakeFiles/main.dir/home/michael/northwesternCourses/mech433/pico/pico-sdk/lib/tinyusb/src/portable/raspberrypi/rp2040/dcd_rp2040.c.obj
                0x0000000010003080                dcd_set_address
 .text.dcd_remote_wakeup
                0x0000000010003094       0x18 CMakeFiles/main.dir/home/michael/northwesternCourses/mech433/pico/pico-sdk/lib/tinyusb/src/portable/raspberrypi/rp2040/dcd_rp2040.c.obj
                0x0000000010003094                dcd_remote_wakeup
 .text.dcd_connect
                0x00000000100030ac       0x10 CMakeFiles/main.dir/home/michael/northwesternCourses/mech433/pico/pico-sdk/lib/tinyusb/src/portable/raspberrypi/rp2040/dcd_rp2040.c.obj
                0x00000000100030ac                dcd_connect
 .text.dcd_init
                0x00000000100030bc       0x98 CMakeFiles/main.dir/home/michael/northwesternCourses/mech433/pico/pico-sdk/lib/tinyusb/src/portable/raspberrypi/rp2040/dcd_rp2040.c.obj
                0x00000000100030bc                dcd_init
 .text.dcd_edpt0_status_complete
                0x0000000010003154       0x1c CMakeFiles/main.dir/home/michael/northwesternCourses/mech433/pico/pico-sdk/lib/tinyusb/src/portable/raspberrypi/rp2040/dcd_rp2040.c.obj
                0x0000000010003154                dcd_edpt0_status_complete
 .text.dcd_edpt_open
                0x0000000010003170      0x108 CMakeFiles/main.dir/home/michael/northwesternCourses/mech433/pico/pico-sdk/lib/tinyusb/src/portable/raspberrypi/rp2040/dcd_rp2040.c.obj
                0x0000000010003170                dcd_edpt_open
 .text.dcd_edpt_close_all
                0x0000000010003278        0x8 CMakeFiles/main.dir/home/michael/northwesternCourses/mech433/pico/pico-sdk/lib/tinyusb/src/portable/raspberrypi/rp2040/dcd_rp2040.c.obj
                0x0000000010003278                dcd_edpt_close_all
 .text.dcd_edpt_xfer
                0x0000000010003280       0x24 CMakeFiles/main.dir/home/michael/northwesternCourses/mech433/pico/pico-sdk/lib/tinyusb/src/portable/raspberrypi/rp2040/dcd_rp2040.c.obj
                0x0000000010003280                dcd_edpt_xfer
 .text.dcd_edpt_stall
                0x00000000100032a4       0x38 CMakeFiles/main.dir/home/michael/northwesternCourses/mech433/pico/pico-sdk/lib/tinyusb/src/portable/raspberrypi/rp2040/dcd_rp2040.c.obj
                0x00000000100032a4                dcd_edpt_stall
 .text.dcd_edpt_clear_stall
                0x00000000100032dc       0x30 CMakeFiles/main.dir/home/michael/northwesternCourses/mech433/pico/pico-sdk/lib/tinyusb/src/portable/raspberrypi/rp2040/dcd_rp2040.c.obj
                0x00000000100032dc                dcd_edpt_clear_stall
 .text.rp2040_usb_init
                0x000000001000330c       0x4c CMakeFiles/main.dir/home/michael/northwesternCourses/mech433/pico/pico-sdk/lib/tinyusb/src/portable/raspberrypi/rp2040/rp2040_usb.c.obj
                0x000000001000330c                rp2040_usb_init
 .text.hw_endpoint_xfer_start
                0x0000000010003358       0x40 CMakeFiles/main.dir/home/michael/northwesternCourses/mech433/pico/pico-sdk/lib/tinyusb/src/portable/raspberrypi/rp2040/rp2040_usb.c.obj
                0x0000000010003358                hw_endpoint_xfer_start
 .text.tud_mounted
                0x0000000010003398       0x10 CMakeFiles/main.dir/home/michael/northwesternCourses/mech433/pico/pico-sdk/lib/tinyusb/src/device/usbd.c.obj
                0x0000000010003398                tud_mounted
 .text.tud_suspended
                0x00000000100033a8       0x10 CMakeFiles/main.dir/home/michael/northwesternCourses/mech433/pico/pico-sdk/lib/tinyusb/src/device/usbd.c.obj
                0x00000000100033a8                tud_suspended
 .text.tud_remote_wakeup
                0x00000000100033b8       0x30 CMakeFiles/main.dir/home/michael/northwesternCourses/mech433/pico/pico-sdk/lib/tinyusb/src/device/usbd.c.obj
                0x00000000100033b8                tud_remote_wakeup
 .text.tud_inited
                0x00000000100033e8       0x14 CMakeFiles/main.dir/home/michael/northwesternCourses/mech433/pico/pico-sdk/lib/tinyusb/src/device/usbd.c.obj
                0x00000000100033e8                tud_inited
 .text.tud_init
                0x00000000100033fc       0xd8 CMakeFiles/main.dir/home/michael/northwesternCourses/mech433/pico/pico-sdk/lib/tinyusb/src/device/usbd.c.obj
                0x00000000100033fc                tud_init
 .text.tud_task_ext
                0x00000000100034d4      0x898 CMakeFiles/main.dir/home/michael/northwesternCourses/mech433/pico/pico-sdk/lib/tinyusb/src/device/usbd.c.obj
                0x00000000100034d4                tud_task_ext
 .text.usbd_open_edpt_pair
                0x0000000010003d6c       0x9c CMakeFiles/main.dir/home/michael/northwesternCourses/mech433/pico/pico-sdk/lib/tinyusb/src/device/usbd.c.obj
                0x0000000010003d6c                usbd_open_edpt_pair
 .text.usbd_edpt_claim
                0x0000000010003e08       0x28 CMakeFiles/main.dir/home/michael/northwesternCourses/mech433/pico/pico-sdk/lib/tinyusb/src/device/usbd.c.obj
                0x0000000010003e08                usbd_edpt_claim
 .text.usbd_edpt_xfer
                0x0000000010003e30       0x4c CMakeFiles/main.dir/home/michael/northwesternCourses/mech433/pico/pico-sdk/lib/tinyusb/src/device/usbd.c.obj
                0x0000000010003e30                usbd_edpt_xfer
 .text.usbd_edpt_busy
                0x0000000010003e7c       0x1c CMakeFiles/main.dir/home/michael/northwesternCourses/mech433/pico/pico-sdk/lib/tinyusb/src/device/usbd.c.obj
                0x0000000010003e7c                usbd_edpt_busy
 .text.tud_control_status
                0x0000000010003e98       0x2c CMakeFiles/main.dir/home/michael/northwesternCourses/mech433/pico/pico-sdk/lib/tinyusb/src/device/usbd_control.c.obj
                0x0000000010003e98                tud_control_status
 .text.tud_control_xfer
                0x0000000010003ec4       0xac CMakeFiles/main.dir/home/michael/northwesternCourses/mech433/pico/pico-sdk/lib/tinyusb/src/device/usbd_control.c.obj
                0x0000000010003ec4                tud_control_xfer
 .text.usbd_control_reset
                0x0000000010003f70       0x14 CMakeFiles/main.dir/home/michael/northwesternCourses/mech433/pico/pico-sdk/lib/tinyusb/src/device/usbd_control.c.obj
                0x0000000010003f70                usbd_control_reset
 .text.usbd_control_set_complete_callback
                0x0000000010003f84        0xc CMakeFiles/main.dir/home/michael/northwesternCourses/mech433/pico/pico-sdk/lib/tinyusb/src/device/usbd_control.c.obj
                0x0000000010003f84                usbd_control_set_complete_callback
 .text.usbd_control_set_request
                0x0000000010003f90       0x1c CMakeFiles/main.dir/home/michael/northwesternCourses/mech433/pico/pico-sdk/lib/tinyusb/src/device/usbd_control.c.obj
                0x0000000010003f90                usbd_control_set_request
 .text.usbd_control_xfer_cb
                0x0000000010003fac       0xf4 CMakeFiles/main.dir/home/michael/northwesternCourses/mech433/pico/pico-sdk/lib/tinyusb/src/device/usbd_control.c.obj
                0x0000000010003fac                usbd_control_xfer_cb
 .text.tud_hid_n_ready
                0x00000000100040a0       0x38 CMakeFiles/main.dir/home/michael/northwesternCourses/mech433/pico/pico-sdk/lib/tinyusb/src/class/hid/hid_device.c.obj
                0x00000000100040a0                tud_hid_n_ready
 .text.tud_hid_n_mouse_report
                0x00000000100040d8       0xa4 CMakeFiles/main.dir/home/michael/northwesternCourses/mech433/pico/pico-sdk/lib/tinyusb/src/class/hid/hid_device.c.obj
                0x00000000100040d8                tud_hid_n_mouse_report
 .text.hidd_init
                0x000000001000417c       0x14 CMakeFiles/main.dir/home/michael/northwesternCourses/mech433/pico/pico-sdk/lib/tinyusb/src/class/hid/hid_device.c.obj
                0x000000001000417c                hidd_init
 .text.hidd_reset
                0x0000000010004190       0x14 CMakeFiles/main.dir/home/michael/northwesternCourses/mech433/pico/pico-sdk/lib/tinyusb/src/class/hid/hid_device.c.obj
                0x0000000010004190                hidd_reset
 .text.hidd_open
                0x00000000100041a4       0x88 CMakeFiles/main.dir/home/michael/northwesternCourses/mech433/pico/pico-sdk/lib/tinyusb/src/class/hid/hid_device.c.obj
                0x00000000100041a4                hidd_open
 .text.hidd_control_xfer_cb
                0x000000001000422c      0x1c4 CMakeFiles/main.dir/home/michael/northwesternCourses/mech433/pico/pico-sdk/lib/tinyusb/src/class/hid/hid_device.c.obj
                0x000000001000422c                hidd_control_xfer_cb
 .text.hidd_xfer_cb
                0x00000000100043f0       0x60 CMakeFiles/main.dir/home/michael/northwesternCourses/mech433/pico/pico-sdk/lib/tinyusb/src/class/hid/hid_device.c.obj
                0x00000000100043f0                hidd_xfer_cb
 .text.tusb_init
                0x0000000010004450        0xc CMakeFiles/main.dir/home/michael/northwesternCourses/mech433/pico/pico-sdk/lib/tinyusb/src/tusb.c.obj
                0x0000000010004450                tusb_init
 .text.tusb_inited
                0x000000001000445c        0x8 CMakeFiles/main.dir/home/michael/northwesternCourses/mech433/pico/pico-sdk/lib/tinyusb/src/tusb.c.obj
                0x000000001000445c                tusb_inited
 .text.tu_edpt_claim
                0x0000000010004464       0x50 CMakeFiles/main.dir/home/michael/northwesternCourses/mech433/pico/pico-sdk/lib/tinyusb/src/tusb.c.obj
                0x0000000010004464                tu_edpt_claim
 .text.tu_edpt_validate
                0x00000000100044b4       0x7c CMakeFiles/main.dir/home/michael/northwesternCourses/mech433/pico/pico-sdk/lib/tinyusb/src/tusb.c.obj
                0x00000000100044b4                tu_edpt_validate
 .text.tu_edpt_bind_driver
                0x0000000010004530       0x34 CMakeFiles/main.dir/home/michael/northwesternCourses/mech433/pico/pico-sdk/lib/tinyusb/src/tusb.c.obj
                0x0000000010004530                tu_edpt_bind_driver
 .text.tu_fifo_read
                0x0000000010004564       0x9c CMakeFiles/main.dir/home/michael/northwesternCourses/mech433/pico/pico-sdk/lib/tinyusb/src/common/tusb_fifo.c.obj
                0x0000000010004564                tu_fifo_read
 .text.tu_fifo_write
                0x0000000010004600       0x88 CMakeFiles/main.dir/home/michael/northwesternCourses/mech433/pico/pico-sdk/lib/tinyusb/src/common/tusb_fifo.c.obj
                0x0000000010004600                tu_fifo_write
 .text.tu_fifo_clear
                0x0000000010004688       0x40 CMakeFiles/main.dir/home/michael/northwesternCourses/mech433/pico/pico-sdk/lib/tinyusb/src/common/tusb_fifo.c.obj
                0x0000000010004688                tu_fifo_clear
 .text.board_init
                0x00000000100046c8       0x30 CMakeFiles/main.dir/home/michael/northwesternCourses/mech433/pico/pico-sdk/lib/tinyusb/hw/bsp/rp2040/family.c.obj
                0x00000000100046c8                board_init
 .text.board_led_write
                0x00000000100046f8       0x14 CMakeFiles/main.dir/home/michael/northwesternCourses/mech433/pico/pico-sdk/lib/tinyusb/hw/bsp/rp2040/family.c.obj
                0x00000000100046f8                board_led_write
 .text          0x000000001000470c       0x5c /usr/lib/gcc/arm-none-eabi/12.2.1/../../../arm-none-eabi/lib/thumb/v6-m/nofp/libc.a(lib_a-strlen-stub.o)
                0x000000001000470c                strlen
 *(.fini)
 .fini          0x0000000010004768        0x4 /usr/lib/gcc/arm-none-eabi/12.2.1/thumb/v6-m/nofp/crti.o
                0x0000000010004768                _fini
 *fill*         0x000000001000476c        0x4 
 .fini.__stub   0x0000000010004770       0xb0 linker stubs
 *crtbegin.o(.ctors)
 *crtbegin?.o(.ctors)
 *(EXCLUDE_FILE(*crtend.o *crtend?.o) .ctors)
 *(SORT_BY_NAME(.ctors.*))
 *(.ctors)
 *crtbegin.o(.dtors)
 *crtbegin?.o(.dtors)
 *(EXCLUDE_FILE(*crtend.o *crtend?.o) .dtors)
 *(SORT_BY_NAME(.dtors.*))
 *(.dtors)
 *(.eh_frame*)
 .eh_frame      0x0000000010004820        0x0 /usr/lib/gcc/arm-none-eabi/12.2.1/thumb/v6-m/nofp/crtbegin.o
                0x0000000010004820                . = ALIGN (0x4)

.glue_7         0x0000000010004820        0x0
 .glue_7        0x0000000010004820        0x0 linker stubs

.glue_7t        0x0000000010004820        0x0
 .glue_7t       0x0000000010004820        0x0 linker stubs

.vfp11_veneer   0x0000000010004820        0x0
 .vfp11_veneer  0x0000000010004820        0x0 linker stubs

.v4_bx          0x0000000010004820        0x0
 .v4_bx         0x0000000010004820        0x0 linker stubs

.iplt           0x0000000010004820        0x0
 .iplt          0x0000000010004820        0x0 /usr/lib/gcc/arm-none-eabi/12.2.1/thumb/v6-m/nofp/crtbegin.o

.rodata         0x0000000010004820      0x3f8
 *(EXCLUDE_FILE(*libm.a: *libc.a:*lib_a-mem*.o *libgcc.a:) .rodata*)
 .rodata.str1.4
                0x0000000010004820       0x17 CMakeFiles/main.dir/usb_descriptors.c.obj
 *fill*         0x0000000010004837        0x1 
 .rodata.__compound_literal.0
                0x0000000010004838        0x2 CMakeFiles/main.dir/usb_descriptors.c.obj
 *fill*         0x000000001000483a        0x2 
 .rodata.desc_configuration
                0x000000001000483c       0x22 CMakeFiles/main.dir/usb_descriptors.c.obj
                0x000000001000483c                desc_configuration
 *fill*         0x000000001000485e        0x2 
 .rodata.desc_hid_report
                0x0000000010004860       0xef CMakeFiles/main.dir/usb_descriptors.c.obj
                0x0000000010004860                desc_hid_report
 *fill*         0x000000001000494f        0x1 
 .rodata.desc_device
                0x0000000010004950       0x12 CMakeFiles/main.dir/usb_descriptors.c.obj
                0x0000000010004950                desc_device
 *fill*         0x0000000010004962        0x2 
 .rodata.spin_lock_claim_unused.str1.4
                0x0000000010004964       0x1b CMakeFiles/main.dir/home/michael/northwesternCourses/mech433/pico/pico-sdk/src/rp2_common/hardware_sync/sync.c.obj
 *fill*         0x000000001000497f        0x1 
 .rodata.hardware_alarm_claim.str1.4
                0x0000000010004980       0x22 CMakeFiles/main.dir/home/michael/northwesternCourses/mech433/pico/pico-sdk/src/rp2_common/hardware_timer/timer.c.obj
 *fill*         0x00000000100049a2        0x2 
 .rodata.panic.str1.4
                0x00000000100049a4       0x12 CMakeFiles/main.dir/home/michael/northwesternCourses/mech433/pico/pico-sdk/src/rp2_common/pico_runtime/runtime.c.obj
 *fill*         0x00000000100049b6        0x2 
 .rodata.hard_assertion_failure.str1.4
                0x00000000100049b8        0xc CMakeFiles/main.dir/home/michael/northwesternCourses/mech433/pico/pico-sdk/src/rp2_common/pico_runtime/runtime.c.obj
 .rodata.str1.4
                0x00000000100049c4       0x94 CMakeFiles/main.dir/home/michael/northwesternCourses/mech433/pico/pico-sdk/src/rp2_common/pico_standard_link/binary_info.c.obj
 .rodata.__bi_81
                0x0000000010004a58        0xc CMakeFiles/main.dir/home/michael/northwesternCourses/mech433/pico/pico-sdk/src/rp2_common/pico_standard_link/binary_info.c.obj
 .rodata.__bi_75
                0x0000000010004a64        0xc CMakeFiles/main.dir/home/michael/northwesternCourses/mech433/pico/pico-sdk/src/rp2_common/pico_standard_link/binary_info.c.obj
 .rodata.__bi_69
                0x0000000010004a70        0xc CMakeFiles/main.dir/home/michael/northwesternCourses/mech433/pico/pico-sdk/src/rp2_common/pico_standard_link/binary_info.c.obj
 .rodata.__bi_44
                0x0000000010004a7c        0xc CMakeFiles/main.dir/home/michael/northwesternCourses/mech433/pico/pico-sdk/src/rp2_common/pico_standard_link/binary_info.c.obj
 .rodata.crlf_str.0
                0x0000000010004a88        0x2 CMakeFiles/main.dir/home/michael/northwesternCourses/mech433/pico/pico-sdk/src/rp2_common/pico_stdio/stdio.c.obj
 *fill*         0x0000000010004a8a        0x2 
 .rodata.str1.4
                0x0000000010004a8c       0x2c CMakeFiles/main.dir/home/michael/northwesternCourses/mech433/pico/pico-sdk/src/rp2_common/pico_stdio_uart/stdio_uart.c.obj
 .rodata.__bi_33.4
                0x0000000010004ab8        0xc CMakeFiles/main.dir/home/michael/northwesternCourses/mech433/pico/pico-sdk/src/rp2_common/pico_stdio_uart/stdio_uart.c.obj
 .rodata.__bi_34.5
                0x0000000010004ac4        0x8 CMakeFiles/main.dir/home/michael/northwesternCourses/mech433/pico/pico-sdk/src/rp2_common/pico_stdio_uart/stdio_uart.c.obj
 .rodata.str1.4
                0x0000000010004acc       0x14 CMakeFiles/main.dir/home/michael/northwesternCourses/mech433/pico/pico-sdk/lib/tinyusb/src/portable/raspberrypi/rp2040/dcd_rp2040.c.obj
 .rodata.str1.4
                0x0000000010004ae0       0x49 CMakeFiles/main.dir/home/michael/northwesternCourses/mech433/pico/pico-sdk/lib/tinyusb/src/portable/raspberrypi/rp2040/rp2040_usb.c.obj
                                         0x53 (size before relaxing)
 *fill*         0x0000000010004b29        0x3 
 .rodata.tud_task_ext
                0x0000000010004b2c       0x8c CMakeFiles/main.dir/home/michael/northwesternCourses/mech433/pico/pico-sdk/lib/tinyusb/src/device/usbd.c.obj
 .rodata._usbd_driver
                0x0000000010004bb8       0x18 CMakeFiles/main.dir/home/michael/northwesternCourses/mech433/pico/pico-sdk/lib/tinyusb/src/device/usbd.c.obj
 .rodata.hidd_control_xfer_cb
                0x0000000010004bd0       0x30 CMakeFiles/main.dir/home/michael/northwesternCourses/mech433/pico/pico-sdk/lib/tinyusb/src/class/hid/hid_device.c.obj
 .rodata.str1.4
                0x0000000010004c00        0x4 CMakeFiles/main.dir/home/michael/northwesternCourses/mech433/pico/pico-sdk/lib/tinyusb/hw/bsp/rp2040/family.c.obj
 .rodata.__bi_142.0
                0x0000000010004c04        0xc CMakeFiles/main.dir/home/michael/northwesternCourses/mech433/pico/pico-sdk/lib/tinyusb/hw/bsp/rp2040/family.c.obj
 .rodata.__bi_152.1
                0x0000000010004c10        0x8 CMakeFiles/main.dir/home/michael/northwesternCourses/mech433/pico/pico-sdk/lib/tinyusb/hw/bsp/rp2040/family.c.obj
                0x0000000010004c18                . = ALIGN (0x4)
 *(SORT_BY_ALIGNMENT(SORT_BY_NAME(.flashdata*)))
                0x0000000010004c18                . = ALIGN (0x4)

.ARM.extab
 *(.ARM.extab* .gnu.linkonce.armextab.*)
                0x0000000010004c18                __exidx_start = .

.ARM.exidx
 *(.ARM.exidx* .gnu.linkonce.armexidx.*)
                0x0000000010004c18                __exidx_end = .
                0x0000000010004c18                . = ALIGN (0x4)
                0x0000000010004c18                __binary_info_start = .

.binary_info    0x0000000010004c18       0x30
 *(.binary_info.keep.*)
 .binary_info.keep.__bi_ptr81
                0x0000000010004c18        0x4 CMakeFiles/main.dir/home/michael/northwesternCourses/mech433/pico/pico-sdk/src/rp2_common/pico_standard_link/binary_info.c.obj
 .binary_info.keep.__bi_ptr75
                0x0000000010004c1c        0x4 CMakeFiles/main.dir/home/michael/northwesternCourses/mech433/pico/pico-sdk/src/rp2_common/pico_standard_link/binary_info.c.obj
 .binary_info.keep.__bi_ptr69
                0x0000000010004c20        0x4 CMakeFiles/main.dir/home/michael/northwesternCourses/mech433/pico/pico-sdk/src/rp2_common/pico_standard_link/binary_info.c.obj
 .binary_info.keep.__bi_ptr50
                0x0000000010004c24        0x4 CMakeFiles/main.dir/home/michael/northwesternCourses/mech433/pico/pico-sdk/src/rp2_common/pico_standard_link/binary_info.c.obj
 .binary_info.keep.__bi_ptr44
                0x0000000010004c28        0x4 CMakeFiles/main.dir/home/michael/northwesternCourses/mech433/pico/pico-sdk/src/rp2_common/pico_standard_link/binary_info.c.obj
 .binary_info.keep.__bi_ptr38
                0x0000000010004c2c        0x4 CMakeFiles/main.dir/home/michael/northwesternCourses/mech433/pico/pico-sdk/src/rp2_common/pico_standard_link/binary_info.c.obj
 .binary_info.keep.__bi_ptr30
                0x0000000010004c30        0x4 CMakeFiles/main.dir/home/michael/northwesternCourses/mech433/pico/pico-sdk/src/rp2_common/pico_standard_link/binary_info.c.obj
 .binary_info.keep.__bi_ptr22
                0x0000000010004c34        0x4 CMakeFiles/main.dir/home/michael/northwesternCourses/mech433/pico/pico-sdk/src/rp2_common/pico_standard_link/binary_info.c.obj
 .binary_info.keep.__bi_ptr152
                0x0000000010004c38        0x4 CMakeFiles/main.dir/home/michael/northwesternCourses/mech433/pico/pico-sdk/lib/tinyusb/hw/bsp/rp2040/family.c.obj
 .binary_info.keep.__bi_ptr142
                0x0000000010004c3c        0x4 CMakeFiles/main.dir/home/michael/northwesternCourses/mech433/pico/pico-sdk/lib/tinyusb/hw/bsp/rp2040/family.c.obj
 *(.binary_info.*)
 .binary_info.__bi_ptr34
                0x0000000010004c40        0x4 CMakeFiles/main.dir/home/michael/northwesternCourses/mech433/pico/pico-sdk/src/rp2_common/pico_stdio_uart/stdio_uart.c.obj
 .binary_info.__bi_ptr33
                0x0000000010004c44        0x4 CMakeFiles/main.dir/home/michael/northwesternCourses/mech433/pico/pico-sdk/src/rp2_common/pico_stdio_uart/stdio_uart.c.obj
                0x0000000010004c48                __binary_info_end = .

.rel.dyn        0x0000000010004c48        0x0
 .rel.iplt      0x0000000010004c48        0x0 /usr/lib/gcc/arm-none-eabi/12.2.1/thumb/v6-m/nofp/crtbegin.o
                0x0000000010004c48                . = ALIGN (0x4)

.ram_vector_table
                0x0000000020000000       0xc0
 *(.ram_vector_table)
 .ram_vector_table
                0x0000000020000000       0xc0 CMakeFiles/main.dir/home/michael/northwesternCourses/mech433/pico/pico-sdk/src/rp2_common/pico_runtime/runtime.c.obj
                0x0000000020000000                ram_vector_table

.data           0x00000000200000c0      0xdf8 load address 0x0000000010004c48
                0x00000000200000c0                __data_start__ = .
 *(vtable)
 *(.time_critical*)
 .time_critical.mutex_try_enter_block_until
                0x00000000200000c0       0x9c CMakeFiles/main.dir/home/michael/northwesternCourses/mech433/pico/pico-sdk/src/common/pico_sync/mutex.c.obj
                0x00000000200000c0                mutex_try_enter_block_until
 .time_critical.mutex_enter_timeout_ms
                0x000000002000015c       0x90 CMakeFiles/main.dir/home/michael/northwesternCourses/mech433/pico/pico-sdk/src/common/pico_sync/mutex.c.obj
                0x000000002000015c                mutex_enter_timeout_ms
 .time_critical.mutex_exit
                0x00000000200001ec       0x28 CMakeFiles/main.dir/home/michael/northwesternCourses/mech433/pico/pico-sdk/src/common/pico_sync/mutex.c.obj
                0x00000000200001ec                mutex_exit
 .time_critical.flash_init_boot2_copyout
                0x0000000020000214       0x30 CMakeFiles/main.dir/home/michael/northwesternCourses/mech433/pico/pico-sdk/src/rp2_common/hardware_flash/flash.c.obj
 .time_critical.flash_enable_xip_via_boot2
                0x0000000020000244        0xc CMakeFiles/main.dir/home/michael/northwesternCourses/mech433/pico/pico-sdk/src/rp2_common/hardware_flash/flash.c.obj
 .time_critical.flash_cs_force
                0x0000000020000250       0x38 CMakeFiles/main.dir/home/michael/northwesternCourses/mech433/pico/pico-sdk/src/rp2_common/hardware_flash/flash.c.obj
 .time_critical.flash_do_cmd
                0x0000000020000288       0xc0 CMakeFiles/main.dir/home/michael/northwesternCourses/mech433/pico/pico-sdk/src/rp2_common/hardware_flash/flash.c.obj
                0x0000000020000288                flash_do_cmd
 .time_critical.reset_non_control_endpoints
                0x0000000020000348       0x68 CMakeFiles/main.dir/home/michael/northwesternCourses/mech433/pico/pico-sdk/lib/tinyusb/src/portable/raspberrypi/rp2040/dcd_rp2040.c.obj
 .time_critical.hw_handle_buff_status
                0x00000000200003b0       0xac CMakeFiles/main.dir/home/michael/northwesternCourses/mech433/pico/pico-sdk/lib/tinyusb/src/portable/raspberrypi/rp2040/dcd_rp2040.c.obj
 .time_critical.dcd_rp2040_irq
                0x000000002000045c      0x510 CMakeFiles/main.dir/home/michael/northwesternCourses/mech433/pico/pico-sdk/lib/tinyusb/src/portable/raspberrypi/rp2040/dcd_rp2040.c.obj
 .time_critical.e15_is_bulkin_ep
                0x000000002000096c       0x28 CMakeFiles/main.dir/home/michael/northwesternCourses/mech433/pico/pico-sdk/lib/tinyusb/src/portable/raspberrypi/rp2040/rp2040_usb.c.obj
 .time_critical.e15_is_critical_frame_period
                0x0000000020000994       0x34 CMakeFiles/main.dir/home/michael/northwesternCourses/mech433/pico/pico-sdk/lib/tinyusb/src/portable/raspberrypi/rp2040/rp2040_usb.c.obj
 .time_critical.prepare_ep_buffer
                0x00000000200009c8       0x6c CMakeFiles/main.dir/home/michael/northwesternCourses/mech433/pico/pico-sdk/lib/tinyusb/src/portable/raspberrypi/rp2040/rp2040_usb.c.obj
 .time_critical.sync_ep_buffer
                0x0000000020000a34       0x48 CMakeFiles/main.dir/home/michael/northwesternCourses/mech433/pico/pico-sdk/lib/tinyusb/src/portable/raspberrypi/rp2040/rp2040_usb.c.obj
 .time_critical._hw_endpoint_xfer_sync
                0x0000000020000a7c       0x28 CMakeFiles/main.dir/home/michael/northwesternCourses/mech433/pico/pico-sdk/lib/tinyusb/src/portable/raspberrypi/rp2040/rp2040_usb.c.obj
 .time_critical.hw_endpoint_reset_transfer
                0x0000000020000aa4        0xc CMakeFiles/main.dir/home/michael/northwesternCourses/mech433/pico/pico-sdk/lib/tinyusb/src/portable/raspberrypi/rp2040/rp2040_usb.c.obj
                0x0000000020000aa4                hw_endpoint_reset_transfer
 .time_critical._hw_endpoint_buffer_control_update32
                0x0000000020000ab0       0x58 CMakeFiles/main.dir/home/michael/northwesternCourses/mech433/pico/pico-sdk/lib/tinyusb/src/portable/raspberrypi/rp2040/rp2040_usb.c.obj
                0x0000000020000ab0                _hw_endpoint_buffer_control_update32
 .time_critical.hw_endpoint_start_next_buffer
                0x0000000020000b08       0x6c CMakeFiles/main.dir/home/michael/northwesternCourses/mech433/pico/pico-sdk/lib/tinyusb/src/portable/raspberrypi/rp2040/rp2040_usb.c.obj
                0x0000000020000b08                hw_endpoint_start_next_buffer
 .time_critical.hw_endpoint_xfer_continue
                0x0000000020000b74       0x50 CMakeFiles/main.dir/home/michael/northwesternCourses/mech433/pico/pico-sdk/lib/tinyusb/src/portable/raspberrypi/rp2040/rp2040_usb.c.obj
                0x0000000020000b74                hw_endpoint_xfer_continue
 .time_critical.tinyusb
                0x0000000020000bc4      0x170 CMakeFiles/main.dir/home/michael/northwesternCourses/mech433/pico/pico-sdk/lib/tinyusb/src/device/usbd.c.obj
                0x0000000020000bc4                dcd_event_handler
 *(.text*)
 .text          0x0000000020000d34        0x4 /usr/lib/gcc/arm-none-eabi/12.2.1/thumb/v6-m/nofp/libgcc.a(_dvmd_tls.o)
                0x0000000020000d34                __aeabi_ldiv0
                0x0000000020000d34                __aeabi_idiv0
 .text.__stub   0x0000000020000d38       0x70 linker stubs
                0x0000000020000da8                . = ALIGN (0x4)
 *(.rodata*)
                0x0000000020000da8                . = ALIGN (0x4)
 *(.data*)
 .data.blink_interval_ms
                0x0000000020000da8        0x4 CMakeFiles/main.dir/main.c.obj
 .data.string_desc_arr
                0x0000000020000dac       0x10 CMakeFiles/main.dir/usb_descriptors.c.obj
                0x0000000020000dac                string_desc_arr
 .data.striped_spin_lock_num
                0x0000000020000dbc        0x1 CMakeFiles/main.dir/home/michael/northwesternCourses/mech433/pico/pico-sdk/src/rp2_common/hardware_sync/sync.c.obj
 *fill*         0x0000000020000dbd        0x3 
 .data          0x0000000020000dc0       0x48 CMakeFiles/main.dir/home/michael/northwesternCourses/mech433/pico/pico-sdk/src/rp2_common/hardware_irq/irq_handler_chain.S.obj
                0x0000000020000dc0                irq_handler_chain_slots
                0x0000000020000df0                irq_handler_chain_first_slot
                0x0000000020000dfa                irq_handler_chain_remove_tail
 .data.default_alarm_pool
                0x0000000020000e08       0x18 CMakeFiles/main.dir/home/michael/northwesternCourses/mech433/pico/pico-sdk/src/common/pico_time/time.c.obj
 .data.default_alarm_pool_heap
                0x0000000020000e20       0x10 CMakeFiles/main.dir/home/michael/northwesternCourses/mech433/pico/pico-sdk/src/common/pico_time/time.c.obj
 .data.aeabi_bits_funcs
                0x0000000020000e30       0x10 CMakeFiles/main.dir/home/michael/northwesternCourses/mech433/pico/pico-sdk/src/rp2_common/pico_bit_ops/bit_ops_aeabi.S.obj
                0x0000000020000e30                aeabi_bits_funcs
                0x0000000020000e40                aeabi_bits_funcs_end
 .data.aeabi_mem_funcs
                0x0000000020000e40       0x10 CMakeFiles/main.dir/home/michael/northwesternCourses/mech433/pico/pico-sdk/src/rp2_common/pico_mem_ops/mem_ops_aeabi.S.obj
                0x0000000020000e40                aeabi_mem_funcs
                0x0000000020000e50                aeabi_mem_funcs_end
 .data.stdio_uart
                0x0000000020000e50       0x18 CMakeFiles/main.dir/home/michael/northwesternCourses/mech433/pico/pico-sdk/src/rp2_common/pico_stdio_uart/stdio_uart.c.obj
                0x0000000020000e50                stdio_uart
 .data.i2c0_inst
                0x0000000020000e68        0x8 CMakeFiles/main.dir/home/michael/northwesternCourses/mech433/pico/pico-sdk/src/rp2_common/hardware_i2c/i2c.c.obj
                0x0000000020000e68                i2c0_inst
 .data.ep_dir_string
                0x0000000020000e70        0x8 CMakeFiles/main.dir/home/michael/northwesternCourses/mech433/pico/pico-sdk/lib/tinyusb/src/portable/raspberrypi/rp2040/rp2040_usb.c.obj
                0x0000000020000e70                ep_dir_string
 .data._usbd_qdef
                0x0000000020000e78       0x1c CMakeFiles/main.dir/home/michael/northwesternCourses/mech433/pico/pico-sdk/lib/tinyusb/src/device/usbd.c.obj
                0x0000000020000e78                _usbd_qdef
 .data._usbd_rhport
                0x0000000020000e94        0x1 CMakeFiles/main.dir/home/michael/northwesternCourses/mech433/pico/pico-sdk/lib/tinyusb/src/device/usbd.c.obj
                0x0000000020000e98                . = ALIGN (0x4)
 *fill*         0x0000000020000e95        0x3 
 *(.after_data.*)
                0x0000000020000e98                . = ALIGN (0x4)
                0x0000000020000e98                PROVIDE (__mutex_array_start = .)
 *(SORT_BY_NAME(.mutex_array.*))
 *(.mutex_array)
 .mutex_array   0x0000000020000e98        0x8 CMakeFiles/main.dir/home/michael/northwesternCourses/mech433/pico/pico-sdk/src/rp2_common/pico_stdio/stdio.c.obj
                0x0000000020000ea0                PROVIDE (__mutex_array_end = .)
                0x0000000020000ea0                . = ALIGN (0x4)
                0x0000000020000ea0                PROVIDE (__preinit_array_start = .)
 *(SORT_BY_NAME(.preinit_array.*))
 .preinit_array.00001
                0x0000000020000ea0        0x4 CMakeFiles/main.dir/home/michael/northwesternCourses/mech433/pico/pico-sdk/src/rp2_common/pico_mem_ops/mem_ops_aeabi.S.obj
 .preinit_array.00010
                0x0000000020000ea4        0x4 CMakeFiles/main.dir/home/michael/northwesternCourses/mech433/pico/pico-sdk/src/rp2_common/pico_bit_ops/bit_ops_aeabi.S.obj
 .preinit_array.00020
                0x0000000020000ea8        0x4 CMakeFiles/main.dir/home/michael/northwesternCourses/mech433/pico/pico-sdk/src/rp2_common/pico_double/double_aeabi.S.obj
 .preinit_array.00020
                0x0000000020000eac        0x4 CMakeFiles/main.dir/home/michael/northwesternCourses/mech433/pico/pico-sdk/src/rp2_common/pico_float/float_aeabi.S.obj
 *(.preinit_array)
                0x0000000020000eb0                PROVIDE (__preinit_array_end = .)
                0x0000000020000eb0                . = ALIGN (0x4)
                0x0000000020000eb0                PROVIDE (__init_array_start = .)
 *(SORT_BY_NAME(.init_array.*))
 *(.init_array)
 .init_array    0x0000000020000eb0        0x4 /usr/lib/gcc/arm-none-eabi/12.2.1/thumb/v6-m/nofp/crtbegin.o
 .init_array    0x0000000020000eb4        0x4 CMakeFiles/main.dir/home/michael/northwesternCourses/mech433/pico/pico-sdk/src/rp2_common/pico_unique_id/unique_id.c.obj
                0x0000000020000eb8                PROVIDE (__init_array_end = .)
                0x0000000020000eb8                . = ALIGN (0x4)
                0x0000000020000eb8                PROVIDE (__fini_array_start = .)
 *(SORT_BY_NAME(.fini_array.*))
 *(.fini_array)
                0x0000000020000eb8                PROVIDE (__fini_array_end = .)
 *(.jcr)
                0x0000000020000eb8                . = ALIGN (0x4)
                0x0000000020000eb8                __data_end__ = .
                0x0000000010004c48                __etext = LOADADDR (.data)

.tm_clone_table
                0x0000000020000eb8        0x0 load address 0x0000000010005a40
 .tm_clone_table
                0x0000000020000eb8        0x0 /usr/lib/gcc/arm-none-eabi/12.2.1/thumb/v6-m/nofp/crtbegin.o
 .tm_clone_table
                0x0000000020000eb8        0x0 /usr/lib/gcc/arm-none-eabi/12.2.1/thumb/v6-m/nofp/crtend.o

.igot.plt       0x0000000020000eb8        0x0 load address 0x0000000010005a40
 .igot.plt      0x0000000020000eb8        0x0 /usr/lib/gcc/arm-none-eabi/12.2.1/thumb/v6-m/nofp/crtbegin.o

.uninitialized_data
                0x0000000020000eb8        0x0 load address 0x0000000010005a40
                0x0000000020000eb8                . = ALIGN (0x4)
 *(.uninitialized_data*)

.scratch_x      0x0000000020040000        0x0 load address 0x0000000010005a40
                0x0000000020040000                __scratch_x_start__ = .
 *(.scratch_x.*)
                0x0000000020040000                . = ALIGN (0x4)
                0x0000000020040000                __scratch_x_end__ = .
                0x0000000010005a40                __scratch_x_source__ = LOADADDR (.scratch_x)

.scratch_y      0x0000000020041000        0x0 load address 0x0000000010005a40
                0x0000000020041000                __scratch_y_start__ = .
 *(.scratch_y.*)
                0x0000000020041000                . = ALIGN (0x4)
                0x0000000020041000                __scratch_y_end__ = .
                0x0000000010005a40                __scratch_y_source__ = LOADADDR (.scratch_y)

.bss            0x0000000020000eb8      0xb00
                0x0000000020000eb8                . = ALIGN (0x4)
                0x0000000020000eb8                __bss_start__ = .
 *(SORT_BY_ALIGNMENT(SORT_BY_NAME(.bss*)))
 .bss.configured_freq
                0x0000000020000eb8       0x28 CMakeFiles/main.dir/home/michael/northwesternCourses/mech433/pico/pico-sdk/src/rp2_common/hardware_clocks/clocks.c.obj
 .bss.default_alarm_pool_entries
                0x0000000020000ee0      0x100 CMakeFiles/main.dir/home/michael/northwesternCourses/mech433/pico/pico-sdk/src/common/pico_time/time.c.obj
 .bss.sd_table  0x0000000020000fe0      0x100 CMakeFiles/main.dir/home/michael/northwesternCourses/mech433/pico/pico-sdk/src/rp2_common/pico_double/double_init_rom.c.obj
                0x0000000020000fe0                sd_table
 .bss.sf_table  0x00000000200010e0      0x100 CMakeFiles/main.dir/home/michael/northwesternCourses/mech433/pico/pico-sdk/src/rp2_common/pico_float/float_init_rom.c.obj
                0x00000000200010e0                sf_table
 .bss           0x00000000200011e0       0x1c /usr/lib/gcc/arm-none-eabi/12.2.1/thumb/v6-m/nofp/crtbegin.o
 .bss._app_driver
                0x00000000200011fc        0x4 CMakeFiles/main.dir/home/michael/northwesternCourses/mech433/pico/pico-sdk/lib/tinyusb/src/device/usbd.c.obj
 .bss._ctrl_xfer
                0x0000000020001200       0x14 CMakeFiles/main.dir/home/michael/northwesternCourses/mech433/pico/pico-sdk/lib/tinyusb/src/device/usbd_control.c.obj
 .bss._desc_str
                0x0000000020001214       0x40 CMakeFiles/main.dir/usb_descriptors.c.obj
 .bss._hidd_itf
                0x0000000020001254       0x2c CMakeFiles/main.dir/home/michael/northwesternCourses/mech433/pico/pico-sdk/lib/tinyusb/src/class/hid/hid_device.c.obj
 .bss._ubsd_mutexdef
                0x0000000020001280        0x8 CMakeFiles/main.dir/home/michael/northwesternCourses/mech433/pico/pico-sdk/lib/tinyusb/src/device/usbd.c.obj
 .bss._usbd_ctrl_buf
                0x0000000020001288       0x40 CMakeFiles/main.dir/home/michael/northwesternCourses/mech433/pico/pico-sdk/lib/tinyusb/src/device/usbd_control.c.obj
 .bss._usbd_dev
                0x00000000200012c8       0x53 CMakeFiles/main.dir/home/michael/northwesternCourses/mech433/pico/pico-sdk/lib/tinyusb/src/device/usbd.c.obj
 *fill*         0x000000002000131b        0x1 
 .bss._usbd_mutex
                0x000000002000131c        0x4 CMakeFiles/main.dir/home/michael/northwesternCourses/mech433/pico/pico-sdk/lib/tinyusb/src/device/usbd.c.obj
 .bss._usbd_q   0x0000000020001320        0x4 CMakeFiles/main.dir/home/michael/northwesternCourses/mech433/pico/pico-sdk/lib/tinyusb/src/device/usbd.c.obj
 .bss._usbd_qdef_buf
                0x0000000020001324       0xc0 CMakeFiles/main.dir/home/michael/northwesternCourses/mech433/pico/pico-sdk/lib/tinyusb/src/device/usbd.c.obj
                0x0000000020001324                _usbd_qdef_buf
 .bss.alarm_callbacks
                0x00000000200013e4       0x10 CMakeFiles/main.dir/home/michael/northwesternCourses/mech433/pico/pico-sdk/src/rp2_common/hardware_timer/timer.c.obj
 .bss.boot2_copyout
                0x00000000200013f4      0x100 CMakeFiles/main.dir/home/michael/northwesternCourses/mech433/pico/pico-sdk/src/rp2_common/hardware_flash/flash.c.obj
 .bss.chars_available_callback
                0x00000000200014f4        0x4 CMakeFiles/main.dir/home/michael/northwesternCourses/mech433/pico/pico-sdk/src/rp2_common/pico_stdio_uart/stdio_uart.c.obj
 .bss.chars_available_param
                0x00000000200014f8        0x4 CMakeFiles/main.dir/home/michael/northwesternCourses/mech433/pico/pico-sdk/src/rp2_common/pico_stdio_uart/stdio_uart.c.obj
 .bss.claimed   0x00000000200014fc        0x4 CMakeFiles/main.dir/home/michael/northwesternCourses/mech433/pico/pico-sdk/src/rp2_common/hardware_sync/sync.c.obj
 .bss.default_alarm_pool_entry_ids_high
                0x0000000020001500       0x10 CMakeFiles/main.dir/home/michael/northwesternCourses/mech433/pico/pico-sdk/src/common/pico_time/time.c.obj
 .bss.default_alarm_pool_heap_nodes
                0x0000000020001510       0x30 CMakeFiles/main.dir/home/michael/northwesternCourses/mech433/pico/pico-sdk/src/common/pico_time/time.c.obj
 .bss.drivers   0x0000000020001540        0x4 CMakeFiles/main.dir/home/michael/northwesternCourses/mech433/pico/pico-sdk/src/rp2_common/pico_stdio/stdio.c.obj
 .bss.e15_last_sof
                0x0000000020001544        0x4 CMakeFiles/main.dir/home/michael/northwesternCourses/mech433/pico/pico-sdk/lib/tinyusb/src/portable/raspberrypi/rp2040/rp2040_usb.c.obj
                0x0000000020001544                e15_last_sof
 .bss.filter    0x0000000020001548        0x4 CMakeFiles/main.dir/home/michael/northwesternCourses/mech433/pico/pico-sdk/src/rp2_common/pico_stdio/stdio.c.obj
 .bss.hw_endpoints
                0x000000002000154c      0x400 CMakeFiles/main.dir/home/michael/northwesternCourses/mech433/pico/pico-sdk/lib/tinyusb/src/portable/raspberrypi/rp2040/dcd_rp2040.c.obj
 .bss.lazy_vsnprintf
                0x000000002000194c        0x4 CMakeFiles/main.dir/home/michael/northwesternCourses/mech433/pico/pico-sdk/src/rp2_common/pico_printf/printf.c.obj
 .bss.next_buffer_ptr
                0x0000000020001950        0x4 CMakeFiles/main.dir/home/michael/northwesternCourses/mech433/pico/pico-sdk/lib/tinyusb/src/portable/raspberrypi/rp2040/dcd_rp2040.c.obj
 .bss.pools     0x0000000020001954       0x10 CMakeFiles/main.dir/home/michael/northwesternCourses/mech433/pico/pico-sdk/src/common/pico_time/time.c.obj
 .bss.retrieved_id
                0x0000000020001964        0x8 CMakeFiles/main.dir/home/michael/northwesternCourses/mech433/pico/pico-sdk/src/rp2_common/pico_unique_id/unique_id.c.obj
 .bss.serial    0x000000002000196c       0x11 CMakeFiles/main.dir/usb_descriptors.c.obj
                0x000000002000196c                serial
 *fill*         0x000000002000197d        0x3 
 .bss.sf_clz_func
                0x0000000020001980        0x4 CMakeFiles/main.dir/home/michael/northwesternCourses/mech433/pico/pico-sdk/src/rp2_common/pico_double/double_init_rom.c.obj
                0x0000000020001980                sf_clz_func
 .bss.sleep_notifier
                0x0000000020001984        0x4 CMakeFiles/main.dir/home/michael/northwesternCourses/mech433/pico/pico-sdk/src/common/pico_time/time.c.obj
 .bss.start_ms.1
                0x0000000020001988        0x4 CMakeFiles/main.dir/main.c.obj
 .bss.start_ms.5
                0x000000002000198c        0x4 CMakeFiles/main.dir/main.c.obj
 .bss.target_hi
                0x0000000020001990       0x10 CMakeFiles/main.dir/home/michael/northwesternCourses/mech433/pico/pico-sdk/src/rp2_common/hardware_timer/timer.c.obj
 .bss.uart_char_to_line_feed
                0x00000000200019a0        0x4 CMakeFiles/main.dir/home/michael/northwesternCourses/mech433/pico/pico-sdk/src/rp2_common/hardware_uart/uart.c.obj
                0x00000000200019a0                uart_char_to_line_feed
 .bss.uart_inst
                0x00000000200019a4        0x4 CMakeFiles/main.dir/home/michael/northwesternCourses/mech433/pico/pico-sdk/lib/tinyusb/hw/bsp/rp2040/family.c.obj
 .bss.uart_instance
                0x00000000200019a8        0x4 CMakeFiles/main.dir/home/michael/northwesternCourses/mech433/pico/pico-sdk/src/rp2_common/pico_stdio_uart/stdio_uart.c.obj
 .bss.z_data    0x00000000200019ac        0x2 CMakeFiles/main.dir/main.c.obj
                0x00000000200019ac                z_data
 .bss._app_driver_count
                0x00000000200019ae        0x1 CMakeFiles/main.dir/home/michael/northwesternCourses/mech433/pico/pico-sdk/lib/tinyusb/src/device/usbd.c.obj
 .bss._sof_enable
                0x00000000200019af        0x1 CMakeFiles/main.dir/home/michael/northwesternCourses/mech433/pico/pico-sdk/lib/tinyusb/src/portable/raspberrypi/rp2040/dcd_rp2040.c.obj
 .bss.boot2_copyout_valid
                0x00000000200019b0        0x1 CMakeFiles/main.dir/home/michael/northwesternCourses/mech433/pico/pico-sdk/src/rp2_common/hardware_flash/flash.c.obj
 .bss.claimed   0x00000000200019b1        0x1 CMakeFiles/main.dir/home/michael/northwesternCourses/mech433/pico/pico-sdk/src/rp2_common/hardware_timer/timer.c.obj
 .bss.irq_hander_chain_free_slot_head
                0x00000000200019b2        0x1 CMakeFiles/main.dir/home/michael/northwesternCourses/mech433/pico/pico-sdk/src/rp2_common/hardware_irq/irq.c.obj
 .bss.led_state.0
                0x00000000200019b3        0x1 CMakeFiles/main.dir/main.c.obj
 .bss.timer_callbacks_pending
                0x00000000200019b4        0x1 CMakeFiles/main.dir/home/michael/northwesternCourses/mech433/pico/pico-sdk/src/rp2_common/hardware_timer/timer.c.obj
 *(COMMON)
                0x00000000200019b8                . = ALIGN (0x4)
 *fill*         0x00000000200019b5        0x3 
                0x00000000200019b8                __bss_end__ = .

.heap           0x00000000200019b8      0x800
                0x00000000200019b8                __end__ = .
                0x00000000200019b8                end = __end__
 *(.heap*)
 .heap          0x00000000200019b8      0x800 CMakeFiles/main.dir/home/michael/northwesternCourses/mech433/pico/pico-sdk/src/rp2_common/pico_standard_link/crt0.S.obj
                0x00000000200021b8                __HeapLimit = .

.stack1_dummy
 *(.stack1*)

.stack_dummy    0x0000000020041000      0x800
 *(.stack*)
 .stack         0x0000000020041000      0x800 CMakeFiles/main.dir/home/michael/northwesternCourses/mech433/pico/pico-sdk/src/rp2_common/pico_standard_link/crt0.S.obj

.flash_end      0x0000000010005a40        0x0
                0x0000000010005a40                PROVIDE (__flash_binary_end = .)
                0x0000000020040000                __StackLimit = (ORIGIN (RAM) + LENGTH (RAM))
                0x0000000020041000                __StackOneTop = (ORIGIN (SCRATCH_X) + LENGTH (SCRATCH_X))
                0x0000000020042000                __StackTop = (ORIGIN (SCRATCH_Y) + LENGTH (SCRATCH_Y))
                0x0000000020041000                __StackOneBottom = (__StackOneTop - SIZEOF (.stack1_dummy))
                0x0000000020041800                __StackBottom = (__StackTop - SIZEOF (.stack_dummy))
                0x0000000020042000                PROVIDE (__stack = __StackTop)
                0x0000000000000001                ASSERT ((__StackLimit >= __HeapLimit), region RAM overflowed)
                0x0000000000000001                ASSERT (((__binary_info_header_end - __logical_binary_start) <= 0x100), Binary info must be in first 256 bytes of the binary)
LOAD CMakeFiles/main.dir/main.c.obj
LOAD CMakeFiles/main.dir/usb_descriptors.c.obj
LOAD CMakeFiles/main.dir/home/michael/northwesternCourses/mech433/pico/pico-sdk/src/rp2_common/pico_stdlib/stdlib.c.obj
LOAD CMakeFiles/main.dir/home/michael/northwesternCourses/mech433/pico/pico-sdk/src/rp2_common/hardware_gpio/gpio.c.obj
LOAD CMakeFiles/main.dir/home/michael/northwesternCourses/mech433/pico/pico-sdk/src/rp2_common/pico_platform/platform.c.obj
LOAD CMakeFiles/main.dir/home/michael/northwesternCourses/mech433/pico/pico-sdk/src/rp2_common/hardware_claim/claim.c.obj
LOAD CMakeFiles/main.dir/home/michael/northwesternCourses/mech433/pico/pico-sdk/src/rp2_common/hardware_sync/sync.c.obj
LOAD CMakeFiles/main.dir/home/michael/northwesternCourses/mech433/pico/pico-sdk/src/rp2_common/hardware_irq/irq.c.obj
LOAD CMakeFiles/main.dir/home/michael/northwesternCourses/mech433/pico/pico-sdk/src/rp2_common/hardware_irq/irq_handler_chain.S.obj
LOAD CMakeFiles/main.dir/home/michael/northwesternCourses/mech433/pico/pico-sdk/src/common/pico_sync/sem.c.obj
LOAD CMakeFiles/main.dir/home/michael/northwesternCourses/mech433/pico/pico-sdk/src/common/pico_sync/lock_core.c.obj
LOAD CMakeFiles/main.dir/home/michael/northwesternCourses/mech433/pico/pico-sdk/src/common/pico_sync/mutex.c.obj
LOAD CMakeFiles/main.dir/home/michael/northwesternCourses/mech433/pico/pico-sdk/src/common/pico_sync/critical_section.c.obj
LOAD CMakeFiles/main.dir/home/michael/northwesternCourses/mech433/pico/pico-sdk/src/common/pico_time/time.c.obj
LOAD CMakeFiles/main.dir/home/michael/northwesternCourses/mech433/pico/pico-sdk/src/common/pico_time/timeout_helper.c.obj
LOAD CMakeFiles/main.dir/home/michael/northwesternCourses/mech433/pico/pico-sdk/src/rp2_common/hardware_timer/timer.c.obj
LOAD CMakeFiles/main.dir/home/michael/northwesternCourses/mech433/pico/pico-sdk/src/common/pico_util/datetime.c.obj
LOAD CMakeFiles/main.dir/home/michael/northwesternCourses/mech433/pico/pico-sdk/src/common/pico_util/pheap.c.obj
LOAD CMakeFiles/main.dir/home/michael/northwesternCourses/mech433/pico/pico-sdk/src/common/pico_util/queue.c.obj
LOAD CMakeFiles/main.dir/home/michael/northwesternCourses/mech433/pico/pico-sdk/src/rp2_common/hardware_uart/uart.c.obj
LOAD CMakeFiles/main.dir/home/michael/northwesternCourses/mech433/pico/pico-sdk/src/rp2_common/hardware_clocks/clocks.c.obj
LOAD CMakeFiles/main.dir/home/michael/northwesternCourses/mech433/pico/pico-sdk/src/rp2_common/hardware_pll/pll.c.obj
LOAD CMakeFiles/main.dir/home/michael/northwesternCourses/mech433/pico/pico-sdk/src/rp2_common/hardware_vreg/vreg.c.obj
LOAD CMakeFiles/main.dir/home/michael/northwesternCourses/mech433/pico/pico-sdk/src/rp2_common/hardware_watchdog/watchdog.c.obj
LOAD CMakeFiles/main.dir/home/michael/northwesternCourses/mech433/pico/pico-sdk/src/rp2_common/hardware_xosc/xosc.c.obj
LOAD CMakeFiles/main.dir/home/michael/northwesternCourses/mech433/pico/pico-sdk/src/rp2_common/hardware_divider/divider.S.obj
LOAD CMakeFiles/main.dir/home/michael/northwesternCourses/mech433/pico/pico-sdk/src/rp2_common/pico_runtime/runtime.c.obj
LOAD CMakeFiles/main.dir/home/michael/northwesternCourses/mech433/pico/pico-sdk/src/rp2_common/pico_printf/printf.c.obj
LOAD CMakeFiles/main.dir/home/michael/northwesternCourses/mech433/pico/pico-sdk/src/rp2_common/pico_bit_ops/bit_ops_aeabi.S.obj
LOAD CMakeFiles/main.dir/home/michael/northwesternCourses/mech433/pico/pico-sdk/src/rp2_common/pico_bootrom/bootrom.c.obj
LOAD CMakeFiles/main.dir/home/michael/northwesternCourses/mech433/pico/pico-sdk/src/rp2_common/pico_divider/divider.S.obj
LOAD CMakeFiles/main.dir/home/michael/northwesternCourses/mech433/pico/pico-sdk/src/rp2_common/pico_double/double_aeabi.S.obj
LOAD CMakeFiles/main.dir/home/michael/northwesternCourses/mech433/pico/pico-sdk/src/rp2_common/pico_double/double_init_rom.c.obj
LOAD CMakeFiles/main.dir/home/michael/northwesternCourses/mech433/pico/pico-sdk/src/rp2_common/pico_double/double_math.c.obj
LOAD CMakeFiles/main.dir/home/michael/northwesternCourses/mech433/pico/pico-sdk/src/rp2_common/pico_double/double_v1_rom_shim.S.obj
LOAD CMakeFiles/main.dir/home/michael/northwesternCourses/mech433/pico/pico-sdk/src/rp2_common/pico_int64_ops/pico_int64_ops_aeabi.S.obj
LOAD CMakeFiles/main.dir/home/michael/northwesternCourses/mech433/pico/pico-sdk/src/rp2_common/pico_float/float_aeabi.S.obj
LOAD CMakeFiles/main.dir/home/michael/northwesternCourses/mech433/pico/pico-sdk/src/rp2_common/pico_float/float_init_rom.c.obj
LOAD CMakeFiles/main.dir/home/michael/northwesternCourses/mech433/pico/pico-sdk/src/rp2_common/pico_float/float_math.c.obj
LOAD CMakeFiles/main.dir/home/michael/northwesternCourses/mech433/pico/pico-sdk/src/rp2_common/pico_float/float_v1_rom_shim.S.obj
LOAD CMakeFiles/main.dir/home/michael/northwesternCourses/mech433/pico/pico-sdk/src/rp2_common/pico_malloc/pico_malloc.c.obj
LOAD CMakeFiles/main.dir/home/michael/northwesternCourses/mech433/pico/pico-sdk/src/rp2_common/pico_mem_ops/mem_ops_aeabi.S.obj
LOAD CMakeFiles/main.dir/home/michael/northwesternCourses/mech433/pico/pico-sdk/src/rp2_common/pico_standard_link/crt0.S.obj
LOAD CMakeFiles/main.dir/home/michael/northwesternCourses/mech433/pico/pico-sdk/src/rp2_common/pico_standard_link/new_delete.cpp.obj
LOAD CMakeFiles/main.dir/home/michael/northwesternCourses/mech433/pico/pico-sdk/src/rp2_common/pico_standard_link/binary_info.c.obj
LOAD CMakeFiles/main.dir/home/michael/northwesternCourses/mech433/pico/pico-sdk/src/rp2_common/pico_stdio/stdio.c.obj
LOAD CMakeFiles/main.dir/home/michael/northwesternCourses/mech433/pico/pico-sdk/src/rp2_common/pico_stdio_uart/stdio_uart.c.obj
LOAD CMakeFiles/main.dir/home/michael/northwesternCourses/mech433/pico/pico-sdk/src/rp2_common/hardware_i2c/i2c.c.obj
LOAD CMakeFiles/main.dir/home/michael/northwesternCourses/mech433/pico/pico-sdk/src/rp2_common/pico_unique_id/unique_id.c.obj
LOAD CMakeFiles/main.dir/home/michael/northwesternCourses/mech433/pico/pico-sdk/src/rp2_common/hardware_flash/flash.c.obj
LOAD CMakeFiles/main.dir/home/michael/northwesternCourses/mech433/pico/pico-sdk/lib/tinyusb/src/portable/raspberrypi/rp2040/dcd_rp2040.c.obj
LOAD CMakeFiles/main.dir/home/michael/northwesternCourses/mech433/pico/pico-sdk/lib/tinyusb/src/portable/raspberrypi/rp2040/rp2040_usb.c.obj
LOAD CMakeFiles/main.dir/home/michael/northwesternCourses/mech433/pico/pico-sdk/lib/tinyusb/src/device/usbd.c.obj
LOAD CMakeFiles/main.dir/home/michael/northwesternCourses/mech433/pico/pico-sdk/lib/tinyusb/src/device/usbd_control.c.obj
LOAD CMakeFiles/main.dir/home/michael/northwesternCourses/mech433/pico/pico-sdk/lib/tinyusb/src/class/audio/audio_device.c.obj
LOAD CMakeFiles/main.dir/home/michael/northwesternCourses/mech433/pico/pico-sdk/lib/tinyusb/src/class/cdc/cdc_device.c.obj
LOAD CMakeFiles/main.dir/home/michael/northwesternCourses/mech433/pico/pico-sdk/lib/tinyusb/src/class/dfu/dfu_device.c.obj
LOAD CMakeFiles/main.dir/home/michael/northwesternCourses/mech433/pico/pico-sdk/lib/tinyusb/src/class/dfu/dfu_rt_device.c.obj
LOAD CMakeFiles/main.dir/home/michael/northwesternCourses/mech433/pico/pico-sdk/lib/tinyusb/src/class/hid/hid_device.c.obj
LOAD CMakeFiles/main.dir/home/michael/northwesternCourses/mech433/pico/pico-sdk/lib/tinyusb/src/class/midi/midi_device.c.obj
LOAD CMakeFiles/main.dir/home/michael/northwesternCourses/mech433/pico/pico-sdk/lib/tinyusb/src/class/msc/msc_device.c.obj
LOAD CMakeFiles/main.dir/home/michael/northwesternCourses/mech433/pico/pico-sdk/lib/tinyusb/src/class/net/ecm_rndis_device.c.obj
LOAD CMakeFiles/main.dir/home/michael/northwesternCourses/mech433/pico/pico-sdk/lib/tinyusb/src/class/net/ncm_device.c.obj
LOAD CMakeFiles/main.dir/home/michael/northwesternCourses/mech433/pico/pico-sdk/lib/tinyusb/src/class/usbtmc/usbtmc_device.c.obj
LOAD CMakeFiles/main.dir/home/michael/northwesternCourses/mech433/pico/pico-sdk/lib/tinyusb/src/class/vendor/vendor_device.c.obj
LOAD CMakeFiles/main.dir/home/michael/northwesternCourses/mech433/pico/pico-sdk/lib/tinyusb/src/class/video/video_device.c.obj
LOAD CMakeFiles/main.dir/home/michael/northwesternCourses/mech433/pico/pico-sdk/lib/tinyusb/src/tusb.c.obj
LOAD CMakeFiles/main.dir/home/michael/northwesternCourses/mech433/pico/pico-sdk/lib/tinyusb/src/common/tusb_fifo.c.obj
LOAD CMakeFiles/main.dir/home/michael/northwesternCourses/mech433/pico/pico-sdk/src/rp2_common/pico_fix/rp2040_usb_device_enumeration/rp2040_usb_device_enumeration.c.obj
LOAD CMakeFiles/main.dir/home/michael/northwesternCourses/mech433/pico/pico-sdk/lib/tinyusb/hw/bsp/rp2040/family.c.obj
LOAD /tmp/cc4Xft8X.o
LOAD /usr/lib/gcc/arm-none-eabi/12.2.1/../../../arm-none-eabi/lib/thumb/v6-m/nofp/libstdc++.a
LOAD /usr/lib/gcc/arm-none-eabi/12.2.1/../../../arm-none-eabi/lib/thumb/v6-m/nofp/libm.a
START GROUP
LOAD /usr/lib/gcc/arm-none-eabi/12.2.1/thumb/v6-m/nofp/libgcc.a
LOAD /usr/lib/gcc/arm-none-eabi/12.2.1/../../../arm-none-eabi/lib/thumb/v6-m/nofp/libc.a
END GROUP
START GROUP
LOAD /usr/lib/gcc/arm-none-eabi/12.2.1/thumb/v6-m/nofp/libgcc.a
LOAD /usr/lib/gcc/arm-none-eabi/12.2.1/../../../arm-none-eabi/lib/thumb/v6-m/nofp/libc.a
LOAD /usr/lib/gcc/arm-none-eabi/12.2.1/../../../arm-none-eabi/lib/thumb/v6-m/nofp/libnosys.a
END GROUP
LOAD /usr/lib/gcc/arm-none-eabi/12.2.1/thumb/v6-m/nofp/crtend.o
LOAD /usr/lib/gcc/arm-none-eabi/12.2.1/thumb/v6-m/nofp/crtn.o
OUTPUT(main.elf elf32-littlearm)
LOAD linker stubs

.ARM.attributes
                0x0000000000000000       0x28
 .ARM.attributes
                0x0000000000000000       0x1e /usr/lib/gcc/arm-none-eabi/12.2.1/thumb/v6-m/nofp/crti.o
 .ARM.attributes
                0x000000000000001e       0x2c /usr/lib/gcc/arm-none-eabi/12.2.1/thumb/v6-m/nofp/crtbegin.o
 .ARM.attributes
                0x000000000000004a       0x2c CMakeFiles/main.dir/main.c.obj
 .ARM.attributes
                0x0000000000000076       0x2c CMakeFiles/main.dir/usb_descriptors.c.obj
 .ARM.attributes
                0x00000000000000a2       0x2c CMakeFiles/main.dir/home/michael/northwesternCourses/mech433/pico/pico-sdk/src/rp2_common/hardware_gpio/gpio.c.obj
 .ARM.attributes
                0x00000000000000ce       0x2c CMakeFiles/main.dir/home/michael/northwesternCourses/mech433/pico/pico-sdk/src/rp2_common/pico_platform/platform.c.obj
 .ARM.attributes
                0x00000000000000fa       0x2c CMakeFiles/main.dir/home/michael/northwesternCourses/mech433/pico/pico-sdk/src/rp2_common/hardware_claim/claim.c.obj
 .ARM.attributes
                0x0000000000000126       0x2c CMakeFiles/main.dir/home/michael/northwesternCourses/mech433/pico/pico-sdk/src/rp2_common/hardware_sync/sync.c.obj
 .ARM.attributes
                0x0000000000000152       0x2c CMakeFiles/main.dir/home/michael/northwesternCourses/mech433/pico/pico-sdk/src/rp2_common/hardware_irq/irq.c.obj
 .ARM.attributes
                0x000000000000017e       0x22 CMakeFiles/main.dir/home/michael/northwesternCourses/mech433/pico/pico-sdk/src/rp2_common/hardware_irq/irq_handler_chain.S.obj
 .ARM.attributes
                0x00000000000001a0       0x2c CMakeFiles/main.dir/home/michael/northwesternCourses/mech433/pico/pico-sdk/src/common/pico_sync/lock_core.c.obj
 .ARM.attributes
                0x00000000000001cc       0x2c CMakeFiles/main.dir/home/michael/northwesternCourses/mech433/pico/pico-sdk/src/common/pico_sync/mutex.c.obj
 .ARM.attributes
                0x00000000000001f8       0x2c CMakeFiles/main.dir/home/michael/northwesternCourses/mech433/pico/pico-sdk/src/common/pico_sync/critical_section.c.obj
 .ARM.attributes
                0x0000000000000224       0x2c CMakeFiles/main.dir/home/michael/northwesternCourses/mech433/pico/pico-sdk/src/common/pico_time/time.c.obj
 .ARM.attributes
                0x0000000000000250       0x2c CMakeFiles/main.dir/home/michael/northwesternCourses/mech433/pico/pico-sdk/src/rp2_common/hardware_timer/timer.c.obj
 .ARM.attributes
                0x000000000000027c       0x2c CMakeFiles/main.dir/home/michael/northwesternCourses/mech433/pico/pico-sdk/src/common/pico_util/pheap.c.obj
 .ARM.attributes
                0x00000000000002a8       0x2c CMakeFiles/main.dir/home/michael/northwesternCourses/mech433/pico/pico-sdk/src/rp2_common/hardware_uart/uart.c.obj
 .ARM.attributes
                0x00000000000002d4       0x2c CMakeFiles/main.dir/home/michael/northwesternCourses/mech433/pico/pico-sdk/src/rp2_common/hardware_clocks/clocks.c.obj
 .ARM.attributes
                0x0000000000000300       0x2c CMakeFiles/main.dir/home/michael/northwesternCourses/mech433/pico/pico-sdk/src/rp2_common/hardware_pll/pll.c.obj
 .ARM.attributes
                0x000000000000032c       0x2c CMakeFiles/main.dir/home/michael/northwesternCourses/mech433/pico/pico-sdk/src/rp2_common/hardware_watchdog/watchdog.c.obj
 .ARM.attributes
                0x0000000000000358       0x2c CMakeFiles/main.dir/home/michael/northwesternCourses/mech433/pico/pico-sdk/src/rp2_common/hardware_xosc/xosc.c.obj
 .ARM.attributes
                0x0000000000000384       0x2c CMakeFiles/main.dir/home/michael/northwesternCourses/mech433/pico/pico-sdk/src/rp2_common/pico_runtime/runtime.c.obj
 .ARM.attributes
                0x00000000000003b0       0x2c CMakeFiles/main.dir/home/michael/northwesternCourses/mech433/pico/pico-sdk/src/rp2_common/pico_printf/printf.c.obj
 .ARM.attributes
                0x00000000000003dc       0x22 CMakeFiles/main.dir/home/michael/northwesternCourses/mech433/pico/pico-sdk/src/rp2_common/pico_bit_ops/bit_ops_aeabi.S.obj
 .ARM.attributes
                0x00000000000003fe       0x2c CMakeFiles/main.dir/home/michael/northwesternCourses/mech433/pico/pico-sdk/src/rp2_common/pico_bootrom/bootrom.c.obj
 .ARM.attributes
                0x000000000000042a       0x22 CMakeFiles/main.dir/home/michael/northwesternCourses/mech433/pico/pico-sdk/src/rp2_common/pico_divider/divider.S.obj
 .ARM.attributes
                0x000000000000044c       0x22 CMakeFiles/main.dir/home/michael/northwesternCourses/mech433/pico/pico-sdk/src/rp2_common/pico_double/double_aeabi.S.obj
 .ARM.attributes
                0x000000000000046e       0x2c CMakeFiles/main.dir/home/michael/northwesternCourses/mech433/pico/pico-sdk/src/rp2_common/pico_double/double_init_rom.c.obj
 .ARM.attributes
                0x000000000000049a       0x22 CMakeFiles/main.dir/home/michael/northwesternCourses/mech433/pico/pico-sdk/src/rp2_common/pico_double/double_v1_rom_shim.S.obj
 .ARM.attributes
                0x00000000000004bc       0x22 CMakeFiles/main.dir/home/michael/northwesternCourses/mech433/pico/pico-sdk/src/rp2_common/pico_int64_ops/pico_int64_ops_aeabi.S.obj
 .ARM.attributes
                0x00000000000004de       0x22 CMakeFiles/main.dir/home/michael/northwesternCourses/mech433/pico/pico-sdk/src/rp2_common/pico_float/float_aeabi.S.obj
 .ARM.attributes
                0x0000000000000500       0x2c CMakeFiles/main.dir/home/michael/northwesternCourses/mech433/pico/pico-sdk/src/rp2_common/pico_float/float_init_rom.c.obj
 .ARM.attributes
                0x000000000000052c       0x22 CMakeFiles/main.dir/home/michael/northwesternCourses/mech433/pico/pico-sdk/src/rp2_common/pico_float/float_v1_rom_shim.S.obj
 .ARM.attributes
                0x000000000000054e       0x22 CMakeFiles/main.dir/home/michael/northwesternCourses/mech433/pico/pico-sdk/src/rp2_common/pico_mem_ops/mem_ops_aeabi.S.obj
 .ARM.attributes
                0x0000000000000570       0x22 CMakeFiles/main.dir/home/michael/northwesternCourses/mech433/pico/pico-sdk/src/rp2_common/pico_standard_link/crt0.S.obj
 .ARM.attributes
                0x0000000000000592       0x2c CMakeFiles/main.dir/home/michael/northwesternCourses/mech433/pico/pico-sdk/src/rp2_common/pico_standard_link/binary_info.c.obj
 .ARM.attributes
                0x00000000000005be       0x2c CMakeFiles/main.dir/home/michael/northwesternCourses/mech433/pico/pico-sdk/src/rp2_common/pico_stdio/stdio.c.obj
 .ARM.attributes
                0x00000000000005ea       0x2c CMakeFiles/main.dir/home/michael/northwesternCourses/mech433/pico/pico-sdk/src/rp2_common/pico_stdio_uart/stdio_uart.c.obj
 .ARM.attributes
                0x0000000000000616       0x2c CMakeFiles/main.dir/home/michael/northwesternCourses/mech433/pico/pico-sdk/src/rp2_common/hardware_i2c/i2c.c.obj
 .ARM.attributes
                0x0000000000000642       0x2c CMakeFiles/main.dir/home/michael/northwesternCourses/mech433/pico/pico-sdk/src/rp2_common/pico_unique_id/unique_id.c.obj
 .ARM.attributes
                0x000000000000066e       0x2c CMakeFiles/main.dir/home/michael/northwesternCourses/mech433/pico/pico-sdk/src/rp2_common/hardware_flash/flash.c.obj
 .ARM.attributes
                0x000000000000069a       0x2c CMakeFiles/main.dir/home/michael/northwesternCourses/mech433/pico/pico-sdk/lib/tinyusb/src/portable/raspberrypi/rp2040/dcd_rp2040.c.obj
 .ARM.attributes
                0x00000000000006c6       0x2c CMakeFiles/main.dir/home/michael/northwesternCourses/mech433/pico/pico-sdk/lib/tinyusb/src/portable/raspberrypi/rp2040/rp2040_usb.c.obj
 .ARM.attributes
                0x00000000000006f2       0x2c CMakeFiles/main.dir/home/michael/northwesternCourses/mech433/pico/pico-sdk/lib/tinyusb/src/device/usbd.c.obj
 .ARM.attributes
                0x000000000000071e       0x2c CMakeFiles/main.dir/home/michael/northwesternCourses/mech433/pico/pico-sdk/lib/tinyusb/src/device/usbd_control.c.obj
 .ARM.attributes
                0x000000000000074a       0x2c CMakeFiles/main.dir/home/michael/northwesternCourses/mech433/pico/pico-sdk/lib/tinyusb/src/class/hid/hid_device.c.obj
 .ARM.attributes
                0x0000000000000776       0x2c CMakeFiles/main.dir/home/michael/northwesternCourses/mech433/pico/pico-sdk/lib/tinyusb/src/tusb.c.obj
 .ARM.attributes
                0x00000000000007a2       0x2c CMakeFiles/main.dir/home/michael/northwesternCourses/mech433/pico/pico-sdk/lib/tinyusb/src/common/tusb_fifo.c.obj
 .ARM.attributes
                0x00000000000007ce       0x2c CMakeFiles/main.dir/home/michael/northwesternCourses/mech433/pico/pico-sdk/lib/tinyusb/hw/bsp/rp2040/family.c.obj
 .ARM.attributes
                0x00000000000007fa       0x22 /tmp/cc4Xft8X.o
 .ARM.attributes
                0x000000000000081c       0x1e /usr/lib/gcc/arm-none-eabi/12.2.1/thumb/v6-m/nofp/libgcc.a(_dvmd_tls.o)
 .ARM.attributes
                0x000000000000083a       0x2c /usr/lib/gcc/arm-none-eabi/12.2.1/../../../arm-none-eabi/lib/thumb/v6-m/nofp/libc.a(lib_a-strlen-stub.o)
 .ARM.attributes
                0x0000000000000866       0x2c /usr/lib/gcc/arm-none-eabi/12.2.1/thumb/v6-m/nofp/crtend.o

.comment        0x0000000000000000       0x59
 .comment       0x0000000000000000       0x26 /usr/lib/gcc/arm-none-eabi/12.2.1/thumb/v6-m/nofp/crtbegin.o
                                         0x27 (size before relaxing)
 .comment       0x0000000000000026       0x27 CMakeFiles/main.dir/main.c.obj
 .comment       0x0000000000000026       0x27 CMakeFiles/main.dir/usb_descriptors.c.obj
 .comment       0x0000000000000026       0x27 CMakeFiles/main.dir/home/michael/northwesternCourses/mech433/pico/pico-sdk/src/rp2_common/hardware_gpio/gpio.c.obj
 .comment       0x0000000000000026       0x27 CMakeFiles/main.dir/home/michael/northwesternCourses/mech433/pico/pico-sdk/src/rp2_common/pico_platform/platform.c.obj
 .comment       0x0000000000000026       0x27 CMakeFiles/main.dir/home/michael/northwesternCourses/mech433/pico/pico-sdk/src/rp2_common/hardware_claim/claim.c.obj
 .comment       0x0000000000000026       0x27 CMakeFiles/main.dir/home/michael/northwesternCourses/mech433/pico/pico-sdk/src/rp2_common/hardware_sync/sync.c.obj
 .comment       0x0000000000000026       0x27 CMakeFiles/main.dir/home/michael/northwesternCourses/mech433/pico/pico-sdk/src/rp2_common/hardware_irq/irq.c.obj
 .comment       0x0000000000000026       0x27 CMakeFiles/main.dir/home/michael/northwesternCourses/mech433/pico/pico-sdk/src/common/pico_sync/lock_core.c.obj
 .comment       0x0000000000000026       0x27 CMakeFiles/main.dir/home/michael/northwesternCourses/mech433/pico/pico-sdk/src/common/pico_sync/mutex.c.obj
 .comment       0x0000000000000026       0x27 CMakeFiles/main.dir/home/michael/northwesternCourses/mech433/pico/pico-sdk/src/common/pico_sync/critical_section.c.obj
 .comment       0x0000000000000026       0x27 CMakeFiles/main.dir/home/michael/northwesternCourses/mech433/pico/pico-sdk/src/common/pico_time/time.c.obj