Archive member included to satisfy reference by file (symbol)

/usr/lib/gcc/arm-none-eabi/12.2.1/thumb/v6-m/nofp/libgcc.a(_dvmd_tls.o)
                              CMakeFiles/main.dir/home/michael/northwesternCourses/mech433/pico/pico-sdk/src/rp2_common/pico_divider/divider.S.obj (__aeabi_idiv0)
/usr/lib/gcc/arm-none-eabi/12.2.1/../../../arm-none-eabi/lib/thumb/v6-m/nofp/libc.a(lib_a-atexit.o)
                              /usr/lib/gcc/arm-none-eabi/12.2.1/../../../arm-none-eabi/lib/thumb/v6-m/nofp/crt0.o (atexit)
/usr/lib/gcc/arm-none-eabi/12.2.1/../../../arm-none-eabi/lib/thumb/v6-m/nofp/libc.a(lib_a-calloc.o)
                              CMakeFiles/main.dir/home/michael/northwesternCourses/mech433/pico/pico-sdk/src/rp2_common/pico_malloc/pico_malloc.c.obj (calloc)
/usr/lib/gcc/arm-none-eabi/12.2.1/../../../arm-none-eabi/lib/thumb/v6-m/nofp/libc.a(lib_a-callocr.o)
                              /usr/lib/gcc/arm-none-eabi/12.2.1/../../../arm-none-eabi/lib/thumb/v6-m/nofp/libc.a(lib_a-calloc.o) (_calloc_r)
/usr/lib/gcc/arm-none-eabi/12.2.1/../../../arm-none-eabi/lib/thumb/v6-m/nofp/libc.a(lib_a-fini.o)
                              /usr/lib/gcc/arm-none-eabi/12.2.1/../../../arm-none-eabi/lib/thumb/v6-m/nofp/crt0.o (__libc_fini_array)
/usr/lib/gcc/arm-none-eabi/12.2.1/../../../arm-none-eabi/lib/thumb/v6-m/nofp/libc.a(lib_a-impure.o)
                              /usr/lib/gcc/arm-none-eabi/12.2.1/../../../arm-none-eabi/lib/thumb/v6-m/nofp/libc.a(lib_a-calloc.o) (_impure_ptr)
/usr/lib/gcc/arm-none-eabi/12.2.1/../../../arm-none-eabi/lib/thumb/v6-m/nofp/libc.a(lib_a-init.o)
                              /usr/lib/gcc/arm-none-eabi/12.2.1/../../../arm-none-eabi/lib/thumb/v6-m/nofp/crt0.o (__libc_init_array)
/usr/lib/gcc/arm-none-eabi/12.2.1/../../../arm-none-eabi/lib/thumb/v6-m/nofp/libc.a(lib_a-malloc.o)
                              CMakeFiles/main.dir/home/michael/northwesternCourses/mech433/pico/pico-sdk/src/rp2_common/pico_malloc/pico_malloc.c.obj (malloc)
/usr/lib/gcc/arm-none-eabi/12.2.1/../../../arm-none-eabi/lib/thumb/v6-m/nofp/libc.a(lib_a-mallocr.o)
                              /usr/lib/gcc/arm-none-eabi/12.2.1/../../../arm-none-eabi/lib/thumb/v6-m/nofp/libc.a(lib_a-callocr.o) (_malloc_r)
/usr/lib/gcc/arm-none-eabi/12.2.1/../../../arm-none-eabi/lib/thumb/v6-m/nofp/libc.a(lib_a-mlock.o)
                              /usr/lib/gcc/arm-none-eabi/12.2.1/../../../arm-none-eabi/lib/thumb/v6-m/nofp/libc.a(lib_a-mallocr.o) (__malloc_lock)
/usr/lib/gcc/arm-none-eabi/12.2.1/../../../arm-none-eabi/lib/thumb/v6-m/nofp/libc.a(lib_a-realloc.o)
                              CMakeFiles/main.dir/home/michael/northwesternCourses/mech433/pico/pico-sdk/src/rp2_common/pico_malloc/pico_malloc.c.obj (realloc)
/usr/lib/gcc/arm-none-eabi/12.2.1/../../../arm-none-eabi/lib/thumb/v6-m/nofp/libc.a(lib_a-reallocr.o)
                              /usr/lib/gcc/arm-none-eabi/12.2.1/../../../arm-none-eabi/lib/thumb/v6-m/nofp/libc.a(lib_a-realloc.o) (_realloc_r)
/usr/lib/gcc/arm-none-eabi/12.2.1/../../../arm-none-eabi/lib/thumb/v6-m/nofp/libc.a(lib_a-sbrkr.o)
                              /usr/lib/gcc/arm-none-eabi/12.2.1/../../../arm-none-eabi/lib/thumb/v6-m/nofp/libc.a(lib_a-mallocr.o) (_sbrk_r)
/usr/lib/gcc/arm-none-eabi/12.2.1/../../../arm-none-eabi/lib/thumb/v6-m/nofp/libc.a(lib_a-strlen-stub.o)
                              CMakeFiles/main.dir/main.c.obj (strlen)
/usr/lib/gcc/arm-none-eabi/12.2.1/../../../arm-none-eabi/lib/thumb/v6-m/nofp/libc.a(lib_a-__atexit.o)
                              /usr/lib/gcc/arm-none-eabi/12.2.1/../../../arm-none-eabi/lib/thumb/v6-m/nofp/libc.a(lib_a-atexit.o) (__register_exitproc)
/usr/lib/gcc/arm-none-eabi/12.2.1/../../../arm-none-eabi/lib/thumb/v6-m/nofp/libc.a(lib_a-freer.o)
                              /usr/lib/gcc/arm-none-eabi/12.2.1/../../../arm-none-eabi/lib/thumb/v6-m/nofp/libc.a(lib_a-malloc.o) (_free_r)
/usr/lib/gcc/arm-none-eabi/12.2.1/../../../arm-none-eabi/lib/thumb/v6-m/nofp/libc.a(lib_a-memmove.o)
                              /usr/lib/gcc/arm-none-eabi/12.2.1/../../../arm-none-eabi/lib/thumb/v6-m/nofp/libc.a(lib_a-reallocr.o) (memmove)
/usr/lib/gcc/arm-none-eabi/12.2.1/../../../arm-none-eabi/lib/thumb/v6-m/nofp/libc.a(lib_a-reent.o)
                              /usr/lib/gcc/arm-none-eabi/12.2.1/../../../arm-none-eabi/lib/thumb/v6-m/nofp/libc.a(lib_a-sbrkr.o) (errno)

Discarded input sections

 .text          0x0000000000000000        0x0 /usr/lib/gcc/arm-none-eabi/12.2.1/thumb/v6-m/nofp/crti.o
 .data          0x0000000000000000        0x0 /usr/lib/gcc/arm-none-eabi/12.2.1/thumb/v6-m/nofp/crti.o
 .bss           0x0000000000000000        0x0 /usr/lib/gcc/arm-none-eabi/12.2.1/thumb/v6-m/nofp/crti.o
 .data          0x0000000000000000        0x4 /usr/lib/gcc/arm-none-eabi/12.2.1/thumb/v6-m/nofp/crtbegin.o
 .rodata        0x0000000000000000       0x24 /usr/lib/gcc/arm-none-eabi/12.2.1/thumb/v6-m/nofp/crtbegin.o
[...]
Memory Configuration

Name             Origin             Length             Attributes
FLASH            0x0000000010000000 0x0000000000200000 xr
RAM              0x0000000020000000 0x0000000000040000 xrw
SCRATCH_X        0x0000000020040000 0x0000000000001000 xrw
SCRATCH_Y        0x0000000020041000 0x0000000000001000 xrw
*default*        0x0000000000000000 0xffffffffffffffff

Linker script and memory map

LOAD /usr/lib/gcc/arm-none-eabi/12.2.1/thumb/v6-m/nofp/crti.o
LOAD /usr/lib/gcc/arm-none-eabi/12.2.1/thumb/v6-m/nofp/crtbegin.o
LOAD /usr/lib/gcc/arm-none-eabi/12.2.1/../../../arm-none-eabi/lib/thumb/v6-m/nofp/crt0.o

.flash_begin    0x0000000010000000        0x0
                0x0000000010000000                __flash_binary_start = .

.boot2          0x0000000010000000      0x100
                0x0000000010000000                __boot2_start__ = .
 *(.boot2)
 .boot2         0x0000000010000000      0x100 /tmp/ccKNG7vR.o
                0x0000000010000100                __boot2_end__ = .
                0x0000000000000001                ASSERT (((__boot2_end__ - __boot2_start__) == 0x100), ERROR: Pico second stage bootloader must be 256 bytes in size)

.text           0x0000000010000100     0x74e0
                0x0000000010000100                __logical_binary_start = .
 *(.vectors)
 .vectors       0x0000000010000100       0xd4 CMakeFiles/main.dir/home/michael/northwesternCourses/mech433/pico/pico-sdk/src/rp2_common/pico_standard_link/crt0.S.obj
                0x0000000010000100                __vectors
                0x0000000010000100                __VECTOR_TABLE
                0x00000000100001c0                isr_invalid
                0x00000000100001c0                __default_isrs_start
                0x00000000100001c2                isr_nmi
                0x00000000100001c4                isr_hardfault
                0x00000000100001c6                isr_svcall
                0x00000000100001c8                isr_pendsv
                0x00000000100001ca                isr_systick
                0x00000000100001cc                isr_irq30
                0x00000000100001cc                __unhandled_user_irq
                0x00000000100001cc                isr_irq13
                0x00000000100001cc                isr_irq27
                0x00000000100001cc                isr_irq31
                0x00000000100001cc                isr_irq5
                0x00000000100001cc                isr_irq11
                0x00000000100001cc                isr_irq23
                0x00000000100001cc                isr_irq18
                0x00000000100001cc                isr_irq28
                0x00000000100001cc                isr_irq19
                0x00000000100001cc                isr_irq0
                0x00000000100001cc                isr_irq6
                0x00000000100001cc                isr_irq22
                0x00000000100001cc                isr_irq17
                0x00000000100001cc                isr_irq14
                0x00000000100001cc                isr_irq2
                0x00000000100001cc                isr_irq10
                0x00000000100001cc                isr_irq8
                0x00000000100001cc                isr_irq24
                0x00000000100001cc                isr_irq1
                0x00000000100001cc                isr_irq7
                0x00000000100001cc                isr_irq21
                0x00000000100001cc                isr_irq20
                0x00000000100001cc                isr_irq15
                0x00000000100001cc                isr_irq25
                0x00000000100001cc                isr_irq4
                0x00000000100001cc                isr_irq16
                0x00000000100001cc                isr_irq29
                0x00000000100001cc                isr_irq26
                0x00000000100001cc                __default_isrs_end
                0x00000000100001cc                isr_irq3
                0x00000000100001cc                isr_irq12
                0x00000000100001cc                isr_irq9
                0x00000000100001d2                unhandled_user_irq_num_in_r0
 *(.binary_info_header)
 .binary_info_header
                0x00000000100001d4       0x14 CMakeFiles/main.dir/home/michael/northwesternCourses/mech433/pico/pico-sdk/src/rp2_common/pico_standard_link/crt0.S.obj
                0x00000000100001e8                __binary_info_header_end = .
 *(.reset)
 .reset         0x00000000100001e8       0xa0 CMakeFiles/main.dir/home/michael/northwesternCourses/mech433/pico/pico-sdk/src/rp2_common/pico_standard_link/crt0.S.obj
                0x00000000100001e8                _entry_point
 .reset         0x0000000010000288       0x30 CMakeFiles/main.dir/home/michael/northwesternCourses/mech433/pico/pico-sdk/src/rp2_common/pico_standard_link/binary_info.c.obj
 *(.init)
 .init          0x00000000100002b8        0x4 /usr/lib/gcc/arm-none-eabi/12.2.1/thumb/v6-m/nofp/crti.o
                0x00000000100002b8                _init
 *(EXCLUDE_FILE(*libm.a: *libc.a:*lib_a-mem*.o *libgcc.a:) .text*)
 .text          0x00000000100002bc       0x98 /usr/lib/gcc/arm-none-eabi/12.2.1/thumb/v6-m/nofp/crtbegin.o
 .text.on_uart_rx
                0x0000000010000354      0x160 CMakeFiles/main.dir/main.c.obj
                0x0000000010000354                on_uart_rx
 .text.uart_setup
                0x00000000100004b4       0xcc CMakeFiles/main.dir/main.c.obj
                0x00000000100004b4                uart_setup
 .text.startup.main
                0x0000000010000580      0x188 CMakeFiles/main.dir/main.c.obj
                0x0000000010000580                main
 .text.ssd1306_update
                0x0000000010000708       0xa4 CMakeFiles/main.dir/ssd1306.c.obj
                0x0000000010000708                ssd1306_update
 .text.ssd1306_setup
                0x00000000100007ac      0x23c CMakeFiles/main.dir/ssd1306.c.obj
                0x00000000100007ac                ssd1306_setup
 .text.ssd1306_drawPixel
                0x00000000100009e8       0x44 CMakeFiles/main.dir/ssd1306.c.obj
                0x00000000100009e8                ssd1306_drawPixel
 .text.ssd1306_clear
                0x0000000010000a2c       0x1c CMakeFiles/main.dir/ssd1306.c.obj
                0x0000000010000a2c                ssd1306_clear
 .text.gpio_set_function
                0x0000000010000a48       0x30 CMakeFiles/main.dir/home/michael/northwesternCourses/mech433/pico/pico-sdk/src/rp2_common/hardware_gpio/gpio.c.obj
                0x0000000010000a48                gpio_set_function
 .text.gpio_set_pulls
                0x0000000010000a78       0x24 CMakeFiles/main.dir/home/michael/northwesternCourses/mech433/pico/pico-sdk/src/rp2_common/hardware_gpio/gpio.c.obj
                0x0000000010000a78                gpio_set_pulls
 .text.gpio_set_input_enabled
                0x0000000010000a9c       0x28 CMakeFiles/main.dir/home/michael/northwesternCourses/mech433/pico/pico-sdk/src/rp2_common/hardware_gpio/gpio.c.obj
                0x0000000010000a9c                gpio_set_input_enabled
 .text.running_on_fpga
                0x0000000010000ac4       0x10 CMakeFiles/main.dir/home/michael/northwesternCourses/mech433/pico/pico-sdk/src/rp2_common/pico_platform/platform.c.obj
                0x0000000010000ac4                running_on_fpga
 .text.hw_claim_or_assert
                0x0000000010000ad4       0x44 CMakeFiles/main.dir/home/michael/northwesternCourses/mech433/pico/pico-sdk/src/rp2_common/hardware_claim/claim.c.obj
                0x0000000010000ad4                hw_claim_or_assert
 .text.hw_claim_unused_from_range
                0x0000000010000b18       0x9c CMakeFiles/main.dir/home/michael/northwesternCourses/mech433/pico/pico-sdk/src/rp2_common/hardware_claim/claim.c.obj
                0x0000000010000b18                hw_claim_unused_from_range
 .text.spin_locks_reset
                0x0000000010000bb4       0x1c CMakeFiles/main.dir/home/michael/northwesternCourses/mech433/pico/pico-sdk/src/rp2_common/hardware_sync/sync.c.obj
                0x0000000010000bb4                spin_locks_reset
 .text.next_striped_spin_lock_num
                0x0000000010000bd0       0x18 CMakeFiles/main.dir/home/michael/northwesternCourses/mech433/pico/pico-sdk/src/rp2_common/hardware_sync/sync.c.obj
                0x0000000010000bd0                next_striped_spin_lock_num
 .text.spin_lock_claim_unused
                0x0000000010000be8       0x24 CMakeFiles/main.dir/home/michael/northwesternCourses/mech433/pico/pico-sdk/src/rp2_common/hardware_sync/sync.c.obj
                0x0000000010000be8                spin_lock_claim_unused
 .text.irq_set_enabled
                0x0000000010000c0c       0x24 CMakeFiles/main.dir/home/michael/northwesternCourses/mech433/pico/pico-sdk/src/rp2_common/hardware_irq/irq.c.obj
                0x0000000010000c0c                irq_set_enabled
 .text.irq_set_pending
                0x0000000010000c30       0x10 CMakeFiles/main.dir/home/michael/northwesternCourses/mech433/pico/pico-sdk/src/rp2_common/hardware_irq/irq.c.obj
                0x0000000010000c30                irq_set_pending
 .text.irq_has_shared_handler
                0x0000000010000c40       0x2c CMakeFiles/main.dir/home/michael/northwesternCourses/mech433/pico/pico-sdk/src/rp2_common/hardware_irq/irq.c.obj
                0x0000000010000c40                irq_has_shared_handler
 .text.irq_get_vtable_handler
                0x0000000010000c6c       0x10 CMakeFiles/main.dir/home/michael/northwesternCourses/mech433/pico/pico-sdk/src/rp2_common/hardware_irq/irq.c.obj
                0x0000000010000c6c                irq_get_vtable_handler
 .text.irq_set_exclusive_handler
                0x0000000010000c7c       0x54 CMakeFiles/main.dir/home/michael/northwesternCourses/mech433/pico/pico-sdk/src/rp2_common/hardware_irq/irq.c.obj
                0x0000000010000c7c                irq_set_exclusive_handler
 .text.irq_add_shared_handler
                0x0000000010000cd0      0x1f4 CMakeFiles/main.dir/home/michael/northwesternCourses/mech433/pico/pico-sdk/src/rp2_common/hardware_irq/irq.c.obj
                0x0000000010000cd0                irq_add_shared_handler
 .text.irq_remove_handler
                0x0000000010000ec4      0x1c4 CMakeFiles/main.dir/home/michael/northwesternCourses/mech433/pico/pico-sdk/src/rp2_common/hardware_irq/irq.c.obj
                0x0000000010000ec4                irq_remove_handler
 .text.irq_add_tail_to_free_list
                0x0000000010001088       0xb4 CMakeFiles/main.dir/home/michael/northwesternCourses/mech433/pico/pico-sdk/src/rp2_common/hardware_irq/irq.c.obj
                0x0000000010001088                irq_add_tail_to_free_list
 .text.irq_init_priorities
                0x000000001000113c       0x24 CMakeFiles/main.dir/home/michael/northwesternCourses/mech433/pico/pico-sdk/src/rp2_common/hardware_irq/irq.c.obj
                0x000000001000113c                irq_init_priorities
 .text.user_irq_claim_unused
                0x0000000010001160       0x2c CMakeFiles/main.dir/home/michael/northwesternCourses/mech433/pico/pico-sdk/src/rp2_common/hardware_irq/irq.c.obj
                0x0000000010001160                user_irq_claim_unused
 .text.lock_init
                0x000000001000118c       0x10 CMakeFiles/main.dir/home/michael/northwesternCourses/mech433/pico/pico-sdk/src/common/pico_sync/lock_core.c.obj
                0x000000001000118c                lock_init
 .text.mutex_init
                0x000000001000119c       0x1c CMakeFiles/main.dir/home/michael/northwesternCourses/mech433/pico/pico-sdk/src/common/pico_sync/mutex.c.obj
                0x000000001000119c                mutex_init
 .text.recursive_mutex_init
                0x00000000100011b8       0x1c CMakeFiles/main.dir/home/michael/northwesternCourses/mech433/pico/pico-sdk/src/common/pico_sync/mutex.c.obj
                0x00000000100011b8                recursive_mutex_init
 .text.critical_section_init
                0x00000000100011d4       0x1c CMakeFiles/main.dir/home/michael/northwesternCourses/mech433/pico/pico-sdk/src/common/pico_sync/critical_section.c.obj
                0x00000000100011d4                critical_section_init
 .text.critical_section_init_with_lock_num
                0x00000000100011f0       0x14 CMakeFiles/main.dir/home/michael/northwesternCourses/mech433/pico/pico-sdk/src/common/pico_sync/critical_section.c.obj
                0x00000000100011f0                critical_section_init_with_lock_num
 .text.timer_pool_entry_comparator
                0x0000000010001204       0x34 CMakeFiles/main.dir/home/michael/northwesternCourses/mech433/pico/pico-sdk/src/common/pico_time/time.c.obj
                0x0000000010001204                timer_pool_entry_comparator
 .text.sleep_until_callback
                0x0000000010001238       0x30 CMakeFiles/main.dir/home/michael/northwesternCourses/mech433/pico/pico-sdk/src/common/pico_time/time.c.obj
 .text.add_alarm_under_lock.isra.0
                0x0000000010001268      0x100 CMakeFiles/main.dir/home/michael/northwesternCourses/mech433/pico/pico-sdk/src/common/pico_time/time.c.obj
 .text.alarm_pool_alarm_callback
                0x0000000010001368      0x1c0 CMakeFiles/main.dir/home/michael/northwesternCourses/mech433/pico/pico-sdk/src/common/pico_time/time.c.obj
 .text.alarm_pool_init_default
                0x0000000010001528       0x6c CMakeFiles/main.dir/home/michael/northwesternCourses/mech433/pico/pico-sdk/src/common/pico_time/time.c.obj
                0x0000000010001528                alarm_pool_init_default
 .text.alarm_pool_get_default
                0x0000000010001594        0x8 CMakeFiles/main.dir/home/michael/northwesternCourses/mech433/pico/pico-sdk/src/common/pico_time/time.c.obj
                0x0000000010001594                alarm_pool_get_default
 .text.alarm_pool_add_alarm_at
                0x000000001000159c      0x188 CMakeFiles/main.dir/home/michael/northwesternCourses/mech433/pico/pico-sdk/src/common/pico_time/time.c.obj
                0x000000001000159c                alarm_pool_add_alarm_at
 .text.alarm_pool_core_num
                0x0000000010001724        0x4 CMakeFiles/main.dir/home/michael/northwesternCourses/mech433/pico/pico-sdk/src/common/pico_time/time.c.obj
                0x0000000010001724                alarm_pool_core_num
 .text.sleep_until
                0x0000000010001728       0xc4 CMakeFiles/main.dir/home/michael/northwesternCourses/mech433/pico/pico-sdk/src/common/pico_time/time.c.obj
                0x0000000010001728                sleep_until
 .text.sleep_ms
                0x00000000100017ec       0x38 CMakeFiles/main.dir/home/michael/northwesternCourses/mech433/pico/pico-sdk/src/common/pico_time/time.c.obj
                0x00000000100017ec                sleep_ms
 .text.best_effort_wfe_or_timeout
                0x0000000010001824       0xec CMakeFiles/main.dir/home/michael/northwesternCourses/mech433/pico/pico-sdk/src/common/pico_time/time.c.obj
                0x0000000010001824                best_effort_wfe_or_timeout
 .text.hardware_alarm_irq_handler
                0x0000000010001910       0xbc CMakeFiles/main.dir/home/michael/northwesternCourses/mech433/pico/pico-sdk/src/rp2_common/hardware_timer/timer.c.obj
 .text.hardware_alarm_claim
                0x00000000100019cc       0x18 CMakeFiles/main.dir/home/michael/northwesternCourses/mech433/pico/pico-sdk/src/rp2_common/hardware_timer/timer.c.obj
                0x00000000100019cc                hardware_alarm_claim
 .text.time_us_64
                0x00000000100019e4       0x14 CMakeFiles/main.dir/home/michael/northwesternCourses/mech433/pico/pico-sdk/src/rp2_common/hardware_timer/timer.c.obj
                0x00000000100019e4                time_us_64
 .text.busy_wait_us
                0x00000000100019f8       0x68 CMakeFiles/main.dir/home/michael/northwesternCourses/mech433/pico/pico-sdk/src/rp2_common/hardware_timer/timer.c.obj
                0x00000000100019f8                busy_wait_us
 .text.busy_wait_until
                0x0000000010001a60       0x20 CMakeFiles/main.dir/home/michael/northwesternCourses/mech433/pico/pico-sdk/src/rp2_common/hardware_timer/timer.c.obj
                0x0000000010001a60                busy_wait_until
 .text.hardware_alarm_set_callback
                0x0000000010001a80       0x8c CMakeFiles/main.dir/home/michael/northwesternCourses/mech433/pico/pico-sdk/src/rp2_common/hardware_timer/timer.c.obj
                0x0000000010001a80                hardware_alarm_set_callback
 .text.hardware_alarm_set_target
                0x0000000010001b0c       0xd0 CMakeFiles/main.dir/home/michael/northwesternCourses/mech433/pico/pico-sdk/src/rp2_common/hardware_timer/timer.c.obj
                0x0000000010001b0c                hardware_alarm_set_target
 .text.hardware_alarm_cancel
                0x0000000010001bdc       0x3c CMakeFiles/main.dir/home/michael/northwesternCourses/mech433/pico/pico-sdk/src/rp2_common/hardware_timer/timer.c.obj
                0x0000000010001bdc                hardware_alarm_cancel
 .text.ph_merge_nodes
                0x0000000010001c18       0x64 CMakeFiles/main.dir/home/michael/northwesternCourses/mech433/pico/pico-sdk/src/common/pico_util/pheap.c.obj
 .text.ph_post_alloc_init
                0x0000000010001c7c       0x3c CMakeFiles/main.dir/home/michael/northwesternCourses/mech433/pico/pico-sdk/src/common/pico_util/pheap.c.obj
                0x0000000010001c7c                ph_post_alloc_init
 .text.ph_merge_two_pass
                0x0000000010001cb8       0x98 CMakeFiles/main.dir/home/michael/northwesternCourses/mech433/pico/pico-sdk/src/common/pico_util/pheap.c.obj
                0x0000000010001cb8                ph_merge_two_pass
 .text.ph_remove_any_head
                0x0000000010001d50      0x100 CMakeFiles/main.dir/home/michael/northwesternCourses/mech433/pico/pico-sdk/src/common/pico_util/pheap.c.obj
 .text.ph_remove_head
                0x0000000010001e50      0x104 CMakeFiles/main.dir/home/michael/northwesternCourses/mech433/pico/pico-sdk/src/common/pico_util/pheap.c.obj
                0x0000000010001e50                ph_remove_head
 .text.ph_remove_and_free_node
                0x0000000010001f54       0x78 CMakeFiles/main.dir/home/michael/northwesternCourses/mech433/pico/pico-sdk/src/common/pico_util/pheap.c.obj
                0x0000000010001f54                ph_remove_and_free_node
 .text.uart_init
                0x0000000010001fcc      0x188 CMakeFiles/main.dir/home/michael/northwesternCourses/mech433/pico/pico-sdk/src/rp2_common/hardware_uart/uart.c.obj
                0x0000000010001fcc                uart_init
 .text.uart_set_baudrate
                0x0000000010002154       0xb8 CMakeFiles/main.dir/home/michael/northwesternCourses/mech433/pico/pico-sdk/src/rp2_common/hardware_uart/uart.c.obj
                0x0000000010002154                uart_set_baudrate
 .text.uart_set_format
                0x000000001000220c       0x7c CMakeFiles/main.dir/home/michael/northwesternCourses/mech433/pico/pico-sdk/src/rp2_common/hardware_uart/uart.c.obj
                0x000000001000220c                uart_set_format
 .text.uart_set_fifo_enabled
                0x0000000010002288       0x60 CMakeFiles/main.dir/home/michael/northwesternCourses/mech433/pico/pico-sdk/src/rp2_common/hardware_uart/uart.c.obj
                0x0000000010002288                uart_set_fifo_enabled
 .text.clocks_init
                0x00000000100022e8      0x2c8 CMakeFiles/main.dir/home/michael/northwesternCourses/mech433/pico/pico-sdk/src/rp2_common/hardware_clocks/clocks.c.obj
                0x00000000100022e8                clocks_init
 .text.clock_get_hz
                0x00000000100025b0        0xc CMakeFiles/main.dir/home/michael/northwesternCourses/mech433/pico/pico-sdk/src/rp2_common/hardware_clocks/clocks.c.obj
                0x00000000100025b0                clock_get_hz
 .text.pll_init
                0x00000000100025bc       0xa0 CMakeFiles/main.dir/home/michael/northwesternCourses/mech433/pico/pico-sdk/src/rp2_common/hardware_pll/pll.c.obj
                0x00000000100025bc                pll_init
 .text.watchdog_start_tick
                0x000000001000265c       0x10 CMakeFiles/main.dir/home/michael/northwesternCourses/mech433/pico/pico-sdk/src/rp2_common/hardware_watchdog/watchdog.c.obj
                0x000000001000265c                watchdog_start_tick
 .text.watchdog_reboot
                0x000000001000266c       0x9c CMakeFiles/main.dir/home/michael/northwesternCourses/mech433/pico/pico-sdk/src/rp2_common/hardware_watchdog/watchdog.c.obj
                0x000000001000266c                watchdog_reboot
 .text.xosc_init
                0x0000000010002708       0x28 CMakeFiles/main.dir/home/michael/northwesternCourses/mech433/pico/pico-sdk/src/rp2_common/hardware_xosc/xosc.c.obj
                0x0000000010002708                xosc_init
 .text.runtime_init
                0x0000000010002730       0xf0 CMakeFiles/main.dir/home/michael/northwesternCourses/mech433/pico/pico-sdk/src/rp2_common/pico_runtime/runtime.c.obj
                0x0000000010002730                runtime_init
 .text._exit    0x0000000010002820        0x4 CMakeFiles/main.dir/home/michael/northwesternCourses/mech433/pico/pico-sdk/src/rp2_common/pico_runtime/runtime.c.obj
                0x0000000010002820                _exit
 .text.exit     0x0000000010002824        0x8 CMakeFiles/main.dir/home/michael/northwesternCourses/mech433/pico/pico-sdk/src/rp2_common/pico_runtime/runtime.c.obj
                0x0000000010002824                exit
 .text.panic    0x000000001000282c       0x30 CMakeFiles/main.dir/home/michael/northwesternCourses/mech433/pico/pico-sdk/src/rp2_common/pico_runtime/runtime.c.obj
                0x000000001000282c                panic
 .text.hard_assertion_failure
                0x000000001000285c        0xc CMakeFiles/main.dir/home/michael/northwesternCourses/mech433/pico/pico-sdk/src/rp2_common/pico_runtime/runtime.c.obj
                0x000000001000285c                hard_assertion_failure
 .text._out_buffer
                0x0000000010002868        0x8 CMakeFiles/main.dir/home/michael/northwesternCourses/mech433/pico/pico-sdk/src/rp2_common/pico_printf/printf.c.obj
 .text._out_null
                0x0000000010002870        0x4 CMakeFiles/main.dir/home/michael/northwesternCourses/mech433/pico/pico-sdk/src/rp2_common/pico_printf/printf.c.obj
 .text._out_rev
                0x0000000010002874       0x90 CMakeFiles/main.dir/home/michael/northwesternCourses/mech433/pico/pico-sdk/src/rp2_common/pico_printf/printf.c.obj
 .text._ntoa_format
                0x0000000010002904      0x1f4 CMakeFiles/main.dir/home/michael/northwesternCourses/mech433/pico/pico-sdk/src/rp2_common/pico_printf/printf.c.obj
 .text._out_char
                0x0000000010002af8       0x10 CMakeFiles/main.dir/home/michael/northwesternCourses/mech433/pico/pico-sdk/src/rp2_common/pico_printf/printf.c.obj
 .text._etoa    0x0000000010002b08      0x454 CMakeFiles/main.dir/home/michael/northwesternCourses/mech433/pico/pico-sdk/src/rp2_common/pico_printf/printf.c.obj
 .text._ftoa    0x0000000010002f5c      0x3c4 CMakeFiles/main.dir/home/michael/northwesternCourses/mech433/pico/pico-sdk/src/rp2_common/pico_printf/printf.c.obj
 .text._vsnprintf
                0x0000000010003320      0xb24 CMakeFiles/main.dir/home/michael/northwesternCourses/mech433/pico/pico-sdk/src/rp2_common/pico_printf/printf.c.obj
 .text.__wrap_sprintf
                0x0000000010003e44       0x2c CMakeFiles/main.dir/home/michael/northwesternCourses/mech433/pico/pico-sdk/src/rp2_common/pico_printf/printf.c.obj
                0x0000000010003e44                __wrap_sprintf
 .text.weak_raw_vprintf
                0x0000000010003e70       0x30 CMakeFiles/main.dir/home/michael/northwesternCourses/mech433/pico/pico-sdk/src/rp2_common/pico_printf/printf.c.obj
                0x0000000010003e70                weak_raw_vprintf
 .text          0x0000000010003ea0       0x10 CMakeFiles/main.dir/home/michael/northwesternCourses/mech433/pico/pico-sdk/src/rp2_common/pico_bit_ops/bit_ops_aeabi.S.obj
 .text.rom_func_lookup
                0x0000000010003eb0       0x10 CMakeFiles/main.dir/home/michael/northwesternCourses/mech433/pico/pico-sdk/src/rp2_common/pico_bootrom/bootrom.c.obj
                0x0000000010003eb0                rom_func_lookup
 .text.rom_data_lookup
                0x0000000010003ec0       0x10 CMakeFiles/main.dir/home/michael/northwesternCourses/mech433/pico/pico-sdk/src/rp2_common/pico_bootrom/bootrom.c.obj
                0x0000000010003ec0                rom_data_lookup
 .text.rom_funcs_lookup
                0x0000000010003ed0       0x44 CMakeFiles/main.dir/home/michael/northwesternCourses/mech433/pico/pico-sdk/src/rp2_common/pico_bootrom/bootrom.c.obj
                0x0000000010003ed0                rom_funcs_lookup
 .text.__wrap___aeabi_idiv
                0x0000000010003f14       0x50 CMakeFiles/main.dir/home/michael/northwesternCourses/mech433/pico/pico-sdk/src/rp2_common/pico_divider/divider.S.obj
                0x0000000010003f14                __wrap___aeabi_idivmod
                0x0000000010003f14                divmod_s32s32
                0x0000000010003f14                div_s32s32
                0x0000000010003f14                __wrap___aeabi_idiv
                0x0000000010003f1c                divmod_s32s32_unsafe
                0x0000000010003f48                divmod_s32s32_savestate
 .text.__wrap___aeabi_uidiv
                0x0000000010003f64       0x4c CMakeFiles/main.dir/home/michael/northwesternCourses/mech433/pico/pico-sdk/src/rp2_common/pico_divider/divider.S.obj
                0x0000000010003f64                __wrap___aeabi_uidiv
                0x0000000010003f64                __wrap___aeabi_uidivmod
                0x0000000010003f64                div_u32u32
                0x0000000010003f64                divmod_u32u32
                0x0000000010003f6c                divmod_u32u32_unsafe
                0x0000000010003f94                divmod_u32u32_savestate
 .text.__wrap___aeabi_ldiv
                0x0000000010003fb0      0x424 CMakeFiles/main.dir/home/michael/northwesternCourses/mech433/pico/pico-sdk/src/rp2_common/pico_divider/divider.S.obj
                0x0000000010003fb0                div_s64s64
                0x0000000010003fb0                divmod_s64s64
                0x0000000010003fb0                __wrap___aeabi_ldivmod
                0x0000000010003fe0                div_u64u64
                0x0000000010003fe0                divmod_u64u64
                0x0000000010003fe0                __wrap___aeabi_uldivmod
                0x0000000010003ff0                divmod_u64u64_savestate
                0x0000000010004010                divmod_s64s64_unsafe
                0x0000000010004098                divmod_u64u64_unsafe
 .text.__wrap___aeabi_darithmetic
                0x00000000100043d4       0x80 CMakeFiles/main.dir/home/michael/northwesternCourses/mech433/pico/pico-sdk/src/rp2_common/pico_double/double_aeabi.S.obj
                0x00000000100043d4                __wrap___aeabi_drsub
                0x00000000100043da                __wrap___aeabi_dsub
                0x00000000100043ec                __wrap___aeabi_dadd
                0x00000000100043fe                __wrap___aeabi_ddiv
                0x000000001000443a                __wrap___aeabi_dmul
 .text.__wrap___aeabi_cdcmple
                0x0000000010004454       0x6c CMakeFiles/main.dir/home/michael/northwesternCourses/mech433/pico/pico-sdk/src/rp2_common/pico_double/double_aeabi.S.obj
                0x0000000010004454                __wrap___aeabi_cdrcmple
                0x0000000010004464                __wrap___aeabi_cdcmple
                0x0000000010004464                __wrap___aeabi_cdcmpeq
 .text.__wrap___aeabi_dcmplt
                0x00000000100044c0        0xc CMakeFiles/main.dir/home/michael/northwesternCourses/mech433/pico/pico-sdk/src/rp2_common/pico_double/double_aeabi.S.obj
                0x00000000100044c0                __wrap___aeabi_dcmplt
 .text.__wrap___aeabi_dcmpge
                0x00000000100044cc       0x10 CMakeFiles/main.dir/home/michael/northwesternCourses/mech433/pico/pico-sdk/src/rp2_common/pico_double/double_aeabi.S.obj
                0x00000000100044cc                __wrap___aeabi_dcmpge
 .text.__wrap___aeabi_dcmpgt
                0x00000000100044dc        0xa CMakeFiles/main.dir/home/michael/northwesternCourses/mech433/pico/pico-sdk/src/rp2_common/pico_double/double_aeabi.S.obj
                0x00000000100044dc                __wrap___aeabi_dcmpgt
 .text.__wrap___aeabi_dcmpun
                0x00000000100044e6       0x1c CMakeFiles/main.dir/home/michael/northwesternCourses/mech433/pico/pico-sdk/src/rp2_common/pico_double/double_aeabi.S.obj
                0x00000000100044e6                __wrap___aeabi_dcmpun
 *fill*         0x0000000010004502        0x2 
 .text.__wrap___aeabi_i2d
                0x0000000010004504       0x38 CMakeFiles/main.dir/home/michael/northwesternCourses/mech433/pico/pico-sdk/src/rp2_common/pico_double/double_aeabi.S.obj
                0x0000000010004504                __wrap___aeabi_ui2d
                0x000000001000450c                __wrap___aeabi_i2d
 .text.__wrap___aeabi_d2iz
                0x000000001000453c       0x48 CMakeFiles/main.dir/home/michael/northwesternCourses/mech433/pico/pico-sdk/src/rp2_common/pico_double/double_aeabi.S.obj
                0x000000001000453c                __wrap___aeabi_d2iz
                0x000000001000453c                double2int_z
 .text.__wrap___aeabi_d2uiz
                0x0000000010004584       0x18 CMakeFiles/main.dir/home/michael/northwesternCourses/mech433/pico/pico-sdk/src/rp2_common/pico_double/double_aeabi.S.obj
                0x0000000010004584                double2uint
                0x0000000010004584                __wrap___aeabi_d2uiz
 .text.__aeabi_double_init
                0x000000001000459c       0x98 CMakeFiles/main.dir/home/michael/northwesternCourses/mech433/pico/pico-sdk/src/rp2_common/pico_double/double_init_rom.c.obj
                0x000000001000459c                __aeabi_double_init
 .text.double_table_shim_on_use_helper
                0x0000000010004634       0x2c CMakeFiles/main.dir/home/michael/northwesternCourses/mech433/pico/pico-sdk/src/rp2_common/pico_double/double_v1_rom_shim.S.obj
                0x0000000010004634                double_table_shim_on_use_helper
 .text.__wrap___aeabi_dsub
                0x0000000010004660       0x10 CMakeFiles/main.dir/home/michael/northwesternCourses/mech433/pico/pico-sdk/src/rp2_common/pico_double/double_v1_rom_shim.S.obj
                0x0000000010004660                drsub_shim
                0x0000000010004666                dsub_shim
 .text.dadd_shim
                0x0000000010004670      0x15c CMakeFiles/main.dir/home/michael/northwesternCourses/mech433/pico/pico-sdk/src/rp2_common/pico_double/double_v1_rom_shim.S.obj
                0x0000000010004670                dadd_shim
 .text.dmul_shim
                0x00000000100047cc      0x15c CMakeFiles/main.dir/home/michael/northwesternCourses/mech433/pico/pico-sdk/src/rp2_common/pico_double/double_v1_rom_shim.S.obj
                0x00000000100047cc                dmul_shim
 .text.ddiv_shim
                0x0000000010004928      0x1b0 CMakeFiles/main.dir/home/michael/northwesternCourses/mech433/pico/pico-sdk/src/rp2_common/pico_double/double_v1_rom_shim.S.obj
                0x0000000010004928                ddiv_shim
 .text.double2uint_shim
                0x0000000010004ad8        0xe CMakeFiles/main.dir/home/michael/northwesternCourses/mech433/pico/pico-sdk/src/rp2_common/pico_double/double_v1_rom_shim.S.obj
                0x0000000010004ad8                double2uint_shim
                0x0000000010004ada                double2ufix_shim
 *fill*         0x0000000010004ae6        0x2 
 .text.double2uint64_shim
                0x0000000010004ae8       0x70 CMakeFiles/main.dir/home/michael/northwesternCourses/mech433/pico/pico-sdk/src/rp2_common/pico_double/double_v1_rom_shim.S.obj
                0x0000000010004ae8                double2uint64_shim
                0x0000000010004aea                double2ufix64_shim
                0x0000000010004b0a                d2fix_a
 .text.dunpacks
                0x0000000010004b58       0x3c CMakeFiles/main.dir/home/michael/northwesternCourses/mech433/pico/pico-sdk/src/rp2_common/pico_double/double_v1_rom_shim.S.obj
                0x0000000010004b58                dunpacks
 .text.__aeabi_lmul
                0x0000000010004b94       0x32 CMakeFiles/main.dir/home/michael/northwesternCourses/mech433/pico/pico-sdk/src/rp2_common/pico_int64_ops/pico_int64_ops_aeabi.S.obj
                0x0000000010004b94                __wrap___aeabi_lmul
 *fill*         0x0000000010004bc6        0x2 
 .text.__wrap___aeabi_farithmetic
                0x0000000010004bc8       0x48 CMakeFiles/main.dir/home/michael/northwesternCourses/mech433/pico/pico-sdk/src/rp2_common/pico_float/float_aeabi.S.obj
                0x0000000010004bc8                __wrap___aeabi_frsub
                0x0000000010004bce                __wrap___aeabi_fsub
                0x0000000010004bd4                __wrap___aeabi_fadd
                0x0000000010004bda                __wrap___aeabi_fdiv
                0x0000000010004c02                __wrap___aeabi_fmul
 .text.__wrap___aeabi_ui2f
                0x0000000010004c10        0xa CMakeFiles/main.dir/home/michael/northwesternCourses/mech433/pico/pico-sdk/src/rp2_common/pico_float/float_aeabi.S.obj
                0x0000000010004c10                __wrap___aeabi_ui2f
 *fill*         0x0000000010004c1a        0x2 
 .text.__wrap___aeabi_i2f
                0x0000000010004c1c       0x44 CMakeFiles/main.dir/home/michael/northwesternCourses/mech433/pico/pico-sdk/src/rp2_common/pico_float/float_aeabi.S.obj
                0x0000000010004c1c                __wrap___aeabi_i2f
 .text.__wrap___aeabi_f2d
                0x0000000010004c60       0x14 CMakeFiles/main.dir/home/michael/northwesternCourses/mech433/pico/pico-sdk/src/rp2_common/pico_float/float_aeabi.S.obj
                0x0000000010004c60                __wrap___aeabi_f2d
 .text.__aeabi_float_init
                0x0000000010004c74       0x64 CMakeFiles/main.dir/home/michael/northwesternCourses/mech433/pico/pico-sdk/src/rp2_common/pico_float/float_init_rom.c.obj
                0x0000000010004c74                __aeabi_float_init
 .text.float_table_shim_on_use_helper
                0x0000000010004cd8       0x2c CMakeFiles/main.dir/home/michael/northwesternCourses/mech433/pico/pico-sdk/src/rp2_common/pico_float/float_v1_rom_shim.S.obj
                0x0000000010004cd8                float_table_shim_on_use_helper
 .text.float2double_shim
                0x0000000010004d04       0x30 CMakeFiles/main.dir/home/michael/northwesternCourses/mech433/pico/pico-sdk/src/rp2_common/pico_float/float_v1_rom_shim.S.obj
                0x0000000010004d04                float2double_shim
 .text          0x0000000010004d34       0x10 CMakeFiles/main.dir/home/michael/northwesternCourses/mech433/pico/pico-sdk/src/rp2_common/pico_mem_ops/mem_ops_aeabi.S.obj
                0x0000000010004d34                __aeabi_mem_init
 .text.memset   0x0000000010004d44        0xc CMakeFiles/main.dir/home/michael/northwesternCourses/mech433/pico/pico-sdk/src/rp2_common/pico_mem_ops/mem_ops_aeabi.S.obj
                0x0000000010004d44                __wrap_memset
 .text.memcpy   0x0000000010004d50        0xc CMakeFiles/main.dir/home/michael/northwesternCourses/mech433/pico/pico-sdk/src/rp2_common/pico_mem_ops/mem_ops_aeabi.S.obj
                0x0000000010004d50                __wrap___aeabi_memcpy
                0x0000000010004d50                __wrap_memcpy
 .text.stdio_out_chars_crlf
                0x0000000010004d5c       0xbc CMakeFiles/main.dir/home/michael/northwesternCourses/mech433/pico/pico-sdk/src/rp2_common/pico_stdio/stdio.c.obj
 .text.__wrap_putchar
                0x0000000010004e18       0x98 CMakeFiles/main.dir/home/michael/northwesternCourses/mech433/pico/pico-sdk/src/rp2_common/pico_stdio/stdio.c.obj
                0x0000000010004e18                __wrap_putchar
 .text.__wrap_puts
                0x0000000010004eb0       0xe0 CMakeFiles/main.dir/home/michael/northwesternCourses/mech433/pico/pico-sdk/src/rp2_common/pico_stdio/stdio.c.obj
                0x0000000010004eb0                __wrap_puts
 .text.stdio_set_driver_enabled
                0x0000000010004f90       0x30 CMakeFiles/main.dir/home/michael/northwesternCourses/mech433/pico/pico-sdk/src/rp2_common/pico_stdio/stdio.c.obj
                0x0000000010004f90                stdio_set_driver_enabled
 .text.stdio_init_all
                0x0000000010004fc0        0x8 CMakeFiles/main.dir/home/michael/northwesternCourses/mech433/pico/pico-sdk/src/rp2_common/pico_stdio/stdio.c.obj
                0x0000000010004fc0                stdio_init_all
 .text.resetd_init
                0x0000000010004fc8        0x4 CMakeFiles/main.dir/home/michael/northwesternCourses/mech433/pico/pico-sdk/src/rp2_common/pico_stdio_usb/reset_interface.c.obj
 .text.resetd_reset
                0x0000000010004fcc        0xc CMakeFiles/main.dir/home/michael/northwesternCourses/mech433/pico/pico-sdk/src/rp2_common/pico_stdio_usb/reset_interface.c.obj
 .text.resetd_open
                0x0000000010004fd8       0x28 CMakeFiles/main.dir/home/michael/northwesternCourses/mech433/pico/pico-sdk/src/rp2_common/pico_stdio_usb/reset_interface.c.obj
 .text.resetd_xfer_cb
                0x0000000010005000        0x4 CMakeFiles/main.dir/home/michael/northwesternCourses/mech433/pico/pico-sdk/src/rp2_common/pico_stdio_usb/reset_interface.c.obj
 .text.resetd_control_xfer_cb
                0x0000000010005004       0x60 CMakeFiles/main.dir/home/michael/northwesternCourses/mech433/pico/pico-sdk/src/rp2_common/pico_stdio_usb/reset_interface.c.obj
 .text.usbd_app_driver_get_cb
                0x0000000010005064        0xc CMakeFiles/main.dir/home/michael/northwesternCourses/mech433/pico/pico-sdk/src/rp2_common/pico_stdio_usb/reset_interface.c.obj
                0x0000000010005064                usbd_app_driver_get_cb
 .text.tud_cdc_line_coding_cb
                0x0000000010005070       0x34 CMakeFiles/main.dir/home/michael/northwesternCourses/mech433/pico/pico-sdk/src/rp2_common/pico_stdio_usb/reset_interface.c.obj
                0x0000000010005070                tud_cdc_line_coding_cb
 .text.stdio_usb_set_chars_available_callback
                0x00000000100050a4       0x14 CMakeFiles/main.dir/home/michael/northwesternCourses/mech433/pico/pico-sdk/src/rp2_common/pico_stdio_usb/stdio_usb.c.obj
                0x00000000100050a4                stdio_usb_set_chars_available_callback
 .text.usb_irq  0x00000000100050b8       0x10 CMakeFiles/main.dir/home/michael/northwesternCourses/mech433/pico/pico-sdk/src/rp2_common/pico_stdio_usb/stdio_usb.c.obj
 .text.timer_task
                0x00000000100050c8       0x54 CMakeFiles/main.dir/home/michael/northwesternCourses/mech433/pico/pico-sdk/src/rp2_common/pico_stdio_usb/stdio_usb.c.obj
 .text.stdio_usb_in_chars
                0x000000001000511c       0x90 CMakeFiles/main.dir/home/michael/northwesternCourses/mech433/pico/pico-sdk/src/rp2_common/pico_stdio_usb/stdio_usb.c.obj
                0x000000001000511c                stdio_usb_in_chars
 .text.stdio_usb_out_chars
                0x00000000100051ac      0x104 CMakeFiles/main.dir/home/michael/northwesternCourses/mech433/pico/pico-sdk/src/rp2_common/pico_stdio_usb/stdio_usb.c.obj
 .text.low_priority_worker_irq
                0x00000000100052b0       0xa8 CMakeFiles/main.dir/home/michael/northwesternCourses/mech433/pico/pico-sdk/src/rp2_common/pico_stdio_usb/stdio_usb.c.obj
 .text.tud_cdc_rx_cb
                0x0000000010005358       0x20 CMakeFiles/main.dir/home/michael/northwesternCourses/mech433/pico/pico-sdk/src/rp2_common/pico_stdio_usb/stdio_usb.c.obj
                0x0000000010005358                tud_cdc_rx_cb
 .text.stdio_usb_init
                0x0000000010005378       0xe0 CMakeFiles/main.dir/home/michael/northwesternCourses/mech433/pico/pico-sdk/src/rp2_common/pico_stdio_usb/stdio_usb.c.obj
                0x0000000010005378                stdio_usb_init
 .text.tud_descriptor_device_cb
                0x0000000010005458        0x8 CMakeFiles/main.dir/home/michael/northwesternCourses/mech433/pico/pico-sdk/src/rp2_common/pico_stdio_usb/stdio_usb_descriptors.c.obj
                0x0000000010005458                tud_descriptor_device_cb
 .text.tud_descriptor_configuration_cb
                0x0000000010005460        0x8 CMakeFiles/main.dir/home/michael/northwesternCourses/mech433/pico/pico-sdk/src/rp2_common/pico_stdio_usb/stdio_usb_descriptors.c.obj
                0x0000000010005460                tud_descriptor_configuration_cb
 .text.tud_descriptor_string_cb
                0x0000000010005468       0x78 CMakeFiles/main.dir/home/michael/northwesternCourses/mech433/pico/pico-sdk/src/rp2_common/pico_stdio_usb/stdio_usb_descriptors.c.obj
                0x0000000010005468                tud_descriptor_string_cb
 .text.startup._retrieve_unique_id_on_boot
                0x00000000100054e0       0x10 CMakeFiles/main.dir/home/michael/northwesternCourses/mech433/pico/pico-sdk/src/rp2_common/pico_unique_id/unique_id.c.obj
 .text.pico_get_unique_board_id_string
                0x00000000100054f0      0x1a8 CMakeFiles/main.dir/home/michael/northwesternCourses/mech433/pico/pico-sdk/src/rp2_common/pico_unique_id/unique_id.c.obj
                0x00000000100054f0                pico_get_unique_board_id_string
 .text.flash_get_unique_id
                0x0000000010005698       0x40 CMakeFiles/main.dir/home/michael/northwesternCourses/mech433/pico/pico-sdk/src/rp2_common/hardware_flash/flash.c.obj
                0x0000000010005698                flash_get_unique_id
 .text.dcd_int_enable
                0x00000000100056d8        0xc CMakeFiles/main.dir/home/michael/northwesternCourses/mech433/pico/pico-sdk/lib/tinyusb/src/portable/raspberrypi/rp2040/dcd_rp2040.c.obj
                0x00000000100056d8                dcd_int_enable
 .text.dcd_set_address
                0x00000000100056e4       0x14 CMakeFiles/main.dir/home/michael/northwesternCourses/mech433/pico/pico-sdk/lib/tinyusb/src/portable/raspberrypi/rp2040/dcd_rp2040.c.obj
                0x00000000100056e4                dcd_set_address
 .text.dcd_connect
                0x00000000100056f8       0x10 CMakeFiles/main.dir/home/michael/northwesternCourses/mech433/pico/pico-sdk/lib/tinyusb/src/portable/raspberrypi/rp2040/dcd_rp2040.c.obj
                0x00000000100056f8                dcd_connect
 .text.dcd_init
                0x0000000010005708       0x98 CMakeFiles/main.dir/home/michael/northwesternCourses/mech433/pico/pico-sdk/lib/tinyusb/src/portable/raspberrypi/rp2040/dcd_rp2040.c.obj
                0x0000000010005708                dcd_init
 .text.dcd_edpt0_status_complete
                0x00000000100057a0       0x1c CMakeFiles/main.dir/home/michael/northwesternCourses/mech433/pico/pico-sdk/lib/tinyusb/src/portable/raspberrypi/rp2040/dcd_rp2040.c.obj
                0x00000000100057a0                dcd_edpt0_status_complete
 .text.dcd_edpt_open
                0x00000000100057bc      0x108 CMakeFiles/main.dir/home/michael/northwesternCourses/mech433/pico/pico-sdk/lib/tinyusb/src/portable/raspberrypi/rp2040/dcd_rp2040.c.obj
                0x00000000100057bc                dcd_edpt_open
 .text.dcd_edpt_close_all
                0x00000000100058c4        0x8 CMakeFiles/main.dir/home/michael/northwesternCourses/mech433/pico/pico-sdk/lib/tinyusb/src/portable/raspberrypi/rp2040/dcd_rp2040.c.obj
                0x00000000100058c4                dcd_edpt_close_all
 .text.dcd_edpt_xfer
                0x00000000100058cc       0x24 CMakeFiles/main.dir/home/michael/northwesternCourses/mech433/pico/pico-sdk/lib/tinyusb/src/portable/raspberrypi/rp2040/dcd_rp2040.c.obj
                0x00000000100058cc                dcd_edpt_xfer
 .text.dcd_edpt_stall
                0x00000000100058f0       0x38 CMakeFiles/main.dir/home/michael/northwesternCourses/mech433/pico/pico-sdk/lib/tinyusb/src/portable/raspberrypi/rp2040/dcd_rp2040.c.obj
                0x00000000100058f0                dcd_edpt_stall
 .text.dcd_edpt_clear_stall
                0x0000000010005928       0x30 CMakeFiles/main.dir/home/michael/northwesternCourses/mech433/pico/pico-sdk/lib/tinyusb/src/portable/raspberrypi/rp2040/dcd_rp2040.c.obj
                0x0000000010005928                dcd_edpt_clear_stall
 .text.rp2040_usb_init
                0x0000000010005958       0x4c CMakeFiles/main.dir/home/michael/northwesternCourses/mech433/pico/pico-sdk/lib/tinyusb/src/portable/raspberrypi/rp2040/rp2040_usb.c.obj
                0x0000000010005958                rp2040_usb_init
 .text.hw_endpoint_xfer_start
                0x00000000100059a4       0x40 CMakeFiles/main.dir/home/michael/northwesternCourses/mech433/pico/pico-sdk/lib/tinyusb/src/portable/raspberrypi/rp2040/rp2040_usb.c.obj
                0x00000000100059a4                hw_endpoint_xfer_start
 .text.tud_mounted
                0x00000000100059e4       0x10 CMakeFiles/main.dir/home/michael/northwesternCourses/mech433/pico/pico-sdk/lib/tinyusb/src/device/usbd.c.obj
                0x00000000100059e4                tud_mounted
 .text.tud_suspended
                0x00000000100059f4       0x10 CMakeFiles/main.dir/home/michael/northwesternCourses/mech433/pico/pico-sdk/lib/tinyusb/src/device/usbd.c.obj
                0x00000000100059f4                tud_suspended
 .text.tud_inited
                0x0000000010005a04       0x14 CMakeFiles/main.dir/home/michael/northwesternCourses/mech433/pico/pico-sdk/lib/tinyusb/src/device/usbd.c.obj
                0x0000000010005a04                tud_inited
 .text.tud_init
                0x0000000010005a18       0xd8 CMakeFiles/main.dir/home/michael/northwesternCourses/mech433/pico/pico-sdk/lib/tinyusb/src/device/usbd.c.obj
                0x0000000010005a18                tud_init
 .text.tud_task_ext
                0x0000000010005af0      0x8a8 CMakeFiles/main.dir/home/michael/northwesternCourses/mech433/pico/pico-sdk/lib/tinyusb/src/device/usbd.c.obj
                0x0000000010005af0                tud_task_ext
 .text.usbd_open_edpt_pair
                0x0000000010006398       0x9c CMakeFiles/main.dir/home/michael/northwesternCourses/mech433/pico/pico-sdk/lib/tinyusb/src/device/usbd.c.obj
                0x0000000010006398                usbd_open_edpt_pair
 .text.usbd_defer_func
                0x0000000010006434       0x48 CMakeFiles/main.dir/home/michael/northwesternCourses/mech433/pico/pico-sdk/lib/tinyusb/src/device/usbd.c.obj
                0x0000000010006434                usbd_defer_func
 .text.usbd_edpt_open
                0x000000001000647c       0x34 CMakeFiles/main.dir/home/michael/northwesternCourses/mech433/pico/pico-sdk/lib/tinyusb/src/device/usbd.c.obj
                0x000000001000647c                usbd_edpt_open
 .text.usbd_edpt_claim
                0x00000000100064b0       0x28 CMakeFiles/main.dir/home/michael/northwesternCourses/mech433/pico/pico-sdk/lib/tinyusb/src/device/usbd.c.obj
                0x00000000100064b0                usbd_edpt_claim
 .text.usbd_edpt_release
                0x00000000100064d8       0x28 CMakeFiles/main.dir/home/michael/northwesternCourses/mech433/pico/pico-sdk/lib/tinyusb/src/device/usbd.c.obj
                0x00000000100064d8                usbd_edpt_release
 .text.usbd_edpt_xfer
                0x0000000010006500       0x4c CMakeFiles/main.dir/home/michael/northwesternCourses/mech433/pico/pico-sdk/lib/tinyusb/src/device/usbd.c.obj
                0x0000000010006500                usbd_edpt_xfer
 .text.tud_control_status
                0x000000001000654c       0x2c CMakeFiles/main.dir/home/michael/northwesternCourses/mech433/pico/pico-sdk/lib/tinyusb/src/device/usbd_control.c.obj
                0x000000001000654c                tud_control_status
 .text.tud_control_xfer
                0x0000000010006578       0xac CMakeFiles/main.dir/home/michael/northwesternCourses/mech433/pico/pico-sdk/lib/tinyusb/src/device/usbd_control.c.obj
                0x0000000010006578                tud_control_xfer
 .text.usbd_control_reset
                0x0000000010006624       0x14 CMakeFiles/main.dir/home/michael/northwesternCourses/mech433/pico/pico-sdk/lib/tinyusb/src/device/usbd_control.c.obj
                0x0000000010006624                usbd_control_reset
 .text.usbd_control_set_complete_callback
                0x0000000010006638        0xc CMakeFiles/main.dir/home/michael/northwesternCourses/mech433/pico/pico-sdk/lib/tinyusb/src/device/usbd_control.c.obj
                0x0000000010006638                usbd_control_set_complete_callback
 .text.usbd_control_set_request
                0x0000000010006644       0x1c CMakeFiles/main.dir/home/michael/northwesternCourses/mech433/pico/pico-sdk/lib/tinyusb/src/device/usbd_control.c.obj
                0x0000000010006644                usbd_control_set_request
 .text.usbd_control_xfer_cb
                0x0000000010006660       0xf4 CMakeFiles/main.dir/home/michael/northwesternCourses/mech433/pico/pico-sdk/lib/tinyusb/src/device/usbd_control.c.obj
                0x0000000010006660                usbd_control_xfer_cb
 .text.tud_cdc_n_connected
                0x0000000010006754       0x30 CMakeFiles/main.dir/home/michael/northwesternCourses/mech433/pico/pico-sdk/lib/tinyusb/src/class/cdc/cdc_device.c.obj
                0x0000000010006754                tud_cdc_n_connected
 .text.tud_cdc_n_available
                0x0000000010006784       0x18 CMakeFiles/main.dir/home/michael/northwesternCourses/mech433/pico/pico-sdk/lib/tinyusb/src/class/cdc/cdc_device.c.obj
                0x0000000010006784                tud_cdc_n_available
 .text.tud_cdc_n_read
                0x000000001000679c       0x70 CMakeFiles/main.dir/home/michael/northwesternCourses/mech433/pico/pico-sdk/lib/tinyusb/src/class/cdc/cdc_device.c.obj
                0x000000001000679c                tud_cdc_n_read
 .text.tud_cdc_n_write_flush
                0x000000001000680c       0x78 CMakeFiles/main.dir/home/michael/northwesternCourses/mech433/pico/pico-sdk/lib/tinyusb/src/class/cdc/cdc_device.c.obj
                0x000000001000680c                tud_cdc_n_write_flush
 .text.tud_cdc_n_write
                0x0000000010006884       0x34 CMakeFiles/main.dir/home/michael/northwesternCourses/mech433/pico/pico-sdk/lib/tinyusb/src/class/cdc/cdc_device.c.obj
                0x0000000010006884                tud_cdc_n_write
 .text.tud_cdc_n_write_available
                0x00000000100068b8       0x18 CMakeFiles/main.dir/home/michael/northwesternCourses/mech433/pico/pico-sdk/lib/tinyusb/src/class/cdc/cdc_device.c.obj
                0x00000000100068b8                tud_cdc_n_write_available
 .text.cdcd_init
                0x00000000100068d0       0x7c CMakeFiles/main.dir/home/michael/northwesternCourses/mech433/pico/pico-sdk/lib/tinyusb/src/class/cdc/cdc_device.c.obj
                0x00000000100068d0                cdcd_init
 .text.cdcd_reset
                0x000000001000694c       0x2c CMakeFiles/main.dir/home/michael/northwesternCourses/mech433/pico/pico-sdk/lib/tinyusb/src/class/cdc/cdc_device.c.obj
                0x000000001000694c                cdcd_reset
 .text.cdcd_open
                0x0000000010006978       0xe4 CMakeFiles/main.dir/home/michael/northwesternCourses/mech433/pico/pico-sdk/lib/tinyusb/src/class/cdc/cdc_device.c.obj
                0x0000000010006978                cdcd_open
 .text.cdcd_control_xfer_cb
                0x0000000010006a5c       0xe4 CMakeFiles/main.dir/home/michael/northwesternCourses/mech433/pico/pico-sdk/lib/tinyusb/src/class/cdc/cdc_device.c.obj
                0x0000000010006a5c                cdcd_control_xfer_cb
 .text.cdcd_xfer_cb
                0x0000000010006b40      0x13c CMakeFiles/main.dir/home/michael/northwesternCourses/mech433/pico/pico-sdk/lib/tinyusb/src/class/cdc/cdc_device.c.obj
                0x0000000010006b40                cdcd_xfer_cb
 .text.tusb_init
                0x0000000010006c7c        0xc CMakeFiles/main.dir/home/michael/northwesternCourses/mech433/pico/pico-sdk/lib/tinyusb/src/tusb.c.obj
                0x0000000010006c7c                tusb_init
 .text.tusb_inited
                0x0000000010006c88        0x8 CMakeFiles/main.dir/home/michael/northwesternCourses/mech433/pico/pico-sdk/lib/tinyusb/src/tusb.c.obj
                0x0000000010006c88                tusb_inited
 .text.tu_edpt_claim
                0x0000000010006c90       0x50 CMakeFiles/main.dir/home/michael/northwesternCourses/mech433/pico/pico-sdk/lib/tinyusb/src/tusb.c.obj
                0x0000000010006c90                tu_edpt_claim
 .text.tu_edpt_release
                0x0000000010006ce0       0x38 CMakeFiles/main.dir/home/michael/northwesternCourses/mech433/pico/pico-sdk/lib/tinyusb/src/tusb.c.obj
                0x0000000010006ce0                tu_edpt_release
 .text.tu_edpt_validate
                0x0000000010006d18       0x7c CMakeFiles/main.dir/home/michael/northwesternCourses/mech433/pico/pico-sdk/lib/tinyusb/src/tusb.c.obj
                0x0000000010006d18                tu_edpt_validate
 .text.tu_edpt_bind_driver
                0x0000000010006d94       0x34 CMakeFiles/main.dir/home/michael/northwesternCourses/mech433/pico/pico-sdk/lib/tinyusb/src/tusb.c.obj
                0x0000000010006d94                tu_edpt_bind_driver
 .text.tu_fifo_config
                0x0000000010006dc8       0x6c CMakeFiles/main.dir/home/michael/northwesternCourses/mech433/pico/pico-sdk/lib/tinyusb/src/common/tusb_fifo.c.obj
                0x0000000010006dc8                tu_fifo_config
 .text.tu_fifo_count
                0x0000000010006e34       0x2c CMakeFiles/main.dir/home/michael/northwesternCourses/mech433/pico/pico-sdk/lib/tinyusb/src/common/tusb_fifo.c.obj
                0x0000000010006e34                tu_fifo_count
 .text.tu_fifo_empty
                0x0000000010006e60       0x10 CMakeFiles/main.dir/home/michael/northwesternCourses/mech433/pico/pico-sdk/lib/tinyusb/src/common/tusb_fifo.c.obj
                0x0000000010006e60                tu_fifo_empty
 .text.tu_fifo_remaining
                0x0000000010006e70       0x2c CMakeFiles/main.dir/home/michael/northwesternCourses/mech433/pico/pico-sdk/lib/tinyusb/src/common/tusb_fifo.c.obj
                0x0000000010006e70                tu_fifo_remaining
 .text.tu_fifo_read
                0x0000000010006e9c       0x9c CMakeFiles/main.dir/home/michael/northwesternCourses/mech433/pico/pico-sdk/lib/tinyusb/src/common/tusb_fifo.c.obj
                0x0000000010006e9c                tu_fifo_read
 .text.tu_fifo_read_n
                0x0000000010006f38       0xe8 CMakeFiles/main.dir/home/michael/northwesternCourses/mech433/pico/pico-sdk/lib/tinyusb/src/common/tusb_fifo.c.obj
                0x0000000010006f38                tu_fifo_read_n
 .text.tu_fifo_write
                0x0000000010007020       0x88 CMakeFiles/main.dir/home/michael/northwesternCourses/mech433/pico/pico-sdk/lib/tinyusb/src/common/tusb_fifo.c.obj
                0x0000000010007020                tu_fifo_write
 .text.tu_fifo_write_n
                0x00000000100070a8      0x170 CMakeFiles/main.dir/home/michael/northwesternCourses/mech433/pico/pico-sdk/lib/tinyusb/src/common/tusb_fifo.c.obj
                0x00000000100070a8                tu_fifo_write_n
 .text.tu_fifo_clear
                0x0000000010007218       0x40 CMakeFiles/main.dir/home/michael/northwesternCourses/mech433/pico/pico-sdk/lib/tinyusb/src/common/tusb_fifo.c.obj
                0x0000000010007218                tu_fifo_clear
 .text.tu_fifo_set_overwritable
                0x0000000010007258       0x48 CMakeFiles/main.dir/home/michael/northwesternCourses/mech433/pico/pico-sdk/lib/tinyusb/src/common/tusb_fifo.c.obj
                0x0000000010007258                tu_fifo_set_overwritable
 .text.i2c_set_baudrate
                0x00000000100072a0       0xc4 CMakeFiles/main.dir/home/michael/northwesternCourses/mech433/pico/pico-sdk/src/rp2_common/hardware_i2c/i2c.c.obj
                0x00000000100072a0                i2c_set_baudrate
 .text.i2c_init
                0x0000000010007364       0x54 CMakeFiles/main.dir/home/michael/northwesternCourses/mech433/pico/pico-sdk/src/rp2_common/hardware_i2c/i2c.c.obj
                0x0000000010007364                i2c_init
 .text.i2c_write_blocking
                0x00000000100073b8       0xd0 CMakeFiles/main.dir/home/michael/northwesternCourses/mech433/pico/pico-sdk/src/rp2_common/hardware_i2c/i2c.c.obj
                0x00000000100073b8                i2c_write_blocking
 .text.adc_init
                0x0000000010007488       0x38 CMakeFiles/main.dir/home/michael/northwesternCourses/mech433/pico/pico-sdk/src/rp2_common/hardware_adc/adc.c.obj
                0x0000000010007488                adc_init
 .text          0x00000000100074c0       0x5c /usr/lib/gcc/arm-none-eabi/12.2.1/../../../arm-none-eabi/lib/thumb/v6-m/nofp/libc.a(lib_a-strlen-stub.o)
                0x00000000100074c0                strlen
 *(.fini)
 .fini          0x000000001000751c        0x4 /usr/lib/gcc/arm-none-eabi/12.2.1/thumb/v6-m/nofp/crti.o
                0x000000001000751c                _fini
 .fini.__stub   0x0000000010007520       0xc0 linker stubs
 *crtbegin.o(.ctors)
 *crtbegin?.o(.ctors)
 *(EXCLUDE_FILE(*crtend.o *crtend?.o) .ctors)
 *(SORT_BY_NAME(.ctors.*))
 *(.ctors)
 *crtbegin.o(.dtors)
 *crtbegin?.o(.dtors)
 *(EXCLUDE_FILE(*crtend.o *crtend?.o) .dtors)
 *(SORT_BY_NAME(.dtors.*))
 *(.dtors)
 *(.eh_frame*)
 .eh_frame      0x00000000100075e0        0x0 /usr/lib/gcc/arm-none-eabi/12.2.1/thumb/v6-m/nofp/crtbegin.o
                0x00000000100075e0                . = ALIGN (0x4)

.glue_7         0x00000000100075e0        0x0
 .glue_7        0x00000000100075e0        0x0 linker stubs

.glue_7t        0x00000000100075e0        0x0
 .glue_7t       0x00000000100075e0        0x0 linker stubs

.vfp11_veneer   0x00000000100075e0        0x0
 .vfp11_veneer  0x00000000100075e0        0x0 linker stubs

.v4_bx          0x00000000100075e0        0x0
 .v4_bx         0x00000000100075e0        0x0 linker stubs

.iplt           0x00000000100075e0        0x0
 .iplt          0x00000000100075e0        0x0 /usr/lib/gcc/arm-none-eabi/12.2.1/thumb/v6-m/nofp/crtbegin.o

.rodata         0x00000000100075e0      0x73c
 *(EXCLUDE_FILE(*libm.a: *libc.a:*lib_a-mem*.o *libgcc.a:) .rodata*)
 .rodata.uart_setup.str1.4
                0x00000000100075e0       0x19 CMakeFiles/main.dir/main.c.obj
 *fill*         0x00000000100075f9        0x3 
 .rodata.main.str1.4
                0x00000000100075fc        0xb CMakeFiles/main.dir/main.c.obj
 *fill*         0x0000000010007607        0x1 
 .rodata.ASCII  0x0000000010007608      0x1e0 CMakeFiles/main.dir/main.c.obj
 .rodata.spin_lock_claim_unused.str1.4
                0x00000000100077e8       0x1b CMakeFiles/main.dir/home/michael/northwesternCourses/mech433/pico/pico-sdk/src/rp2_common/hardware_sync/sync.c.obj
 *fill*         0x0000000010007803        0x1 
 .rodata.user_irq_claim_unused.str1.4
                0x0000000010007804       0x1b CMakeFiles/main.dir/home/michael/northwesternCourses/mech433/pico/pico-sdk/src/rp2_common/hardware_irq/irq.c.obj
 *fill*         0x000000001000781f        0x1 
 .rodata.hardware_alarm_claim.str1.4
                0x0000000010007820       0x22 CMakeFiles/main.dir/home/michael/northwesternCourses/mech433/pico/pico-sdk/src/rp2_common/hardware_timer/timer.c.obj
 *fill*         0x0000000010007842        0x2 
 .rodata.panic.str1.4
                0x0000000010007844       0x12 CMakeFiles/main.dir/home/michael/northwesternCourses/mech433/pico/pico-sdk/src/rp2_common/pico_runtime/runtime.c.obj
 *fill*         0x0000000010007856        0x2 
 .rodata.hard_assertion_failure.str1.4
                0x0000000010007858        0xc CMakeFiles/main.dir/home/michael/northwesternCourses/mech433/pico/pico-sdk/src/rp2_common/pico_runtime/runtime.c.obj
 .rodata._ftoa.str1.4
                0x0000000010007864       0x15 CMakeFiles/main.dir/home/michael/northwesternCourses/mech433/pico/pico-sdk/src/rp2_common/pico_printf/printf.c.obj
 *fill*         0x0000000010007879        0x3 
 .rodata._vsnprintf
                0x000000001000787c      0x19c CMakeFiles/main.dir/home/michael/northwesternCourses/mech433/pico/pico-sdk/src/rp2_common/pico_printf/printf.c.obj
 .rodata.pow10.0
                0x0000000010007a18       0x50 CMakeFiles/main.dir/home/michael/northwesternCourses/mech433/pico/pico-sdk/src/rp2_common/pico_printf/printf.c.obj
 .rodata.str1.4
                0x0000000010007a68       0x94 CMakeFiles/main.dir/home/michael/northwesternCourses/mech433/pico/pico-sdk/src/rp2_common/pico_standard_link/binary_info.c.obj
 .rodata.__bi_81
                0x0000000010007afc        0xc CMakeFiles/main.dir/home/michael/northwesternCourses/mech433/pico/pico-sdk/src/rp2_common/pico_standard_link/binary_info.c.obj
 .rodata.__bi_75
                0x0000000010007b08        0xc CMakeFiles/main.dir/home/michael/northwesternCourses/mech433/pico/pico-sdk/src/rp2_common/pico_standard_link/binary_info.c.obj
 .rodata.__bi_69
                0x0000000010007b14        0xc CMakeFiles/main.dir/home/michael/northwesternCourses/mech433/pico/pico-sdk/src/rp2_common/pico_standard_link/binary_info.c.obj
 .rodata.__bi_44
                0x0000000010007b20        0xc CMakeFiles/main.dir/home/michael/northwesternCourses/mech433/pico/pico-sdk/src/rp2_common/pico_standard_link/binary_info.c.obj
 .rodata.crlf_str.0
                0x0000000010007b2c        0x2 CMakeFiles/main.dir/home/michael/northwesternCourses/mech433/pico/pico-sdk/src/rp2_common/pico_stdio/stdio.c.obj
 *fill*         0x0000000010007b2e        0x2 
 .rodata._resetd_driver
                0x0000000010007b30       0x18 CMakeFiles/main.dir/home/michael/northwesternCourses/mech433/pico/pico-sdk/src/rp2_common/pico_stdio_usb/reset_interface.c.obj
 .rodata.str1.4
                0x0000000010007b48       0x13 CMakeFiles/main.dir/home/michael/northwesternCourses/mech433/pico/pico-sdk/src/rp2_common/pico_stdio_usb/stdio_usb.c.obj
 *fill*         0x0000000010007b5b        0x1 
 .rodata.__bi_182.0
                0x0000000010007b5c        0xc CMakeFiles/main.dir/home/michael/northwesternCourses/mech433/pico/pico-sdk/src/rp2_common/pico_stdio_usb/stdio_usb.c.obj
 .rodata.str1.4
                0x0000000010007b68       0x2a CMakeFiles/main.dir/home/michael/northwesternCourses/mech433/pico/pico-sdk/src/rp2_common/pico_stdio_usb/stdio_usb_descriptors.c.obj
 *fill*         0x0000000010007b92        0x2 
 .rodata.usbd_desc_str
                0x0000000010007b94       0x18 CMakeFiles/main.dir/home/michael/northwesternCourses/mech433/pico/pico-sdk/src/rp2_common/pico_stdio_usb/stdio_usb_descriptors.c.obj
 .rodata.usbd_desc_cfg
                0x0000000010007bac       0x54 CMakeFiles/main.dir/home/michael/northwesternCourses/mech433/pico/pico-sdk/src/rp2_common/pico_stdio_usb/stdio_usb_descriptors.c.obj
 .rodata.usbd_desc_device
                0x0000000010007c00       0x12 CMakeFiles/main.dir/home/michael/northwesternCourses/mech433/pico/pico-sdk/src/rp2_common/pico_stdio_usb/stdio_usb_descriptors.c.obj
 *fill*         0x0000000010007c12        0x2 
 .rodata.str1.4
                0x0000000010007c14       0x14 CMakeFiles/main.dir/home/michael/northwesternCourses/mech433/pico/pico-sdk/lib/tinyusb/src/portable/raspberrypi/rp2040/dcd_rp2040.c.obj
 .rodata.str1.4
                0x0000000010007c28       0x50 CMakeFiles/main.dir/home/michael/northwesternCourses/mech433/pico/pico-sdk/lib/tinyusb/src/portable/raspberrypi/rp2040/rp2040_usb.c.obj
                                         0x53 (size before relaxing)
 .rodata.tud_task_ext
                0x0000000010007c78       0x8c CMakeFiles/main.dir/home/michael/northwesternCourses/mech433/pico/pico-sdk/lib/tinyusb/src/device/usbd.c.obj
 .rodata._usbd_driver
                0x0000000010007d04       0x18 CMakeFiles/main.dir/home/michael/northwesternCourses/mech433/pico/pico-sdk/lib/tinyusb/src/device/usbd.c.obj
                0x0000000010007d1c                . = ALIGN (0x4)
 *(SORT_BY_ALIGNMENT(SORT_BY_NAME(.flashdata*)))
                0x0000000010007d1c                . = ALIGN (0x4)

.ARM.extab
 *(.ARM.extab* .gnu.linkonce.armextab.*)
                0x0000000010007d1c                __exidx_start = .

.ARM.exidx
 *(.ARM.exidx* .gnu.linkonce.armexidx.*)
                0x0000000010007d1c                __exidx_end = .
                0x0000000010007d1c                . = ALIGN (0x4)
                0x0000000010007d1c                __binary_info_start = .

.binary_info    0x0000000010007d1c       0x24
 *(.binary_info.keep.*)
 .binary_info.keep.__bi_ptr81
                0x0000000010007d1c        0x4 CMakeFiles/main.dir/home/michael/northwesternCourses/mech433/pico/pico-sdk/src/rp2_common/pico_standard_link/binary_info.c.obj
 .binary_info.keep.__bi_ptr75
                0x0000000010007d20        0x4 CMakeFiles/main.dir/home/michael/northwesternCourses/mech433/pico/pico-sdk/src/rp2_common/pico_standard_link/binary_info.c.obj
 .binary_info.keep.__bi_ptr69
                0x0000000010007d24        0x4 CMakeFiles/main.dir/home/michael/northwesternCourses/mech433/pico/pico-sdk/src/rp2_common/pico_standard_link/binary_info.c.obj
 .binary_info.keep.__bi_ptr50
                0x0000000010007d28        0x4 CMakeFiles/main.dir/home/michael/northwesternCourses/mech433/pico/pico-sdk/src/rp2_common/pico_standard_link/binary_info.c.obj
 .binary_info.keep.__bi_ptr44
                0x0000000010007d2c        0x4 CMakeFiles/main.dir/home/michael/northwesternCourses/mech433/pico/pico-sdk/src/rp2_common/pico_standard_link/binary_info.c.obj
 .binary_info.keep.__bi_ptr38
                0x0000000010007d30        0x4 CMakeFiles/main.dir/home/michael/northwesternCourses/mech433/pico/pico-sdk/src/rp2_common/pico_standard_link/binary_info.c.obj
 .binary_info.keep.__bi_ptr30
                0x0000000010007d34        0x4 CMakeFiles/main.dir/home/michael/northwesternCourses/mech433/pico/pico-sdk/src/rp2_common/pico_standard_link/binary_info.c.obj
 .binary_info.keep.__bi_ptr22
                0x0000000010007d38        0x4 CMakeFiles/main.dir/home/michael/northwesternCourses/mech433/pico/pico-sdk/src/rp2_common/pico_standard_link/binary_info.c.obj
 *(.binary_info.*)
 .binary_info.__bi_ptr182
                0x0000000010007d3c        0x4 CMakeFiles/main.dir/home/michael/northwesternCourses/mech433/pico/pico-sdk/src/rp2_common/pico_stdio_usb/stdio_usb.c.obj
                0x0000000010007d40                __binary_info_end = .

.rel.dyn        0x0000000010007d40        0x0
 .rel.iplt      0x0000000010007d40        0x0 /usr/lib/gcc/arm-none-eabi/12.2.1/thumb/v6-m/nofp/crtbegin.o
                0x0000000010007d40                . = ALIGN (0x4)

.ram_vector_table
                0x0000000020000000       0xc0
 *(.ram_vector_table)
 .ram_vector_table
                0x0000000020000000       0xc0 CMakeFiles/main.dir/home/michael/northwesternCourses/mech433/pico/pico-sdk/src/rp2_common/pico_runtime/runtime.c.obj
                0x0000000020000000                ram_vector_table

.data           0x00000000200000c0      0xe28 load address 0x0000000010007d40
                0x00000000200000c0                __data_start__ = .
 *(vtable)
 *(.time_critical*)
 .time_critical.mutex_try_enter
                0x00000000200000c0       0x40 CMakeFiles/main.dir/home/michael/northwesternCourses/mech433/pico/pico-sdk/src/common/pico_sync/mutex.c.obj
                0x00000000200000c0                mutex_try_enter
 .time_critical.mutex_try_enter_block_until
                0x0000000020000100       0x9c CMakeFiles/main.dir/home/michael/northwesternCourses/mech433/pico/pico-sdk/src/common/pico_sync/mutex.c.obj
                0x0000000020000100                mutex_try_enter_block_until
 .time_critical.mutex_enter_timeout_ms
                0x000000002000019c       0x90 CMakeFiles/main.dir/home/michael/northwesternCourses/mech433/pico/pico-sdk/src/common/pico_sync/mutex.c.obj
                0x000000002000019c                mutex_enter_timeout_ms
 .time_critical.mutex_exit
                0x000000002000022c       0x28 CMakeFiles/main.dir/home/michael/northwesternCourses/mech433/pico/pico-sdk/src/common/pico_sync/mutex.c.obj
                0x000000002000022c                mutex_exit
 .time_critical.flash_init_boot2_copyout
                0x0000000020000254       0x30 CMakeFiles/main.dir/home/michael/northwesternCourses/mech433/pico/pico-sdk/src/rp2_common/hardware_flash/flash.c.obj
 .time_critical.flash_enable_xip_via_boot2
                0x0000000020000284        0xc CMakeFiles/main.dir/home/michael/northwesternCourses/mech433/pico/pico-sdk/src/rp2_common/hardware_flash/flash.c.obj
 .time_critical.flash_cs_force
                0x0000000020000290       0x38 CMakeFiles/main.dir/home/michael/northwesternCourses/mech433/pico/pico-sdk/src/rp2_common/hardware_flash/flash.c.obj
 .time_critical.flash_do_cmd
                0x00000000200002c8       0xc0 CMakeFiles/main.dir/home/michael/northwesternCourses/mech433/pico/pico-sdk/src/rp2_common/hardware_flash/flash.c.obj
                0x00000000200002c8                flash_do_cmd
 .time_critical.reset_non_control_endpoints
                0x0000000020000388       0x68 CMakeFiles/main.dir/home/michael/northwesternCourses/mech433/pico/pico-sdk/lib/tinyusb/src/portable/raspberrypi/rp2040/dcd_rp2040.c.obj
 .time_critical.hw_handle_buff_status
                0x00000000200003f0       0xac CMakeFiles/main.dir/home/michael/northwesternCourses/mech433/pico/pico-sdk/lib/tinyusb/src/portable/raspberrypi/rp2040/dcd_rp2040.c.obj
 .time_critical.dcd_rp2040_irq
                0x000000002000049c      0x510 CMakeFiles/main.dir/home/michael/northwesternCourses/mech433/pico/pico-sdk/lib/tinyusb/src/portable/raspberrypi/rp2040/dcd_rp2040.c.obj
 .time_critical.e15_is_bulkin_ep
                0x00000000200009ac       0x28 CMakeFiles/main.dir/home/michael/northwesternCourses/mech433/pico/pico-sdk/lib/tinyusb/src/portable/raspberrypi/rp2040/rp2040_usb.c.obj
 .time_critical.e15_is_critical_frame_period
                0x00000000200009d4       0x34 CMakeFiles/main.dir/home/michael/northwesternCourses/mech433/pico/pico-sdk/lib/tinyusb/src/portable/raspberrypi/rp2040/rp2040_usb.c.obj
 .time_critical.prepare_ep_buffer
                0x0000000020000a08       0x6c CMakeFiles/main.dir/home/michael/northwesternCourses/mech433/pico/pico-sdk/lib/tinyusb/src/portable/raspberrypi/rp2040/rp2040_usb.c.obj
 .time_critical.sync_ep_buffer
                0x0000000020000a74       0x48 CMakeFiles/main.dir/home/michael/northwesternCourses/mech433/pico/pico-sdk/lib/tinyusb/src/portable/raspberrypi/rp2040/rp2040_usb.c.obj
 .time_critical._hw_endpoint_xfer_sync
                0x0000000020000abc       0x28 CMakeFiles/main.dir/home/michael/northwesternCourses/mech433/pico/pico-sdk/lib/tinyusb/src/portable/raspberrypi/rp2040/rp2040_usb.c.obj
 .time_critical.hw_endpoint_reset_transfer
                0x0000000020000ae4        0xc CMakeFiles/main.dir/home/michael/northwesternCourses/mech433/pico/pico-sdk/lib/tinyusb/src/portable/raspberrypi/rp2040/rp2040_usb.c.obj
                0x0000000020000ae4                hw_endpoint_reset_transfer
 .time_critical._hw_endpoint_buffer_control_update32
                0x0000000020000af0       0x58 CMakeFiles/main.dir/home/michael/northwesternCourses/mech433/pico/pico-sdk/lib/tinyusb/src/portable/raspberrypi/rp2040/rp2040_usb.c.obj
                0x0000000020000af0                _hw_endpoint_buffer_control_update32
 .time_critical.hw_endpoint_start_next_buffer
                0x0000000020000b48       0x6c CMakeFiles/main.dir/home/michael/northwesternCourses/mech433/pico/pico-sdk/lib/tinyusb/src/portable/raspberrypi/rp2040/rp2040_usb.c.obj
                0x0000000020000b48                hw_endpoint_start_next_buffer
 .time_critical.hw_endpoint_xfer_continue
                0x0000000020000bb4       0x50 CMakeFiles/main.dir/home/michael/northwesternCourses/mech433/pico/pico-sdk/lib/tinyusb/src/portable/raspberrypi/rp2040/rp2040_usb.c.obj
                0x0000000020000bb4                hw_endpoint_xfer_continue
 .time_critical.tinyusb
                0x0000000020000c04      0x170 CMakeFiles/main.dir/home/michael/northwesternCourses/mech433/pico/pico-sdk/lib/tinyusb/src/device/usbd.c.obj
                0x0000000020000c04                dcd_event_handler
 *(.text*)
 .text          0x0000000020000d74        0x4 /usr/lib/gcc/arm-none-eabi/12.2.1/thumb/v6-m/nofp/libgcc.a(_dvmd_tls.o)
                0x0000000020000d74                __aeabi_ldiv0
                0x0000000020000d74                __aeabi_idiv0
 .text.__stub   0x0000000020000d78       0x70 linker stubs
                0x0000000020000de8                . = ALIGN (0x4)
 *(.rodata*)
                0x0000000020000de8                . = ALIGN (0x4)
 *(.data*)
 .data.SSD1306_ADDRESS
                0x0000000020000de8        0x1 CMakeFiles/main.dir/ssd1306.c.obj
                0x0000000020000de8                SSD1306_ADDRESS
 .data.striped_spin_lock_num
                0x0000000020000de9        0x1 CMakeFiles/main.dir/home/michael/northwesternCourses/mech433/pico/pico-sdk/src/rp2_common/hardware_sync/sync.c.obj
 *fill*         0x0000000020000dea        0x2 
 .data          0x0000000020000dec       0x48 CMakeFiles/main.dir/home/michael/northwesternCourses/mech433/pico/pico-sdk/src/rp2_common/hardware_irq/irq_handler_chain.S.obj
                0x0000000020000dec                irq_handler_chain_slots
                0x0000000020000e1c                irq_handler_chain_first_slot
                0x0000000020000e26                irq_handler_chain_remove_tail
 .data.default_alarm_pool
                0x0000000020000e34       0x18 CMakeFiles/main.dir/home/michael/northwesternCourses/mech433/pico/pico-sdk/src/common/pico_time/time.c.obj
 .data.default_alarm_pool_heap
                0x0000000020000e4c       0x10 CMakeFiles/main.dir/home/michael/northwesternCourses/mech433/pico/pico-sdk/src/common/pico_time/time.c.obj
 *fill*         0x0000000020000e5c        0x4 
 .data.aeabi_bits_funcs
                0x0000000020000e60       0x10 CMakeFiles/main.dir/home/michael/northwesternCourses/mech433/pico/pico-sdk/src/rp2_common/pico_bit_ops/bit_ops_aeabi.S.obj
                0x0000000020000e60                aeabi_bits_funcs
                0x0000000020000e70                aeabi_bits_funcs_end
 .data.aeabi_mem_funcs
                0x0000000020000e70       0x10 CMakeFiles/main.dir/home/michael/northwesternCourses/mech433/pico/pico-sdk/src/rp2_common/pico_mem_ops/mem_ops_aeabi.S.obj
                0x0000000020000e70                aeabi_mem_funcs
                0x0000000020000e80                aeabi_mem_funcs_end
 .data.stdio_usb
                0x0000000020000e80       0x18 CMakeFiles/main.dir/home/michael/northwesternCourses/mech433/pico/pico-sdk/src/rp2_common/pico_stdio_usb/stdio_usb.c.obj
                0x0000000020000e80                stdio_usb
 .data.ep_dir_string
                0x0000000020000e98        0x8 CMakeFiles/main.dir/home/michael/northwesternCourses/mech433/pico/pico-sdk/lib/tinyusb/src/portable/raspberrypi/rp2040/rp2040_usb.c.obj
                0x0000000020000e98                ep_dir_string
 .data._usbd_qdef
                0x0000000020000ea0       0x1c CMakeFiles/main.dir/home/michael/northwesternCourses/mech433/pico/pico-sdk/lib/tinyusb/src/device/usbd.c.obj
                0x0000000020000ea0                _usbd_qdef
 .data._usbd_rhport
                0x0000000020000ebc        0x1 CMakeFiles/main.dir/home/michael/northwesternCourses/mech433/pico/pico-sdk/lib/tinyusb/src/device/usbd.c.obj
 *fill*         0x0000000020000ebd        0x3 
 .data.i2c0_inst
                0x0000000020000ec0        0x8 CMakeFiles/main.dir/home/michael/northwesternCourses/mech433/pico/pico-sdk/src/rp2_common/hardware_i2c/i2c.c.obj
                0x0000000020000ec0                i2c0_inst
                0x0000000020000ec8                . = ALIGN (0x4)
 *(.after_data.*)
                0x0000000020000ec8                . = ALIGN (0x4)
                0x0000000020000ec8                PROVIDE (__mutex_array_start = .)
 *(SORT_BY_NAME(.mutex_array.*))
 *(.mutex_array)
 .mutex_array   0x0000000020000ec8        0x8 CMakeFiles/main.dir/home/michael/northwesternCourses/mech433/pico/pico-sdk/src/rp2_common/pico_stdio/stdio.c.obj
                0x0000000020000ed0                PROVIDE (__mutex_array_end = .)
                0x0000000020000ed0                . = ALIGN (0x4)
                0x0000000020000ed0                PROVIDE (__preinit_array_start = .)
 *(SORT_BY_NAME(.preinit_array.*))
 .preinit_array.00001
                0x0000000020000ed0        0x4 CMakeFiles/main.dir/home/michael/northwesternCourses/mech433/pico/pico-sdk/src/rp2_common/pico_mem_ops/mem_ops_aeabi.S.obj
 .preinit_array.00010
                0x0000000020000ed4        0x4 CMakeFiles/main.dir/home/michael/northwesternCourses/mech433/pico/pico-sdk/src/rp2_common/pico_bit_ops/bit_ops_aeabi.S.obj
 .preinit_array.00020
                0x0000000020000ed8        0x4 CMakeFiles/main.dir/home/michael/northwesternCourses/mech433/pico/pico-sdk/src/rp2_common/pico_double/double_aeabi.S.obj
 .preinit_array.00020
                0x0000000020000edc        0x4 CMakeFiles/main.dir/home/michael/northwesternCourses/mech433/pico/pico-sdk/src/rp2_common/pico_float/float_aeabi.S.obj
 *(.preinit_array)
                0x0000000020000ee0                PROVIDE (__preinit_array_end = .)
                0x0000000020000ee0                . = ALIGN (0x4)
                0x0000000020000ee0                PROVIDE (__init_array_start = .)
 *(SORT_BY_NAME(.init_array.*))
 *(.init_array)
 .init_array    0x0000000020000ee0        0x4 /usr/lib/gcc/arm-none-eabi/12.2.1/thumb/v6-m/nofp/crtbegin.o
 .init_array    0x0000000020000ee4        0x4 CMakeFiles/main.dir/home/michael/northwesternCourses/mech433/pico/pico-sdk/src/rp2_common/pico_unique_id/unique_id.c.obj
                0x0000000020000ee8                PROVIDE (__init_array_end = .)
                0x0000000020000ee8                . = ALIGN (0x4)
                0x0000000020000ee8                PROVIDE (__fini_array_start = .)
 *(SORT_BY_NAME(.fini_array.*))
 *(.fini_array)
                0x0000000020000ee8                PROVIDE (__fini_array_end = .)
 *(.jcr)
                0x0000000020000ee8                . = ALIGN (0x4)
                0x0000000020000ee8                __data_end__ = .
                0x0000000010007d40                __etext = LOADADDR (.data)

.tm_clone_table
                0x0000000020000ee8        0x0 load address 0x0000000010008b68
 .tm_clone_table
                0x0000000020000ee8        0x0 /usr/lib/gcc/arm-none-eabi/12.2.1/thumb/v6-m/nofp/crtbegin.o
 .tm_clone_table
                0x0000000020000ee8        0x0 /usr/lib/gcc/arm-none-eabi/12.2.1/thumb/v6-m/nofp/crtend.o

.igot.plt       0x0000000020000ee8        0x0 load address 0x0000000010008b68
 .igot.plt      0x0000000020000ee8        0x0 /usr/lib/gcc/arm-none-eabi/12.2.1/thumb/v6-m/nofp/crtbegin.o

.uninitialized_data
                0x0000000020000ee8        0x0 load address 0x0000000010008b68
                0x0000000020000ee8                . = ALIGN (0x4)
 *(.uninitialized_data*)

.scratch_x      0x0000000020040000        0x0 load address 0x0000000010008b68
                0x0000000020040000                __scratch_x_start__ = .
 *(.scratch_x.*)
                0x0000000020040000                . = ALIGN (0x4)
                0x0000000020040000                __scratch_x_end__ = .
                0x0000000010008b68                __scratch_x_source__ = LOADADDR (.scratch_x)

.scratch_y      0x0000000020041000        0x0 load address 0x0000000010008b68
                0x0000000020041000                __scratch_y_start__ = .
 *(.scratch_y.*)
                0x0000000020041000                . = ALIGN (0x4)
                0x0000000020041000                __scratch_y_end__ = .
                0x0000000010008b68                __scratch_y_source__ = LOADADDR (.scratch_y)

.bss            0x0000000020000ee8      0xffc
                0x0000000020000ee8                . = ALIGN (0x4)
                0x0000000020000ee8                __bss_start__ = .
 *(SORT_BY_ALIGNMENT(SORT_BY_NAME(.bss*)))
 .bss.configured_freq
                0x0000000020000ee8       0x28 CMakeFiles/main.dir/home/michael/northwesternCourses/mech433/pico/pico-sdk/src/rp2_common/hardware_clocks/clocks.c.obj
 .bss.default_alarm_pool_entries
                0x0000000020000f10      0x100 CMakeFiles/main.dir/home/michael/northwesternCourses/mech433/pico/pico-sdk/src/common/pico_time/time.c.obj
 .bss.last_avail_time.1
                0x0000000020001010        0x8 CMakeFiles/main.dir/home/michael/northwesternCourses/mech433/pico/pico-sdk/src/rp2_common/pico_stdio_usb/stdio_usb.c.obj
 .bss.sd_table  0x0000000020001018      0x100 CMakeFiles/main.dir/home/michael/northwesternCourses/mech433/pico/pico-sdk/src/rp2_common/pico_double/double_init_rom.c.obj
                0x0000000020001018                sd_table
 .bss.sf_table  0x0000000020001118      0x100 CMakeFiles/main.dir/home/michael/northwesternCourses/mech433/pico/pico-sdk/src/rp2_common/pico_float/float_init_rom.c.obj
                0x0000000020001118                sf_table
 .bss           0x0000000020001218       0x1c /usr/lib/gcc/arm-none-eabi/12.2.1/thumb/v6-m/nofp/crtbegin.o
 .bss._app_driver
                0x0000000020001234        0x4 CMakeFiles/main.dir/home/michael/northwesternCourses/mech433/pico/pico-sdk/lib/tinyusb/src/device/usbd.c.obj
 .bss._cdcd_itf
                0x0000000020001238      0x2c8 CMakeFiles/main.dir/home/michael/northwesternCourses/mech433/pico/pico-sdk/lib/tinyusb/src/class/cdc/cdc_device.c.obj
 .bss._ctrl_xfer
                0x0000000020001500       0x14 CMakeFiles/main.dir/home/michael/northwesternCourses/mech433/pico/pico-sdk/lib/tinyusb/src/device/usbd_control.c.obj
 .bss._ubsd_mutexdef
                0x0000000020001514        0x8 CMakeFiles/main.dir/home/michael/northwesternCourses/mech433/pico/pico-sdk/lib/tinyusb/src/device/usbd.c.obj
 .bss._usbd_ctrl_buf
                0x000000002000151c       0x40 CMakeFiles/main.dir/home/michael/northwesternCourses/mech433/pico/pico-sdk/lib/tinyusb/src/device/usbd_control.c.obj
 .bss._usbd_dev
                0x000000002000155c       0x53 CMakeFiles/main.dir/home/michael/northwesternCourses/mech433/pico/pico-sdk/lib/tinyusb/src/device/usbd.c.obj
 *fill*         0x00000000200015af        0x1 
 .bss._usbd_mutex
                0x00000000200015b0        0x4 CMakeFiles/main.dir/home/michael/northwesternCourses/mech433/pico/pico-sdk/lib/tinyusb/src/device/usbd.c.obj
 .bss._usbd_q   0x00000000200015b4        0x4 CMakeFiles/main.dir/home/michael/northwesternCourses/mech433/pico/pico-sdk/lib/tinyusb/src/device/usbd.c.obj
 .bss._usbd_qdef_buf
                0x00000000200015b8       0xc0 CMakeFiles/main.dir/home/michael/northwesternCourses/mech433/pico/pico-sdk/lib/tinyusb/src/device/usbd.c.obj
                0x00000000200015b8                _usbd_qdef_buf
 .bss.alarm_callbacks
                0x0000000020001678       0x10 CMakeFiles/main.dir/home/michael/northwesternCourses/mech433/pico/pico-sdk/src/rp2_common/hardware_timer/timer.c.obj
 .bss.boot2_copyout
                0x0000000020001688      0x100 CMakeFiles/main.dir/home/michael/northwesternCourses/mech433/pico/pico-sdk/src/rp2_common/hardware_flash/flash.c.obj
 .bss.chars_available_callback
                0x0000000020001788        0x4 CMakeFiles/main.dir/home/michael/northwesternCourses/mech433/pico/pico-sdk/src/rp2_common/pico_stdio_usb/stdio_usb.c.obj
 .bss.chars_available_param
                0x000000002000178c        0x4 CMakeFiles/main.dir/home/michael/northwesternCourses/mech433/pico/pico-sdk/src/rp2_common/pico_stdio_usb/stdio_usb.c.obj
 .bss.chars_rxed
                0x0000000020001790        0x4 CMakeFiles/main.dir/main.c.obj
 .bss.claimed   0x0000000020001794        0x4 CMakeFiles/main.dir/home/michael/northwesternCourses/mech433/pico/pico-sdk/src/rp2_common/hardware_sync/sync.c.obj
 .bss.count     0x0000000020001798        0x4 CMakeFiles/main.dir/main.c.obj
 .bss.default_alarm_pool_entry_ids_high
                0x000000002000179c       0x10 CMakeFiles/main.dir/home/michael/northwesternCourses/mech433/pico/pico-sdk/src/common/pico_time/time.c.obj
 .bss.default_alarm_pool_heap_nodes
                0x00000000200017ac       0x30 CMakeFiles/main.dir/home/michael/northwesternCourses/mech433/pico/pico-sdk/src/common/pico_time/time.c.obj
 .bss.desc_str.0
                0x00000000200017dc       0x28 CMakeFiles/main.dir/home/michael/northwesternCourses/mech433/pico/pico-sdk/src/rp2_common/pico_stdio_usb/stdio_usb_descriptors.c.obj
 .bss.drivers   0x0000000020001804        0x4 CMakeFiles/main.dir/home/michael/northwesternCourses/mech433/pico/pico-sdk/src/rp2_common/pico_stdio/stdio.c.obj
 .bss.e15_last_sof
                0x0000000020001808        0x4 CMakeFiles/main.dir/home/michael/northwesternCourses/mech433/pico/pico-sdk/lib/tinyusb/src/portable/raspberrypi/rp2040/rp2040_usb.c.obj
                0x0000000020001808                e15_last_sof
 .bss.filter    0x000000002000180c        0x4 CMakeFiles/main.dir/home/michael/northwesternCourses/mech433/pico/pico-sdk/src/rp2_common/pico_stdio/stdio.c.obj
 .bss.hw_endpoints
                0x0000000020001810      0x400 CMakeFiles/main.dir/home/michael/northwesternCourses/mech433/pico/pico-sdk/lib/tinyusb/src/portable/raspberrypi/rp2040/dcd_rp2040.c.obj
 .bss.lazy_vsnprintf
                0x0000000020001c10        0x4 CMakeFiles/main.dir/home/michael/northwesternCourses/mech433/pico/pico-sdk/src/rp2_common/pico_printf/printf.c.obj
 .bss.load_value
                0x0000000020001c14        0x4 CMakeFiles/main.dir/home/michael/northwesternCourses/mech433/pico/pico-sdk/src/rp2_common/hardware_watchdog/watchdog.c.obj
 .bss.next_buffer_ptr
                0x0000000020001c18        0x4 CMakeFiles/main.dir/home/michael/northwesternCourses/mech433/pico/pico-sdk/lib/tinyusb/src/portable/raspberrypi/rp2040/dcd_rp2040.c.obj
 .bss.one_shot_timer_crit_sec
                0x0000000020001c1c        0x8 CMakeFiles/main.dir/home/michael/northwesternCourses/mech433/pico/pico-sdk/src/rp2_common/pico_stdio_usb/stdio_usb.c.obj
 .bss.pools     0x0000000020001c24       0x10 CMakeFiles/main.dir/home/michael/northwesternCourses/mech433/pico/pico-sdk/src/common/pico_time/time.c.obj
 .bss.retrieved_id
                0x0000000020001c34        0x8 CMakeFiles/main.dir/home/michael/northwesternCourses/mech433/pico/pico-sdk/src/rp2_common/pico_unique_id/unique_id.c.obj
 .bss.sf_clz_func
                0x0000000020001c3c        0x4 CMakeFiles/main.dir/home/michael/northwesternCourses/mech433/pico/pico-sdk/src/rp2_common/pico_double/double_init_rom.c.obj
                0x0000000020001c3c                sf_clz_func
 .bss.sleep_notifier
                0x0000000020001c40        0x4 CMakeFiles/main.dir/home/michael/northwesternCourses/mech433/pico/pico-sdk/src/common/pico_time/time.c.obj
 .bss.ssd1306_buffer
                0x0000000020001c44      0x201 CMakeFiles/main.dir/ssd1306.c.obj
                0x0000000020001c44                ssd1306_buffer
 *fill*         0x0000000020001e45        0x3 
 .bss.stdio_usb_mutex
                0x0000000020001e48        0x8 CMakeFiles/main.dir/home/michael/northwesternCourses/mech433/pico/pico-sdk/src/rp2_common/pico_stdio_usb/stdio_usb.c.obj
 .bss.target_hi
                0x0000000020001e50       0x10 CMakeFiles/main.dir/home/michael/northwesternCourses/mech433/pico/pico-sdk/src/rp2_common/hardware_timer/timer.c.obj
 .bss.uart_char_to_line_feed
                0x0000000020001e60        0x4 CMakeFiles/main.dir/home/michael/northwesternCourses/mech433/pico/pico-sdk/src/rp2_common/hardware_uart/uart.c.obj
                0x0000000020001e60                uart_char_to_line_feed
 .bss.uart_message
                0x0000000020001e64       0x64 CMakeFiles/main.dir/main.c.obj
                0x0000000020001e64                uart_message
 .bss.usbd_serial_str
                0x0000000020001ec8       0x11 CMakeFiles/main.dir/home/michael/northwesternCourses/mech433/pico/pico-sdk/src/rp2_common/pico_stdio_usb/stdio_usb_descriptors.c.obj
 .bss._app_driver_count
                0x0000000020001ed9        0x1 CMakeFiles/main.dir/home/michael/northwesternCourses/mech433/pico/pico-sdk/lib/tinyusb/src/device/usbd.c.obj
 .bss._sof_enable
                0x0000000020001eda        0x1 CMakeFiles/main.dir/home/michael/northwesternCourses/mech433/pico/pico-sdk/lib/tinyusb/src/portable/raspberrypi/rp2040/dcd_rp2040.c.obj
 .bss.boot2_copyout_valid
                0x0000000020001edb        0x1 CMakeFiles/main.dir/home/michael/northwesternCourses/mech433/pico/pico-sdk/src/rp2_common/hardware_flash/flash.c.obj
 .bss.claimed   0x0000000020001edc        0x1 CMakeFiles/main.dir/home/michael/northwesternCourses/mech433/pico/pico-sdk/src/rp2_common/hardware_timer/timer.c.obj
 .bss.irq_hander_chain_free_slot_head
                0x0000000020001edd        0x1 CMakeFiles/main.dir/home/michael/northwesternCourses/mech433/pico/pico-sdk/src/rp2_common/hardware_irq/irq.c.obj
 .bss.itf_num   0x0000000020001ede        0x1 CMakeFiles/main.dir/home/michael/northwesternCourses/mech433/pico/pico-sdk/src/rp2_common/pico_stdio_usb/reset_interface.c.obj
 .bss.low_priority_irq_num
                0x0000000020001edf        0x1 CMakeFiles/main.dir/home/michael/northwesternCourses/mech433/pico/pico-sdk/src/rp2_common/pico_stdio_usb/stdio_usb.c.obj
 .bss.one_shot_timer_pending
                0x0000000020001ee0        0x1 CMakeFiles/main.dir/home/michael/northwesternCourses/mech433/pico/pico-sdk/src/rp2_common/pico_stdio_usb/stdio_usb.c.obj
 .bss.timer_callbacks_pending
                0x0000000020001ee1        0x1 CMakeFiles/main.dir/home/michael/northwesternCourses/mech433/pico/pico-sdk/src/rp2_common/hardware_timer/timer.c.obj
 .bss.user_irq_claimed
                0x0000000020001ee2        0x1 CMakeFiles/main.dir/home/michael/northwesternCourses/mech433/pico/pico-sdk/src/rp2_common/hardware_irq/irq.c.obj
 *(COMMON)
                0x0000000020001ee4                . = ALIGN (0x4)
 *fill*         0x0000000020001ee3        0x1 
                0x0000000020001ee4                __bss_end__ = .

.heap           0x0000000020001ee4      0x800
                0x0000000020001ee4                __end__ = .
                0x0000000020001ee4                end = __end__
 *(.heap*)
 .heap          0x0000000020001ee4      0x800 CMakeFiles/main.dir/home/michael/northwesternCourses/mech433/pico/pico-sdk/src/rp2_common/pico_standard_link/crt0.S.obj
                0x00000000200026e4                __HeapLimit = .

.stack1_dummy
 *(.stack1*)

.stack_dummy    0x0000000020041000      0x800
 *(.stack*)
 .stack         0x0000000020041000      0x800 CMakeFiles/main.dir/home/michael/northwesternCourses/mech433/pico/pico-sdk/src/rp2_common/pico_standard_link/crt0.S.obj

.flash_end      0x0000000010008b68        0x0
                0x0000000010008b68                PROVIDE (__flash_binary_end = .)
                0x0000000020040000                __StackLimit = (ORIGIN (RAM) + LENGTH (RAM))
                0x0000000020041000                __StackOneTop = (ORIGIN (SCRATCH_X) + LENGTH (SCRATCH_X))
                0x0000000020042000                __StackTop = (ORIGIN (SCRATCH_Y) + LENGTH (SCRATCH_Y))
                0x0000000020041000                __StackOneBottom = (__StackOneTop - SIZEOF (.stack1_dummy))
                0x0000000020041800                __StackBottom = (__StackTop - SIZEOF (.stack_dummy))
                0x0000000020042000                PROVIDE (__stack = __StackTop)
                0x0000000000000001                ASSERT ((__StackLimit >= __HeapLimit), region RAM overflowed)
                0x0000000000000001                ASSERT (((__binary_info_header_end - __logical_binary_start) <= 0x100), Binary info must be in first 256 bytes of the binary)
LOAD CMakeFiles/main.dir/main.c.obj
LOAD CMakeFiles/main.dir/ssd1306.c.obj
LOAD CMakeFiles/main.dir/home/michael/northwesternCourses/mech433/pico/pico-sdk/src/rp2_common/pico_stdlib/stdlib.c.obj
LOAD CMakeFiles/main.dir/home/michael/northwesternCourses/mech433/pico/pico-sdk/src/rp2_common/hardware_gpio/gpio.c.obj
LOAD CMakeFiles/main.dir/home/michael/northwesternCourses/mech433/pico/pico-sdk/src/rp2_common/pico_platform/platform.c.obj
LOAD CMakeFiles/main.dir/home/michael/northwesternCourses/mech433/pico/pico-sdk/src/rp2_common/hardware_claim/claim.c.obj
LOAD CMakeFiles/main.dir/home/michael/northwesternCourses/mech433/pico/pico-sdk/src/rp2_common/hardware_sync/sync.c.obj
LOAD CMakeFiles/main.dir/home/michael/northwesternCourses/mech433/pico/pico-sdk/src/rp2_common/hardware_irq/irq.c.obj
LOAD CMakeFiles/main.dir/home/michael/northwesternCourses/mech433/pico/pico-sdk/src/rp2_common/hardware_irq/irq_handler_chain.S.obj
LOAD CMakeFiles/main.dir/home/michael/northwesternCourses/mech433/pico/pico-sdk/src/common/pico_sync/sem.c.obj
LOAD CMakeFiles/main.dir/home/michael/northwesternCourses/mech433/pico/pico-sdk/src/common/pico_sync/lock_core.c.obj
LOAD CMakeFiles/main.dir/home/michael/northwesternCourses/mech433/pico/pico-sdk/src/common/pico_sync/mutex.c.obj
LOAD CMakeFiles/main.dir/home/michael/northwesternCourses/mech433/pico/pico-sdk/src/common/pico_sync/critical_section.c.obj
LOAD CMakeFiles/main.dir/home/michael/northwesternCourses/mech433/pico/pico-sdk/src/common/pico_time/time.c.obj
LOAD CMakeFiles/main.dir/home/michael/northwesternCourses/mech433/pico/pico-sdk/src/common/pico_time/timeout_helper.c.obj
LOAD CMakeFiles/main.dir/home/michael/northwesternCourses/mech433/pico/pico-sdk/src/rp2_common/hardware_timer/timer.c.obj
LOAD CMakeFiles/main.dir/home/michael/northwesternCourses/mech433/pico/pico-sdk/src/common/pico_util/datetime.c.obj
LOAD CMakeFiles/main.dir/home/michael/northwesternCourses/mech433/pico/pico-sdk/src/common/pico_util/pheap.c.obj
LOAD CMakeFiles/main.dir/home/michael/northwesternCourses/mech433/pico/pico-sdk/src/common/pico_util/queue.c.obj
LOAD CMakeFiles/main.dir/home/michael/northwesternCourses/mech433/pico/pico-sdk/src/rp2_common/hardware_uart/uart.c.obj
LOAD CMakeFiles/main.dir/home/michael/northwesternCourses/mech433/pico/pico-sdk/src/rp2_common/hardware_clocks/clocks.c.obj